
running 1 test
test gpu_driven_scaling_benchmark ... # ---- gpu_driven_scaling TOML fragment (issue #501 / #520) ----
# matrix-free backend/dtype for this run: ndarray / f64
# configs: 1=Direct(faer LU, CPU f64)  2=Iterative(assembled COCG+Jacobi, CPU f64)  3=IterativeMatrixFree(ndarray f64)
# single-ω = 0.2; sweep ω = [0.05, 0.075, 0.1, 0.15, 0.2]
# iter tol: f64 configs = 1e-8, matrix-free (f64) = 1e-8; iter max = 20000
# knobs: sizes = [15], reps = 0, configs = [direct=true, iterative=true, matrix_free=false], skip_e2e = true, skip_sweep = true
# config 5=Iterative(assembled COCG+AMS, CPU f64, tol 1e-8); opt-in (issue #930)
# split_setup = true: every cell carries warmup_setup_s / warmup_krylov_s

[[cell]]
size_n = 15
n_edges = 25695
n_interior = 24285
config = "1_direct"
method = "faer_lu"
device = "cpu"
dtype = "f64"
tol = nan
converged = true
flaky = false
reps = 0
solve_reps_ok = 0
e2e_reps_ok = 0
warmup_solve_s = 1.634504
warmup_setup_s = 1.585846
warmup_krylov_s = 0.048436
solve_only_s = nan
end_to_end_s = nan
iterations = 0
residual_rel = 4.835e-13
accuracy_rel_l2_vs_direct = 0.000e0
port_v = [6.640359509e-1, 1.537281226e-2]  # Re, Im of port-1 voltage (v_inc = 1)
sweep5_skipped = true

[[cell]]
size_n = 15
n_edges = 25695
n_interior = 24285
config = "2_iterative_csr"
method = "cocg_jacobi"
device = "cpu"
dtype = "f64"
tol = 1e-8
converged = true
flaky = false
reps = 0
solve_reps_ok = 0
e2e_reps_ok = 0
warmup_solve_s = 0.952644
warmup_setup_s = 0.003982
warmup_krylov_s = 0.948660
solve_only_s = nan
end_to_end_s = nan
iterations = 2494
residual_rel = 9.604e-9
accuracy_rel_l2_vs_direct = 3.890e-8
port_v = [6.640359509e-1, 1.537281215e-2]  # Re, Im of port-1 voltage (v_inc = 1)
sweep5_skipped = true

[[cell]]
size_n = 15
n_edges = 25695
n_interior = 24285
config = "5_iterative_ams"
method = "cocg_ams"
device = "cpu"
dtype = "f64"
tol = 1e-8
converged = true
flaky = false
reps = 0
solve_reps_ok = 0
e2e_reps_ok = 0
warmup_solve_s = 0.417986
warmup_setup_s = 0.095144
warmup_krylov_s = 0.322798
solve_only_s = nan
end_to_end_s = nan
iterations = 40
residual_rel = 7.417e-9
accuracy_rel_l2_vs_direct = 1.744e-10
port_v = [6.640359509e-1, 1.537281226e-2]  # Re, Im of port-1 voltage (v_inc = 1)
sweep5_skipped = true

# ---- end fragment ----
ok

test result: ok. 1 passed; 0 failed; 0 ignored; 0 measured; 0 filtered out; finished in 3.30s

