
running 1 test
test gpu_driven_scaling_benchmark ... # ---- gpu_driven_scaling TOML fragment (issue #501 / #520) ----
# matrix-free backend/dtype for this run: ndarray / f64
# configs: 1=Direct(faer LU, CPU f64)  2=Iterative(assembled COCG+Jacobi, CPU f64)  3=IterativeMatrixFree(ndarray f64)
# single-ω = 0.1; sweep ω = [0.05, 0.075, 0.1, 0.15, 0.2]
# iter tol: f64 configs = 1e-8, matrix-free (f64) = 1e-8; iter max = 20000
# knobs: sizes = [6, 9, 12, 15], reps = 0, configs = [direct=true, iterative=true, matrix_free=false], skip_e2e = true, skip_sweep = true
# config 5=Iterative(assembled COCG+AMS, CPU f64, tol 1e-8); opt-in (issue #930)

[[cell]]
size_n = 6
n_edges = 1854
n_interior = 1506
config = "1_direct"
method = "faer_lu"
device = "cpu"
dtype = "f64"
tol = nan
converged = true
flaky = false
reps = 0
solve_reps_ok = 0
e2e_reps_ok = 0
warmup_solve_s = 0.089026
solve_only_s = nan
end_to_end_s = nan
iterations = 0
residual_rel = 2.267e-14
accuracy_rel_l2_vs_direct = 0.000e0
port_v = [1.343490316e-2, 1.143630116e-1]  # Re, Im of port-1 voltage (v_inc = 1)
sweep5_skipped = true

[[cell]]
size_n = 6
n_edges = 1854
n_interior = 1506
config = "2_iterative_csr"
method = "cocg_jacobi"
device = "cpu"
dtype = "f64"
tol = 1e-8
converged = true
flaky = false
reps = 0
solve_reps_ok = 0
e2e_reps_ok = 0
warmup_solve_s = 0.018039
solve_only_s = nan
end_to_end_s = nan
iterations = 700
residual_rel = 9.124e-9
accuracy_rel_l2_vs_direct = 7.414e-8
port_v = [1.343490294e-2, 1.143630114e-1]  # Re, Im of port-1 voltage (v_inc = 1)
sweep5_skipped = true

[[cell]]
size_n = 6
n_edges = 1854
n_interior = 1506
config = "5_iterative_ams"
method = "cocg_ams"
device = "cpu"
dtype = "f64"
tol = 1e-8
converged = true
flaky = false
reps = 0
solve_reps_ok = 0
e2e_reps_ok = 0
warmup_solve_s = 0.028282
warmup_setup_s = 0.002361
warmup_krylov_s = 0.025913
solve_only_s = nan
end_to_end_s = nan
iterations = 58
residual_rel = 7.452e-9
accuracy_rel_l2_vs_direct = 3.715e-9
port_v = [1.343490316e-2, 1.143630116e-1]  # Re, Im of port-1 voltage (v_inc = 1)
sweep5_skipped = true

[[cell]]
size_n = 9
n_edges = 5859
n_interior = 5094
config = "1_direct"
method = "faer_lu"
device = "cpu"
dtype = "f64"
tol = nan
converged = true
flaky = false
reps = 0
solve_reps_ok = 0
e2e_reps_ok = 0
warmup_solve_s = 0.577357
solve_only_s = nan
end_to_end_s = nan
iterations = 0
residual_rel = 4.391e-14
accuracy_rel_l2_vs_direct = 0.000e0
port_v = [1.351160511e-2, 1.153900867e-1]  # Re, Im of port-1 voltage (v_inc = 1)
sweep5_skipped = true

[[cell]]
size_n = 9
n_edges = 5859
n_interior = 5094
config = "2_iterative_csr"
method = "cocg_jacobi"
device = "cpu"
dtype = "f64"
tol = 1e-8
converged = true
flaky = false
reps = 0
solve_reps_ok = 0
e2e_reps_ok = 0
warmup_solve_s = 0.115124
solve_only_s = nan
end_to_end_s = nan
iterations = 1299
residual_rel = 8.588e-9
accuracy_rel_l2_vs_direct = 7.680e-8
port_v = [1.351160509e-2, 1.153900867e-1]  # Re, Im of port-1 voltage (v_inc = 1)
sweep5_skipped = true

[[cell]]
size_n = 9
n_edges = 5859
n_interior = 5094
config = "5_iterative_ams"
method = "cocg_ams"
device = "cpu"
dtype = "f64"
tol = 1e-8
converged = true
flaky = false
reps = 0
solve_reps_ok = 0
e2e_reps_ok = 0
warmup_solve_s = 0.441193
warmup_setup_s = 0.118980
warmup_krylov_s = 0.322193
solve_only_s = nan
end_to_end_s = nan
iterations = 123
residual_rel = 9.883e-9
accuracy_rel_l2_vs_direct = 2.001e-9
port_v = [1.351160511e-2, 1.153900867e-1]  # Re, Im of port-1 voltage (v_inc = 1)
sweep5_skipped = true

[[cell]]
size_n = 12
n_edges = 13428
n_interior = 12084
config = "1_direct"
method = "faer_lu"
device = "cpu"
dtype = "f64"
tol = nan
converged = true
flaky = false
reps = 0
solve_reps_ok = 0
e2e_reps_ok = 0
warmup_solve_s = 2.082820
solve_only_s = nan
end_to_end_s = nan
iterations = 0
residual_rel = 7.196e-14
accuracy_rel_l2_vs_direct = 0.000e0
port_v = [1.353895215e-2, 1.157883049e-1]  # Re, Im of port-1 voltage (v_inc = 1)
sweep5_skipped = true

[[cell]]
size_n = 12
n_edges = 13428
n_interior = 12084
config = "2_iterative_csr"
method = "cocg_jacobi"
device = "cpu"
dtype = "f64"
tol = 1e-8
converged = true
flaky = false
reps = 0
solve_reps_ok = 0
e2e_reps_ok = 0
warmup_solve_s = 0.373744
solve_only_s = nan
end_to_end_s = nan
iterations = 1890
residual_rel = 9.449e-9
accuracy_rel_l2_vs_direct = 1.370e-7
port_v = [1.353895215e-2, 1.157883049e-1]  # Re, Im of port-1 voltage (v_inc = 1)
sweep5_skipped = true

[[cell]]
size_n = 12
n_edges = 13428
n_interior = 12084
config = "5_iterative_ams"
method = "cocg_ams"
device = "cpu"
dtype = "f64"
tol = 1e-8
converged = true
flaky = false
reps = 0
solve_reps_ok = 0
e2e_reps_ok = 0
warmup_solve_s = 1.975909
warmup_setup_s = 0.058311
warmup_krylov_s = 1.917569
solve_only_s = nan
end_to_end_s = nan
iterations = 273
residual_rel = 5.408e-9
accuracy_rel_l2_vs_direct = 7.850e-11
port_v = [1.353895215e-2, 1.157883049e-1]  # Re, Im of port-1 voltage (v_inc = 1)
sweep5_skipped = true

[[cell]]
size_n = 15
n_edges = 25695
n_interior = 23610
config = "1_direct"
method = "faer_lu"
device = "cpu"
dtype = "f64"
tol = nan
converged = true
flaky = false
reps = 0
solve_reps_ok = 0
e2e_reps_ok = 0
warmup_solve_s = 8.726921
solve_only_s = nan
end_to_end_s = nan
iterations = 0
residual_rel = 1.092e-13
accuracy_rel_l2_vs_direct = 0.000e0
port_v = [1.355173705e-2, 1.159856106e-1]  # Re, Im of port-1 voltage (v_inc = 1)
sweep5_skipped = true

[[cell]]
size_n = 15
n_edges = 25695
n_interior = 23610
config = "2_iterative_csr"
method = "cocg_jacobi"
device = "cpu"
dtype = "f64"
tol = 1e-8
converged = true
flaky = false
reps = 0
solve_reps_ok = 0
e2e_reps_ok = 0
warmup_solve_s = 2.096894
solve_only_s = nan
end_to_end_s = nan
iterations = 2546
residual_rel = 8.804e-9
accuracy_rel_l2_vs_direct = 1.539e-7
port_v = [1.355173705e-2, 1.159856106e-1]  # Re, Im of port-1 voltage (v_inc = 1)
sweep5_skipped = true

[[cell]]
size_n = 15
n_edges = 25695
n_interior = 23610
config = "5_iterative_ams"
method = "cocg_ams"
device = "cpu"
dtype = "f64"
tol = 1e-8
converged = true
flaky = false
reps = 0
solve_reps_ok = 0
e2e_reps_ok = 0
warmup_solve_s = 10.258999
warmup_setup_s = 0.424847
warmup_krylov_s = 9.834105
solve_only_s = nan
end_to_end_s = nan
iterations = 467
residual_rel = 7.132e-9
accuracy_rel_l2_vs_direct = 4.244e-10
port_v = [1.355173705e-2, 1.159856106e-1]  # Re, Im of port-1 voltage (v_inc = 1)
sweep5_skipped = true

# ---- end fragment ----
ok

test result: ok. 1 passed; 0 failed; 0 ignored; 0 measured; 0 filtered out; finished in 27.80s

