
running 1 test
test gpu_driven_scaling_benchmark ... # ---- gpu_driven_scaling TOML fragment (issue #501 / #520) ----
# matrix-free backend/dtype for this run: ndarray / f64
# configs: 1=Direct(faer LU, CPU f64)  2=Iterative(assembled COCG+Jacobi, CPU f64)  3=IterativeMatrixFree(ndarray f64)
# single-ω = 0.1; sweep ω = [0.05, 0.075, 0.1, 0.15, 0.2]
# iter tol: f64 configs = 1e-8, matrix-free (f64) = 1e-8; iter max = 20000
# knobs: sizes = [6, 9, 12, 15], reps = 0, configs = [direct=true, iterative=true, matrix_free=false], skip_e2e = true, skip_sweep = true
# config 5=Iterative(assembled COCG+AMS, CPU f64, tol 1e-8); opt-in (issue #930)

[[cell]]
size_n = 6
n_edges = 1854
n_interior = 1854
config = "1_direct"
method = "faer_lu"
device = "cpu"
dtype = "f64"
tol = nan
converged = true
flaky = false
reps = 0
solve_reps_ok = 0
e2e_reps_ok = 0
warmup_solve_s = 0.170257
solve_only_s = nan
end_to_end_s = nan
iterations = 0
residual_rel = 2.101e-13
accuracy_rel_l2_vs_direct = 0.000e0
port_v = [1.266076975e0, -1.884510810e-2]  # Re, Im of port-1 voltage (v_inc = 1)
sweep5_skipped = true

[[cell]]
size_n = 6
n_edges = 1854
n_interior = 1854
config = "2_iterative_csr"
method = "cocg_jacobi"
device = "cpu"
dtype = "f64"
tol = 1e-8
converged = true
flaky = false
reps = 0
solve_reps_ok = 0
e2e_reps_ok = 0
warmup_solve_s = 0.052426
solve_only_s = nan
end_to_end_s = nan
iterations = 847
residual_rel = 8.816e-9
accuracy_rel_l2_vs_direct = 1.809e-8
port_v = [1.266076975e0, -1.884510810e-2]  # Re, Im of port-1 voltage (v_inc = 1)
sweep5_skipped = true

[[cell]]
size_n = 6
n_edges = 1854
n_interior = 1854
config = "5_iterative_ams"
method = "cocg_ams"
device = "cpu"
dtype = "f64"
tol = 1e-8
converged = true
flaky = false
reps = 0
solve_reps_ok = 0
e2e_reps_ok = 0
warmup_solve_s = 0.085641
warmup_setup_s = 0.008957
warmup_krylov_s = 0.076676
solve_only_s = nan
end_to_end_s = nan
iterations = 57
residual_rel = 6.614e-9
accuracy_rel_l2_vs_direct = 3.257e-11
port_v = [1.266076975e0, -1.884510810e-2]  # Re, Im of port-1 voltage (v_inc = 1)
sweep5_skipped = true

[[cell]]
size_n = 9
n_edges = 5859
n_interior = 5859
config = "1_direct"
method = "faer_lu"
device = "cpu"
dtype = "f64"
tol = nan
converged = true
flaky = false
reps = 0
solve_reps_ok = 0
e2e_reps_ok = 0
warmup_solve_s = 0.934543
solve_only_s = nan
end_to_end_s = nan
iterations = 0
residual_rel = 3.303e-13
accuracy_rel_l2_vs_direct = 0.000e0
port_v = [1.292799853e0, -1.826712174e-2]  # Re, Im of port-1 voltage (v_inc = 1)
sweep5_skipped = true

[[cell]]
size_n = 9
n_edges = 5859
n_interior = 5859
config = "2_iterative_csr"
method = "cocg_jacobi"
device = "cpu"
dtype = "f64"
tol = 1e-8
converged = true
flaky = false
reps = 0
solve_reps_ok = 0
e2e_reps_ok = 0
warmup_solve_s = 0.338923
solve_only_s = nan
end_to_end_s = nan
iterations = 1469
residual_rel = 8.077e-9
accuracy_rel_l2_vs_direct = 1.367e-8
port_v = [1.292799853e0, -1.826712174e-2]  # Re, Im of port-1 voltage (v_inc = 1)
sweep5_skipped = true

[[cell]]
size_n = 9
n_edges = 5859
n_interior = 5859
config = "5_iterative_ams"
method = "cocg_ams"
device = "cpu"
dtype = "f64"
tol = 1e-8
converged = true
flaky = false
reps = 0
solve_reps_ok = 0
e2e_reps_ok = 0
warmup_solve_s = 1.375104
warmup_setup_s = 0.073644
warmup_krylov_s = 1.301432
solve_only_s = nan
end_to_end_s = nan
iterations = 151
residual_rel = 6.335e-9
accuracy_rel_l2_vs_direct = 9.123e-11
port_v = [1.292799853e0, -1.826712174e-2]  # Re, Im of port-1 voltage (v_inc = 1)
sweep5_skipped = true

[[cell]]
size_n = 12
n_edges = 13428
n_interior = 13428
config = "1_direct"
method = "faer_lu"
device = "cpu"
dtype = "f64"
tol = nan
converged = true
flaky = false
reps = 0
solve_reps_ok = 0
e2e_reps_ok = 0
warmup_solve_s = 3.381948
solve_only_s = nan
end_to_end_s = nan
iterations = 0
residual_rel = 5.435e-13
accuracy_rel_l2_vs_direct = 0.000e0
port_v = [1.304387873e0, -1.796971567e-2]  # Re, Im of port-1 voltage (v_inc = 1)
sweep5_skipped = true

[[cell]]
size_n = 12
n_edges = 13428
n_interior = 13428
config = "2_iterative_csr"
method = "cocg_jacobi"
device = "cpu"
dtype = "f64"
tol = 1e-8
converged = true
flaky = false
reps = 0
solve_reps_ok = 0
e2e_reps_ok = 0
warmup_solve_s = 1.647091
solve_only_s = nan
end_to_end_s = nan
iterations = 2182
residual_rel = 9.263e-9
accuracy_rel_l2_vs_direct = 1.088e-8
port_v = [1.304387873e0, -1.796971567e-2]  # Re, Im of port-1 voltage (v_inc = 1)
sweep5_skipped = true

[[cell]]
size_n = 12
n_edges = 13428
n_interior = 13428
config = "5_iterative_ams"
method = "cocg_ams"
device = "cpu"
dtype = "f64"
tol = 1e-8
converged = true
flaky = false
reps = 0
solve_reps_ok = 0
e2e_reps_ok = 0
warmup_solve_s = 6.360655
warmup_setup_s = 0.165932
warmup_krylov_s = 6.194692
solve_only_s = nan
end_to_end_s = nan
iterations = 275
residual_rel = 8.544e-9
accuracy_rel_l2_vs_direct = 7.807e-11
port_v = [1.304387873e0, -1.796971568e-2]  # Re, Im of port-1 voltage (v_inc = 1)
sweep5_skipped = true

[[cell]]
size_n = 15
n_edges = 25695
n_interior = 25695
config = "1_direct"
method = "faer_lu"
device = "cpu"
dtype = "f64"
tol = nan
converged = true
flaky = false
reps = 0
solve_reps_ok = 0
e2e_reps_ok = 0
warmup_solve_s = 7.884448
solve_only_s = nan
end_to_end_s = nan
iterations = 0
residual_rel = 8.262e-13
accuracy_rel_l2_vs_direct = 0.000e0
port_v = [1.310531288e0, -1.779690468e-2]  # Re, Im of port-1 voltage (v_inc = 1)
sweep5_skipped = true

[[cell]]
size_n = 15
n_edges = 25695
n_interior = 25695
config = "2_iterative_csr"
method = "cocg_jacobi"
device = "cpu"
dtype = "f64"
tol = 1e-8
converged = true
flaky = false
reps = 0
solve_reps_ok = 0
e2e_reps_ok = 0
warmup_solve_s = 4.459393
solve_only_s = nan
end_to_end_s = nan
iterations = 2919
residual_rel = 8.888e-9
accuracy_rel_l2_vs_direct = 1.025e-8
port_v = [1.310531288e0, -1.779690465e-2]  # Re, Im of port-1 voltage (v_inc = 1)
sweep5_skipped = true

[[cell]]
size_n = 15
n_edges = 25695
n_interior = 25695
config = "5_iterative_ams"
method = "cocg_ams"
device = "cpu"
dtype = "f64"
tol = 1e-8
converged = true
flaky = false
reps = 0
solve_reps_ok = 0
e2e_reps_ok = 0
warmup_solve_s = 8.579785
warmup_setup_s = 0.306936
warmup_krylov_s = 8.272791
solve_only_s = nan
end_to_end_s = nan
iterations = 444
residual_rel = 9.188e-9
accuracy_rel_l2_vs_direct = 6.741e-12
port_v = [1.310531288e0, -1.779690468e-2]  # Re, Im of port-1 voltage (v_inc = 1)
sweep5_skipped = true

# ---- end fragment ----
ok

test result: ok. 1 passed; 0 failed; 0 ignored; 0 measured; 0 filtered out; finished in 37.58s

