
running 1 test
test gpu_driven_scaling_benchmark ... # ---- gpu_driven_scaling TOML fragment (issue #501 / #520) ----
# matrix-free backend/dtype for this run: ndarray / f64
# configs: 1=Direct(faer LU, CPU f64)  2=Iterative(assembled COCG+Jacobi, CPU f64)  3=IterativeMatrixFree(ndarray f64)
# single-ω = 0.1; sweep ω = [0.05, 0.075, 0.1, 0.15, 0.2]
# iter tol: f64 configs = 1e-8, matrix-free (f64) = 1e-8; iter max = 20000
# knobs: sizes = [6, 9, 12, 15], reps = 0, configs = [direct=false, iterative=false, matrix_free=false], skip_e2e = true, skip_sweep = true
# config 5=Iterative(assembled COCG+AMS, CPU f64, tol 1e-8); opt-in (issue #930)

[[cell]]
size_n = 6
n_edges = 1854
n_interior = 1614
config = "5_iterative_ams"
method = "cocg_ams"
device = "cpu"
dtype = "f64"
tol = 1e-8
converged = true
flaky = false
reps = 0
solve_reps_ok = 0
e2e_reps_ok = 0
warmup_solve_s = 0.043743
warmup_setup_s = 0.003805
warmup_krylov_s = 0.039931
solve_only_s = nan
end_to_end_s = nan
iterations = 70
residual_rel = 9.819e-9
accuracy_rel_l2_vs_direct = nan
port_v = [6.660077370e-1, 7.349708963e-3]  # Re, Im of port-1 voltage (v_inc = 1)
sweep5_skipped = true

[[cell]]
size_n = 9
n_edges = 5859
n_interior = 5337
config = "5_iterative_ams"
method = "cocg_ams"
device = "cpu"
dtype = "f64"
tol = 1e-8
converged = true
flaky = false
reps = 0
solve_reps_ok = 0
e2e_reps_ok = 0
warmup_solve_s = 0.448703
warmup_setup_s = 0.016074
warmup_krylov_s = 0.432602
solve_only_s = nan
end_to_end_s = nan
iterations = 142
residual_rel = 8.924e-9
accuracy_rel_l2_vs_direct = nan
port_v = [6.660010062e-1, 7.423417002e-3]  # Re, Im of port-1 voltage (v_inc = 1)
sweep5_skipped = true

[[cell]]
size_n = 12
n_edges = 13428
n_interior = 12516
config = "5_iterative_ams"
method = "cocg_ams"
device = "cpu"
dtype = "f64"
tol = 1e-8
converged = true
flaky = false
reps = 0
solve_reps_ok = 0
e2e_reps_ok = 0
warmup_solve_s = 2.899143
warmup_setup_s = 0.044148
warmup_krylov_s = 2.854953
solve_only_s = nan
end_to_end_s = nan
iterations = 317
residual_rel = 2.033e-9
accuracy_rel_l2_vs_direct = nan
port_v = [6.659986380e-1, 7.449350473e-3]  # Re, Im of port-1 voltage (v_inc = 1)
sweep5_skipped = true

[[cell]]
size_n = 15
n_edges = 25695
n_interior = 24285
config = "5_iterative_ams"
method = "cocg_ams"
device = "cpu"
dtype = "f64"
tol = 1e-8
converged = true
flaky = false
reps = 0
solve_reps_ok = 0
e2e_reps_ok = 0
warmup_solve_s = 15.083135
warmup_setup_s = 0.336981
warmup_krylov_s = 14.746103
solve_only_s = nan
end_to_end_s = nan
iterations = 571
residual_rel = 9.594e-9
accuracy_rel_l2_vs_direct = nan
port_v = [6.659975395e-1, 7.461380550e-3]  # Re, Im of port-1 voltage (v_inc = 1)
sweep5_skipped = true

# ---- end fragment ----
ok

test result: ok. 1 passed; 0 failed; 0 ignored; 0 measured; 0 filtered out; finished in 19.41s

