
running 1 test
test gpu_driven_scaling_benchmark ... # ---- gpu_driven_scaling TOML fragment (issue #501 / #520) ----
# matrix-free backend/dtype for this run: ndarray / f64
# configs: 1=Direct(faer LU, CPU f64)  2=Iterative(assembled COCG+Jacobi, CPU f64)  3=IterativeMatrixFree(ndarray f64)
# single-ω = 0.1; sweep ω = [0.05, 0.075, 0.1, 0.15, 0.2]
# iter tol: f64 configs = 1e-8, matrix-free (f64) = 1e-8; iter max = 20000
# knobs: sizes = [6, 9, 12, 15], reps = 0, configs = [direct=false, iterative=false, matrix_free=false], skip_e2e = true, skip_sweep = true
# config 5=Iterative(assembled COCG+AMS, CPU f64, tol 1e-8); opt-in (issue #930)

[[cell]]
size_n = 6
n_edges = 1854
n_interior = 1614
config = "5_iterative_ams"
method = "cocg_ams"
device = "cpu"
dtype = "f64"
tol = 1e-8
converged = true
flaky = false
reps = 0
solve_reps_ok = 0
e2e_reps_ok = 0
warmup_solve_s = 0.023324
warmup_setup_s = 0.008869
warmup_krylov_s = 0.014441
solve_only_s = nan
end_to_end_s = nan
iterations = 68
residual_rel = 4.771e-9
accuracy_rel_l2_vs_direct = nan
port_v = [6.660077370e-1, 7.349708964e-3]  # Re, Im of port-1 voltage (v_inc = 1)
sweep5_skipped = true

[[cell]]
size_n = 9
n_edges = 5859
n_interior = 5337
config = "5_iterative_ams"
method = "cocg_ams"
device = "cpu"
dtype = "f64"
tol = 1e-8
converged = true
flaky = false
reps = 0
solve_reps_ok = 0
e2e_reps_ok = 0
warmup_solve_s = 0.634853
warmup_setup_s = 0.099830
warmup_krylov_s = 0.534968
solve_only_s = nan
end_to_end_s = nan
iterations = 124
residual_rel = 2.791e-9
accuracy_rel_l2_vs_direct = nan
port_v = [6.660010062e-1, 7.423417008e-3]  # Re, Im of port-1 voltage (v_inc = 1)
sweep5_skipped = true

[[cell]]
size_n = 12
n_edges = 13428
n_interior = 12516
config = "5_iterative_ams"
method = "cocg_ams"
device = "cpu"
dtype = "f64"
tol = 1e-8
converged = true
flaky = false
reps = 0
solve_reps_ok = 0
e2e_reps_ok = 0
warmup_solve_s = 6.907115
warmup_setup_s = 0.598910
warmup_krylov_s = 6.308118
solve_only_s = nan
end_to_end_s = nan
iterations = 190
residual_rel = 8.990e-9
accuracy_rel_l2_vs_direct = nan
port_v = [6.659986380e-1, 7.449350474e-3]  # Re, Im of port-1 voltage (v_inc = 1)
sweep5_skipped = true

[[cell]]
size_n = 15
n_edges = 25695
n_interior = 24285
config = "5_iterative_ams"
method = "cocg_ams"
device = "cpu"
dtype = "f64"
tol = 1e-8
converged = true
flaky = false
reps = 0
solve_reps_ok = 0
e2e_reps_ok = 0
warmup_solve_s = 30.938993
warmup_setup_s = 1.420120
warmup_krylov_s = 29.518619
solve_only_s = nan
end_to_end_s = nan
iterations = 349
residual_rel = 6.526e-9
accuracy_rel_l2_vs_direct = nan
port_v = [6.659975395e-1, 7.461380561e-3]  # Re, Im of port-1 voltage (v_inc = 1)
sweep5_skipped = true

# ---- end fragment ----
ok

test result: ok. 1 passed; 0 failed; 0 ignored; 0 measured; 0 filtered out; finished in 39.25s

