
running 1 test
test gpu_driven_scaling_benchmark ... # ---- gpu_driven_scaling TOML fragment (issue #501 / #520) ----
# matrix-free backend/dtype for this run: ndarray / f64
# configs: 1=Direct(faer LU, CPU f64)  2=Iterative(assembled COCG+Jacobi, CPU f64)  3=IterativeMatrixFree(ndarray f64)
# single-ω = 0.1; sweep ω = [0.05, 0.075, 0.1, 0.15, 0.2]
# iter tol: f64 configs = 1e-8, matrix-free (f64) = 1e-8; iter max = 20000
# knobs: sizes = [6, 9, 12, 15, 20, 24], reps = 0, configs = [direct=false, iterative=false, matrix_free=false], skip_e2e = true, skip_sweep = true
# config 5=Iterative(assembled COCG+AMS, CPU f64, tol 1e-8); opt-in (issue #930)
# split_setup = true: every cell carries warmup_setup_s / warmup_krylov_s

[[cell]]
size_n = 6
n_edges = 1854
n_interior = 1614
config = "5_iterative_ams"
method = "cocg_ams"
device = "cpu"
dtype = "f64"
tol = 1e-8
converged = true
flaky = false
reps = 0
solve_reps_ok = 0
e2e_reps_ok = 0
warmup_solve_s = 0.037311
warmup_setup_s = 0.002720
warmup_krylov_s = 0.034584
solve_only_s = nan
end_to_end_s = nan
iterations = 38
residual_rel = 9.908e-9
accuracy_rel_l2_vs_direct = nan
port_v = [6.660077370e-1, 7.349708964e-3]  # Re, Im of port-1 voltage (v_inc = 1)
sweep5_skipped = true

[[cell]]
size_n = 9
n_edges = 5859
n_interior = 5337
config = "5_iterative_ams"
method = "cocg_ams"
device = "cpu"
dtype = "f64"
tol = 1e-8
converged = true
flaky = false
reps = 0
solve_reps_ok = 0
e2e_reps_ok = 0
warmup_solve_s = 0.196120
warmup_setup_s = 0.009735
warmup_krylov_s = 0.186365
solve_only_s = nan
end_to_end_s = nan
iterations = 39
residual_rel = 3.204e-9
accuracy_rel_l2_vs_direct = nan
port_v = [6.660010062e-1, 7.423417007e-3]  # Re, Im of port-1 voltage (v_inc = 1)
sweep5_skipped = true

[[cell]]
size_n = 12
n_edges = 13428
n_interior = 12516
config = "5_iterative_ams"
method = "cocg_ams"
device = "cpu"
dtype = "f64"
tol = 1e-8
converged = true
flaky = false
reps = 0
solve_reps_ok = 0
e2e_reps_ok = 0
warmup_solve_s = 0.637123
warmup_setup_s = 0.091356
warmup_krylov_s = 0.545735
solve_only_s = nan
end_to_end_s = nan
iterations = 41
residual_rel = 5.843e-9
accuracy_rel_l2_vs_direct = nan
port_v = [6.659986380e-1, 7.449350474e-3]  # Re, Im of port-1 voltage (v_inc = 1)
sweep5_skipped = true

[[cell]]
size_n = 15
n_edges = 25695
n_interior = 24285
config = "5_iterative_ams"
method = "cocg_ams"
device = "cpu"
dtype = "f64"
tol = 1e-8
converged = true
flaky = false
reps = 0
solve_reps_ok = 0
e2e_reps_ok = 0
warmup_solve_s = 0.610056
warmup_setup_s = 0.091848
warmup_krylov_s = 0.518157
solve_only_s = nan
end_to_end_s = nan
iterations = 43
residual_rel = 4.836e-9
accuracy_rel_l2_vs_direct = nan
port_v = [6.659975395e-1, 7.461380550e-3]  # Re, Im of port-1 voltage (v_inc = 1)
sweep5_skipped = true

[[cell]]
size_n = 20
n_edges = 59660
n_interior = 57180
config = "5_iterative_ams"
method = "cocg_ams"
device = "cpu"
dtype = "f64"
tol = 1e-8
converged = true
flaky = false
reps = 0
solve_reps_ok = 0
e2e_reps_ok = 0
warmup_solve_s = 1.422275
warmup_setup_s = 0.233423
warmup_krylov_s = 1.188746
solve_only_s = nan
end_to_end_s = nan
iterations = 50
residual_rel = 5.150e-9
accuracy_rel_l2_vs_direct = nan
port_v = [6.659966841e-1, 7.470749827e-3]  # Re, Im of port-1 voltage (v_inc = 1)
sweep5_skipped = true

[[cell]]
size_n = 24
n_edges = 102024
n_interior = 98472
config = "5_iterative_ams"
method = "cocg_ams"
device = "cpu"
dtype = "f64"
tol = 1e-8
converged = true
flaky = false
reps = 0
solve_reps_ok = 0
e2e_reps_ok = 0
warmup_solve_s = 2.998823
warmup_setup_s = 0.556080
warmup_krylov_s = 2.442566
solve_only_s = nan
end_to_end_s = nan
iterations = 56
residual_rel = 8.755e-9
accuracy_rel_l2_vs_direct = nan
port_v = [6.659963478e-1, 7.474433796e-3]  # Re, Im of port-1 voltage (v_inc = 1)
sweep5_skipped = true

# ---- end fragment ----
ok

test result: ok. 1 passed; 0 failed; 0 ignored; 0 measured; 0 filtered out; finished in 9.04s

