>> /usr/lib64/mpich/bin/mpirun -n 1 /opt/palace/bin/palace-x86_64.bin /work/cfg_palace_gpu_np1_nosave_run2.json

_____________     _______
_____   __   \____ __   /____ ____________
____   /_/  /  __ ` /  /  __ ` /  ___/  _ \
___   _____/  /_/  /  /  /_/  /  /__/  ___/
  /__/     \___,__/__/\___,__/\_____\_____/

Git changeset ID: v0.17.0-99-gfba6a5b9d
Running with 1 MPI process, 1 OpenMP thread
Detected 1 CUDA device
Device configuration: cuda,omp,cpu
Memory configuration: host-umpire,cuda-umpire
Use GPU-aware MPI:    no
libCEED backend: /gpu/cuda/magma

Added 4913 elements in 2 iterations of local bisection for under-resolved interior boundaries
Added 6014 duplicate vertices for interior boundaries in the mesh
Added 15098 duplicate boundary elements for interior boundaries in the mesh
Added 5986 boundary elements for material interfaces to the mesh

Characteristic length and time scales:
 Lc = 4.000e-03 m, tc = 1.334e-02 ns
Finished partitioning mesh into 1 subdomain

Mesh curvature order: 1
Mesh bounding box:
 (Xmin, Ymin, Zmin) = (-2.000e-03, -7.070e-04, -1.000e-03) m
 (Xmax, Ymax, Zmax) = (+2.000e-03, +2.993e-03, +1.000e-03) m

Parallel Mesh Stats:

                minimum     average     maximum       total
 vertices         29705       29705       29705       29705
 edges           183891      183891      183891      183891
 faces           292418      292418      292418      292418
 elements        138227      138227      138227      138227
 neighbors            0           0           0

            minimum     maximum
 h      0.000238104    0.128545
 kappa      1.00669     16.9909

Estimated current per-rank memory usage is: Min. 644.0M, Max. 644.0M, Avg. 644.0M, Total 644.0M
Estimated current per-node memory usage is: Min. 644.0M, Max. 644.0M, Avg. 644.0M, Total 644.0M

Configuring Robin impedance BC for lumped ports at attributes:
 4: Ls = 1.486e-08 H/sq, Cs = 5.500e-15 F/sq, n = (+0.0,+0.0,+1.0)

Configuring lumped port circuit properties:
 Index = 1: L = 1.486e-08 H, C = 5.500e-15 F

Configuring Dirichlet PEC BC at attributes:
 3, 5

Assembling system matrices, number of global unknowns:
 H1 (p = 1): 29705, ND (p = 1): 183891, RT (p = 1): 292418
 Operator assembly level: Partial
 Mesh geometries:
  Tetrahedron: P = 6, Q = 4 (quadrature order = 2)

Configuring SLEPc eigenvalue solver:
 Scaling γ = 1.067e+05, δ = 1.708e-05
 Configuring divergence-free projection
 Using random starting vector
 Shift-and-invert σ = 4.500e+00 GHz (3.773e-01)

Assembling multigrid hierarchy:
 Level 0 (p = 1): 183891 unknowns
 Level 0 (auxiliary) (p = 1): 29705 unknowns

#PETSc Option Table entries:
-device_select_cuda 0 # (source: code)
-eps_monitor # (source: code)
-use_gpu_aware_mpi 0 # (source: code)
#End of PETSc Option Table entries

  Residual norms for GMRES solve
  0 (restart 0) KSP residual norm 1.662088e+00
  1 (restart 0) KSP residual norm 8.526694e-09
  2 (restart 0) KSP residual norm 3.023187e-16
GMRES solver converged in 2 iterations (avg. reduction factor: 1.349e-08)
  Residual norms for GMRES solve
  0 (restart 0) KSP residual norm 3.350977e+01
  1 (restart 0) KSP residual norm 1.723712e-07
  2 (restart 0) KSP residual norm 7.482525e-15
GMRES solver converged in 2 iterations (avg. reduction factor: 1.494e-08)
  Residual norms for GMRES solve
  0 (restart 0) KSP residual norm 3.905363e+01
  1 (restart 0) KSP residual norm 1.083886e-07
  2 (restart 0) KSP residual norm 6.162301e-15
GMRES solver converged in 2 iterations (avg. reduction factor: 1.256e-08)
  Residual norms for GMRES solve
  0 (restart 0) KSP residual norm 1.325094e+01
  1 (restart 0) KSP residual norm 2.877476e-08
  2 (restart 0) KSP residual norm 4.287474e-15
GMRES solver converged in 2 iterations (avg. reduction factor: 1.799e-08)
  Residual norms for GMRES solve
  0 (restart 0) KSP residual norm 3.769772e+00
  1 (restart 0) KSP residual norm 5.212977e-09
  2 (restart 0) KSP residual norm 6.491676e-16
GMRES solver converged in 2 iterations (avg. reduction factor: 1.312e-08)
  Residual norms for GMRES solve
  0 (restart 0) KSP residual norm 9.636608e-01
  1 (restart 0) KSP residual norm 7.370107e-10
GMRES solver converged in 1 iteration (avg. reduction factor: 7.648e-10)
  Residual norms for GMRES solve
  0 (restart 0) KSP residual norm 9.815206e-01
  1 (restart 0) KSP residual norm 1.810323e-09
  2 (restart 0) KSP residual norm 1.921786e-16
GMRES solver converged in 2 iterations (avg. reduction factor: 1.399e-08)
  Residual norms for GMRES solve
  0 (restart 0) KSP residual norm 9.031995e-01
  1 (restart 0) KSP residual norm 4.169755e-09
  2 (restart 0) KSP residual norm 2.081691e-16
GMRES solver converged in 2 iterations (avg. reduction factor: 1.518e-08)
  Residual norms for GMRES solve
  0 (restart 0) KSP residual norm 1.569565e+00
  1 (restart 0) KSP residual norm 2.553345e-09
  2 (restart 0) KSP residual norm 1.776441e-16
GMRES solver converged in 2 iterations (avg. reduction factor: 1.064e-08)
  Residual norms for GMRES solve
  0 (restart 0) KSP residual norm 1.557367e+00
  1 (restart 0) KSP residual norm 3.350614e-09
  2 (restart 0) KSP residual norm 4.492436e-16
GMRES solver converged in 2 iterations (avg. reduction factor: 1.698e-08)
  Residual norms for GMRES solve
  0 (restart 0) KSP residual norm 8.480788e-01
  1 (restart 0) KSP residual norm 3.325396e-09
  2 (restart 0) KSP residual norm 2.449161e-16
GMRES solver converged in 2 iterations (avg. reduction factor: 1.699e-08)
  Residual norms for GMRES solve
  0 (restart 0) KSP residual norm 7.907164e-01
  1 (restart 0) KSP residual norm 3.123002e-09
  2 (restart 0) KSP residual norm 1.385388e-16
GMRES solver converged in 2 iterations (avg. reduction factor: 1.324e-08)
  Residual norms for GMRES solve
  0 (restart 0) KSP residual norm 1.616063e+00
  1 (restart 0) KSP residual norm 4.021617e-09
  2 (restart 0) KSP residual norm 2.014381e-16
GMRES solver converged in 2 iterations (avg. reduction factor: 1.116e-08)
  Residual norms for GMRES solve
  0 (restart 0) KSP residual norm 1.215670e+00
  1 (restart 0) KSP residual norm 7.469651e-09
  2 (restart 0) KSP residual norm 2.815610e-16
GMRES solver converged in 2 iterations (avg. reduction factor: 1.522e-08)
  Residual norms for GMRES solve
  0 (restart 0) KSP residual norm 2.105666e+00
  1 (restart 0) KSP residual norm 4.752570e-09
  2 (restart 0) KSP residual norm 2.661187e-16
GMRES solver converged in 2 iterations (avg. reduction factor: 1.124e-08)
  Residual norms for GMRES solve
  0 (restart 0) KSP residual norm 6.049770e-01
  1 (restart 0) KSP residual norm 2.499712e-09
  2 (restart 0) KSP residual norm 9.629183e-17
GMRES solver converged in 2 iterations (avg. reduction factor: 1.262e-08)
  Residual norms for GMRES solve
  0 (restart 0) KSP residual norm 4.724305e-01
  1 (restart 0) KSP residual norm 1.305450e-09
  2 (restart 0) KSP residual norm 9.306668e-17
GMRES solver converged in 2 iterations (avg. reduction factor: 1.404e-08)
  Residual norms for GMRES solve
  0 (restart 0) KSP residual norm 2.897722e-01
  1 (restart 0) KSP residual norm 4.946062e-10
  2 (restart 0) KSP residual norm 1.500666e-17
GMRES solver converged in 2 iterations (avg. reduction factor: 7.196e-09)
  Residual norms for GMRES solve
  0 (restart 0) KSP residual norm 2.241179e+00
  1 (restart 0) KSP residual norm 3.515170e-09
  2 (restart 0) KSP residual norm 3.026077e-16
GMRES solver converged in 2 iterations (avg. reduction factor: 1.162e-08)
  Residual norms for GMRES solve
  0 (restart 0) KSP residual norm 1.092058e+00
  1 (restart 0) KSP residual norm 2.240367e-09
  2 (restart 0) KSP residual norm 2.105913e-16
GMRES solver converged in 2 iterations (avg. reduction factor: 1.389e-08)
  Residual norms for GMRES solve
  0 (restart 0) KSP residual norm 5.651072e-01
  1 (restart 0) KSP residual norm 1.136074e-09
  2 (restart 0) KSP residual norm 2.601160e-16
GMRES solver converged in 2 iterations (avg. reduction factor: 2.145e-08)
  1 EPS nconv=5 first unconverged value (error) 4.48165e-05+1.604e-15i (3.03282693e-08)
  Residual norms for GMRES solve
  0 (restart 0) KSP residual norm 6.442304e-01
  1 (restart 0) KSP residual norm 1.798775e-09
  2 (restart 0) KSP residual norm 9.836218e-17
GMRES solver converged in 2 iterations (avg. reduction factor: 1.236e-08)
  Residual norms for GMRES solve
  0 (restart 0) KSP residual norm 2.555913e+01
  1 (restart 0) KSP residual norm 1.525914e-07
  2 (restart 0) KSP residual norm 5.399932e-15
GMRES solver converged in 2 iterations (avg. reduction factor: 1.454e-08)
  Residual norms for GMRES solve
  0 (restart 0) KSP residual norm 2.133141e+01
  1 (restart 0) KSP residual norm 1.205774e-07
  2 (restart 0) KSP residual norm 5.771887e-15
GMRES solver converged in 2 iterations (avg. reduction factor: 1.645e-08)
  Residual norms for GMRES solve
  0 (restart 0) KSP residual norm 5.174666e+00
  1 (restart 0) KSP residual norm 2.021186e-08
  2 (restart 0) KSP residual norm 9.785289e-16
GMRES solver converged in 2 iterations (avg. reduction factor: 1.375e-08)
  Residual norms for GMRES solve
  0 (restart 0) KSP residual norm 4.454000e-01
  1 (restart 0) KSP residual norm 1.146332e-09
  2 (restart 0) KSP residual norm 7.542485e-17
GMRES solver converged in 2 iterations (avg. reduction factor: 1.301e-08)
  Residual norms for GMRES solve
  0 (restart 0) KSP residual norm 1.115640e+00
  1 (restart 0) KSP residual norm 4.036892e-09
  2 (restart 0) KSP residual norm 3.516703e-16
GMRES solver converged in 2 iterations (avg. reduction factor: 1.775e-08)
  Residual norms for GMRES solve
  0 (restart 0) KSP residual norm 1.139261e+00
  1 (restart 0) KSP residual norm 1.985071e-09
  2 (restart 0) KSP residual norm 3.174993e-16
GMRES solver converged in 2 iterations (avg. reduction factor: 1.669e-08)
  Residual norms for GMRES solve
  0 (restart 0) KSP residual norm 5.838810e-01
  1 (restart 0) KSP residual norm 9.261416e-10
  2 (restart 0) KSP residual norm 1.839773e-16
GMRES solver converged in 2 iterations (avg. reduction factor: 1.775e-08)
  2 EPS nconv=6 first unconverged value (error) 7.34303e-05-5.59295e-14i (1.61606216e-07)

 Linear eigensolve converged (6 eigenpairs) due to CONVERGED_TOL; iterations 2
 Total number of linear systems solved: 29
 Total number of linear solver iterations: 57
 Found 6 converged eigenvalues (first = 1.865e-01-4.290e-18i)

Computing solution error estimates and performing postprocessing

     m,        Re{f} (GHz),        Im{f} (GHz),                  Q,      Error (Bkwd.),       Error (Abs.)
     1,      +5.151336e+00,      -5.924250e-17,      +4.347669e+16,      +1.382381e-17,      +1.618602e-12
     2,      +1.546052e+01,      +1.389741e-12,      +5.562374e+12,      +3.389119e-17,      +3.968307e-12
     3,      +1.749011e+01,      -5.292510e-15,      +1.652345e+15,      +6.166328e-16,      +7.220162e-11
     4,      +1.869166e+01,      +3.030690e-14,      +3.083730e+14,      +7.803942e-15,      +9.137674e-10
     5,      +2.069756e+01,      +8.152126e-12,      +1.269458e+12,      +3.957252e-13,      +4.633589e-08
     6,      +2.608090e+01,      +1.207433e-13,      +1.080015e+14,      +2.108261e-15,      +2.468626e-10

Completed 0 iterations of adaptive mesh refinement (AMR):
 Indicator norm = 7.697e-01, global unknowns = 183891
 Max. iterations = 0, tol. = 1.000e-02

Estimated peak per-rank memory usage is: Min. 2.1G, Max. 2.1G, Avg. 2.1G, Total 2.1G
Estimated peak per-node memory usage is: Min. 2.1G, Max. 2.1G, Avg. 2.1G, Total 2.1G

Elapsed Time Report (s)           Min.        Max.        Avg.
==============================================================
Initialization                   7.459       7.459       7.459
  Mesh Preprocessing            28.177      28.177      28.177
Operator Construction            5.423       5.423       5.423
Linear Solve                     0.048       0.048       0.048
  Setup                          1.788       1.788       1.788
  Preconditioner                23.797      23.797      23.797
Eigenvalue Solve                 0.042       0.042       0.042
Div.-Free Projection             1.965       1.965       1.965
Estimation                       0.592       0.592       0.592
  Construction                   0.566       0.566       0.566
  Solve                          0.346       0.346       0.346
Postprocessing                   0.404       0.404       0.404
Disk IO                          1.074       1.074       1.074
--------------------------------------------------------------
Total                           71.729      71.729      71.729

Peak Memory                   Per-Node       Total   Total HWM
==============================================================
Initialization                  122.5M      122.5M      122.5M
  Mesh Preprocessing            195.2M      195.2M      317.8M
Operator Construction           157.5M      157.5M      475.3M
Linear Solve                      0.0K        0.0K      475.3M
  Setup                         111.3M      111.3M      586.5M
  Preconditioner                  1.2G        1.2G        1.7G
Eigenvalue Solve                  0.0K        0.0K        1.7G
Div.-Free Projection             85.1M       85.1M        1.8G
Estimation                        0.0K        0.0K        1.8G
  Construction                    2.1M        2.1M        1.8G
  Solve                           0.0K        0.0K        1.8G
Postprocessing                    0.0K        0.0K        1.8G
Disk IO                         126.7M      126.7M        1.9G
--------------------------------------------------------------
Total                             1.9G        1.9G        1.9G

