>> /usr/lib64/mpich/bin/mpirun -n 1 /opt/palace/bin/palace-x86_64.bin /work/cfg_palace_gpu_np1_nosave_run3.json

_____________     _______
_____   __   \____ __   /____ ____________
____   /_/  /  __ ` /  /  __ ` /  ___/  _ \
___   _____/  /_/  /  /  /_/  /  /__/  ___/
  /__/     \___,__/__/\___,__/\_____\_____/

Git changeset ID: v0.17.0-99-gfba6a5b9d
Running with 1 MPI process, 1 OpenMP thread
Detected 1 CUDA device
Device configuration: cuda,omp,cpu
Memory configuration: host-umpire,cuda-umpire
Use GPU-aware MPI:    no
libCEED backend: /gpu/cuda/magma

Added 4913 elements in 2 iterations of local bisection for under-resolved interior boundaries
Added 6014 duplicate vertices for interior boundaries in the mesh
Added 15098 duplicate boundary elements for interior boundaries in the mesh
Added 5986 boundary elements for material interfaces to the mesh

Characteristic length and time scales:
 Lc = 4.000e-03 m, tc = 1.334e-02 ns
Finished partitioning mesh into 1 subdomain

Mesh curvature order: 1
Mesh bounding box:
 (Xmin, Ymin, Zmin) = (-2.000e-03, -7.070e-04, -1.000e-03) m
 (Xmax, Ymax, Zmax) = (+2.000e-03, +2.993e-03, +1.000e-03) m

Parallel Mesh Stats:

                minimum     average     maximum       total
 vertices         29705       29705       29705       29705
 edges           183891      183891      183891      183891
 faces           292418      292418      292418      292418
 elements        138227      138227      138227      138227
 neighbors            0           0           0

            minimum     maximum
 h      0.000238104    0.128545
 kappa      1.00669     16.9909

Estimated current per-rank memory usage is: Min. 642.6M, Max. 642.6M, Avg. 642.6M, Total 642.6M
Estimated current per-node memory usage is: Min. 642.6M, Max. 642.6M, Avg. 642.6M, Total 642.6M

Configuring Robin impedance BC for lumped ports at attributes:
 4: Ls = 1.486e-08 H/sq, Cs = 5.500e-15 F/sq, n = (+0.0,+0.0,+1.0)

Configuring lumped port circuit properties:
 Index = 1: L = 1.486e-08 H, C = 5.500e-15 F

Configuring Dirichlet PEC BC at attributes:
 3, 5

Assembling system matrices, number of global unknowns:
 H1 (p = 1): 29705, ND (p = 1): 183891, RT (p = 1): 292418
 Operator assembly level: Partial
 Mesh geometries:
  Tetrahedron: P = 6, Q = 4 (quadrature order = 2)

Configuring SLEPc eigenvalue solver:
 Scaling γ = 1.067e+05, δ = 1.708e-05
 Configuring divergence-free projection
 Using random starting vector
 Shift-and-invert σ = 4.500e+00 GHz (3.773e-01)

Assembling multigrid hierarchy:
 Level 0 (p = 1): 183891 unknowns
 Level 0 (auxiliary) (p = 1): 29705 unknowns

#PETSc Option Table entries:
-device_select_cuda 0 # (source: code)
-eps_monitor # (source: code)
-use_gpu_aware_mpi 0 # (source: code)
#End of PETSc Option Table entries

  Residual norms for GMRES solve
  0 (restart 0) KSP residual norm 1.662088e+00
  1 (restart 0) KSP residual norm 8.526706e-09
  2 (restart 0) KSP residual norm 4.719539e-16
GMRES solver converged in 2 iterations (avg. reduction factor: 1.685e-08)
  Residual norms for GMRES solve
  0 (restart 0) KSP residual norm 3.350977e+01
  1 (restart 0) KSP residual norm 1.723712e-07
  2 (restart 0) KSP residual norm 7.230205e-15
GMRES solver converged in 2 iterations (avg. reduction factor: 1.469e-08)
  Residual norms for GMRES solve
  0 (restart 0) KSP residual norm 3.905363e+01
  1 (restart 0) KSP residual norm 1.083887e-07
  2 (restart 0) KSP residual norm 4.544618e-15
GMRES solver converged in 2 iterations (avg. reduction factor: 1.079e-08)
  Residual norms for GMRES solve
  0 (restart 0) KSP residual norm 1.325094e+01
  1 (restart 0) KSP residual norm 2.877477e-08
  2 (restart 0) KSP residual norm 3.025789e-15
GMRES solver converged in 2 iterations (avg. reduction factor: 1.511e-08)
  Residual norms for GMRES solve
  0 (restart 0) KSP residual norm 3.769772e+00
  1 (restart 0) KSP residual norm 5.212969e-09
  2 (restart 0) KSP residual norm 1.697313e-16
GMRES solver converged in 2 iterations (avg. reduction factor: 6.710e-09)
  Residual norms for GMRES solve
  0 (restart 0) KSP residual norm 9.636608e-01
  1 (restart 0) KSP residual norm 7.370065e-10
GMRES solver converged in 1 iteration (avg. reduction factor: 7.648e-10)
  Residual norms for GMRES solve
  0 (restart 0) KSP residual norm 9.815206e-01
  1 (restart 0) KSP residual norm 1.810327e-09
  2 (restart 0) KSP residual norm 4.324001e-16
GMRES solver converged in 2 iterations (avg. reduction factor: 2.099e-08)
  Residual norms for GMRES solve
  0 (restart 0) KSP residual norm 9.031995e-01
  1 (restart 0) KSP residual norm 4.169752e-09
  2 (restart 0) KSP residual norm 1.429269e-16
GMRES solver converged in 2 iterations (avg. reduction factor: 1.258e-08)
  Residual norms for GMRES solve
  0 (restart 0) KSP residual norm 1.569565e+00
  1 (restart 0) KSP residual norm 2.553347e-09
  2 (restart 0) KSP residual norm 2.803111e-16
GMRES solver converged in 2 iterations (avg. reduction factor: 1.336e-08)
  Residual norms for GMRES solve
  0 (restart 0) KSP residual norm 1.557367e+00
  1 (restart 0) KSP residual norm 3.350612e-09
  2 (restart 0) KSP residual norm 3.806298e-16
GMRES solver converged in 2 iterations (avg. reduction factor: 1.563e-08)
  Residual norms for GMRES solve
  0 (restart 0) KSP residual norm 8.480788e-01
  1 (restart 0) KSP residual norm 3.325398e-09
  2 (restart 0) KSP residual norm 1.893522e-16
GMRES solver converged in 2 iterations (avg. reduction factor: 1.494e-08)
  Residual norms for GMRES solve
  0 (restart 0) KSP residual norm 7.907164e-01
  1 (restart 0) KSP residual norm 3.123004e-09
  2 (restart 0) KSP residual norm 1.668066e-16
GMRES solver converged in 2 iterations (avg. reduction factor: 1.452e-08)
  Residual norms for GMRES solve
  0 (restart 0) KSP residual norm 1.616063e+00
  1 (restart 0) KSP residual norm 4.021621e-09
  2 (restart 0) KSP residual norm 4.000063e-16
GMRES solver converged in 2 iterations (avg. reduction factor: 1.573e-08)
  Residual norms for GMRES solve
  0 (restart 0) KSP residual norm 1.215670e+00
  1 (restart 0) KSP residual norm 7.469652e-09
  2 (restart 0) KSP residual norm 3.647441e-16
GMRES solver converged in 2 iterations (avg. reduction factor: 1.732e-08)
  Residual norms for GMRES solve
  0 (restart 0) KSP residual norm 2.105666e+00
  1 (restart 0) KSP residual norm 4.752565e-09
  2 (restart 0) KSP residual norm 5.076569e-16
GMRES solver converged in 2 iterations (avg. reduction factor: 1.553e-08)
  Residual norms for GMRES solve
  0 (restart 0) KSP residual norm 6.049770e-01
  1 (restart 0) KSP residual norm 2.499716e-09
  2 (restart 0) KSP residual norm 9.928399e-17
GMRES solver converged in 2 iterations (avg. reduction factor: 1.281e-08)
  Residual norms for GMRES solve
  0 (restart 0) KSP residual norm 4.724305e-01
  1 (restart 0) KSP residual norm 1.305451e-09
  2 (restart 0) KSP residual norm 9.360687e-17
GMRES solver converged in 2 iterations (avg. reduction factor: 1.408e-08)
  Residual norms for GMRES solve
  0 (restart 0) KSP residual norm 2.897722e-01
  1 (restart 0) KSP residual norm 4.946082e-10
  2 (restart 0) KSP residual norm 6.723411e-17
GMRES solver converged in 2 iterations (avg. reduction factor: 1.523e-08)
  Residual norms for GMRES solve
  0 (restart 0) KSP residual norm 2.241179e+00
  1 (restart 0) KSP residual norm 3.515169e-09
  2 (restart 0) KSP residual norm 8.332452e-16
GMRES solver converged in 2 iterations (avg. reduction factor: 1.928e-08)
  Residual norms for GMRES solve
  0 (restart 0) KSP residual norm 1.092058e+00
  1 (restart 0) KSP residual norm 2.240371e-09
  2 (restart 0) KSP residual norm 1.947043e-16
GMRES solver converged in 2 iterations (avg. reduction factor: 1.335e-08)
  Residual norms for GMRES solve
  0 (restart 0) KSP residual norm 5.651072e-01
  1 (restart 0) KSP residual norm 1.136076e-09
  2 (restart 0) KSP residual norm 8.365930e-17
GMRES solver converged in 2 iterations (avg. reduction factor: 1.217e-08)
  1 EPS nconv=5 first unconverged value (error) 4.48165e-05+1.60397e-15i (3.03282693e-08)
  Residual norms for GMRES solve
  0 (restart 0) KSP residual norm 6.442304e-01
  1 (restart 0) KSP residual norm 1.798774e-09
  2 (restart 0) KSP residual norm 7.019421e-17
GMRES solver converged in 2 iterations (avg. reduction factor: 1.044e-08)
  Residual norms for GMRES solve
  0 (restart 0) KSP residual norm 2.555913e+01
  1 (restart 0) KSP residual norm 1.525913e-07
  2 (restart 0) KSP residual norm 5.539609e-15
GMRES solver converged in 2 iterations (avg. reduction factor: 1.472e-08)
  Residual norms for GMRES solve
  0 (restart 0) KSP residual norm 2.133141e+01
  1 (restart 0) KSP residual norm 1.205774e-07
  2 (restart 0) KSP residual norm 7.914645e-15
GMRES solver converged in 2 iterations (avg. reduction factor: 1.926e-08)
  Residual norms for GMRES solve
  0 (restart 0) KSP residual norm 5.174666e+00
  1 (restart 0) KSP residual norm 2.021188e-08
  2 (restart 0) KSP residual norm 8.187296e-16
GMRES solver converged in 2 iterations (avg. reduction factor: 1.258e-08)
  Residual norms for GMRES solve
  0 (restart 0) KSP residual norm 4.454000e-01
  1 (restart 0) KSP residual norm 1.146335e-09
  2 (restart 0) KSP residual norm 7.677288e-17
GMRES solver converged in 2 iterations (avg. reduction factor: 1.313e-08)
  Residual norms for GMRES solve
  0 (restart 0) KSP residual norm 1.115640e+00
  1 (restart 0) KSP residual norm 4.036900e-09
  2 (restart 0) KSP residual norm 3.150554e-16
GMRES solver converged in 2 iterations (avg. reduction factor: 1.680e-08)
  Residual norms for GMRES solve
  0 (restart 0) KSP residual norm 1.139261e+00
  1 (restart 0) KSP residual norm 1.985072e-09
  2 (restart 0) KSP residual norm 2.679854e-16
GMRES solver converged in 2 iterations (avg. reduction factor: 1.534e-08)
  Residual norms for GMRES solve
  0 (restart 0) KSP residual norm 5.838810e-01
  1 (restart 0) KSP residual norm 9.261330e-10
  2 (restart 0) KSP residual norm 5.445313e-17
GMRES solver converged in 2 iterations (avg. reduction factor: 9.657e-09)
  2 EPS nconv=6 first unconverged value (error) 7.34303e-05-5.59295e-14i (1.61606216e-07)

 Linear eigensolve converged (6 eigenpairs) due to CONVERGED_TOL; iterations 2
 Total number of linear systems solved: 29
 Total number of linear solver iterations: 57
 Found 6 converged eigenvalues (first = 1.865e-01-6.266e-17i)

Computing solution error estimates and performing postprocessing

     m,        Re{f} (GHz),        Im{f} (GHz),                  Q,      Error (Bkwd.),       Error (Abs.)
     1,      +5.151336e+00,      -8.653840e-16,      +2.976329e+15,      +1.251919e-17,      +1.465846e-12
     2,      +1.546052e+01,      +1.406873e-12,      +5.494640e+12,      +3.511710e-17,      +4.111848e-12
     3,      +1.749011e+01,      -3.530098e-15,      +2.477284e+15,      +6.152461e-16,      +7.203925e-11
     4,      +1.869166e+01,      +3.299758e-14,      +2.832277e+14,      +7.809530e-15,      +9.144216e-10
     5,      +2.069756e+01,      +8.151448e-12,      +1.269563e+12,      +3.957271e-13,      +4.633612e-08
     6,      +2.608090e+01,      +1.131767e-13,      +1.152221e+14,      +2.102215e-15,      +2.461548e-10

Completed 0 iterations of adaptive mesh refinement (AMR):
 Indicator norm = 7.697e-01, global unknowns = 183891
 Max. iterations = 0, tol. = 1.000e-02

Estimated peak per-rank memory usage is: Min. 2.1G, Max. 2.1G, Avg. 2.1G, Total 2.1G
Estimated peak per-node memory usage is: Min. 2.1G, Max. 2.1G, Avg. 2.1G, Total 2.1G

Elapsed Time Report (s)           Min.        Max.        Avg.
==============================================================
Initialization                   7.429       7.429       7.429
  Mesh Preprocessing            28.105      28.105      28.105
Operator Construction            5.397       5.397       5.397
Linear Solve                     0.048       0.048       0.048
  Setup                          1.780       1.780       1.780
  Preconditioner                23.591      23.591      23.591
Eigenvalue Solve                 0.043       0.043       0.043
Div.-Free Projection             1.973       1.973       1.973
Estimation                       0.587       0.587       0.587
  Construction                   0.567       0.567       0.567
  Solve                          0.347       0.347       0.347
Postprocessing                   0.392       0.392       0.392
Disk IO                          1.069       1.069       1.069
--------------------------------------------------------------
Total                           71.374      71.374      71.374

Peak Memory                   Per-Node       Total   Total HWM
==============================================================
Initialization                  122.5M      122.5M      122.5M
  Mesh Preprocessing            194.8M      194.8M      317.3M
Operator Construction           158.2M      158.2M      475.5M
Linear Solve                      0.0K        0.0K      475.5M
  Setup                         111.4M      111.4M      586.9M
  Preconditioner                  1.1G        1.1G        1.7G
Eigenvalue Solve                  0.0K        0.0K        1.7G
Div.-Free Projection             82.3M       82.3M        1.8G
Estimation                        0.0K        0.0K        1.8G
  Construction                    1.9M        1.9M        1.8G
  Solve                           0.0K        0.0K        1.8G
Postprocessing                    0.0K        0.0K        1.8G
Disk IO                         126.5M      126.5M        1.9G
--------------------------------------------------------------
Total                             1.9G        1.9G        1.9G

