>> /usr/lib64/mpich/bin/mpirun -n 1 /opt/palace/bin/palace-x86_64.bin /work/cfg_palace_gpu_np1_run3.json

_____________     _______
_____   __   \____ __   /____ ____________
____   /_/  /  __ ` /  /  __ ` /  ___/  _ \
___   _____/  /_/  /  /  /_/  /  /__/  ___/
  /__/     \___,__/__/\___,__/\_____\_____/

Git changeset ID: v0.17.0-99-gfba6a5b9d
Running with 1 MPI process, 1 OpenMP thread
Detected 1 CUDA device
Device configuration: cuda,omp,cpu
Memory configuration: host-umpire,cuda-umpire
Use GPU-aware MPI:    no
libCEED backend: /gpu/cuda/magma

Added 4913 elements in 2 iterations of local bisection for under-resolved interior boundaries
Added 6014 duplicate vertices for interior boundaries in the mesh
Added 15098 duplicate boundary elements for interior boundaries in the mesh
Added 5986 boundary elements for material interfaces to the mesh

Characteristic length and time scales:
 Lc = 4.000e-03 m, tc = 1.334e-02 ns
Finished partitioning mesh into 1 subdomain

Mesh curvature order: 1
Mesh bounding box:
 (Xmin, Ymin, Zmin) = (-2.000e-03, -7.070e-04, -1.000e-03) m
 (Xmax, Ymax, Zmax) = (+2.000e-03, +2.993e-03, +1.000e-03) m

Parallel Mesh Stats:

                minimum     average     maximum       total
 vertices         29705       29705       29705       29705
 edges           183891      183891      183891      183891
 faces           292418      292418      292418      292418
 elements        138227      138227      138227      138227
 neighbors            0           0           0

            minimum     maximum
 h      0.000238104    0.128545
 kappa      1.00669     16.9909

Estimated current per-rank memory usage is: Min. 643.0M, Max. 643.0M, Avg. 643.0M, Total 643.0M
Estimated current per-node memory usage is: Min. 643.0M, Max. 643.0M, Avg. 643.0M, Total 643.0M

Configuring Robin impedance BC for lumped ports at attributes:
 4: Ls = 1.486e-08 H/sq, Cs = 5.500e-15 F/sq, n = (+0.0,+0.0,+1.0)

Configuring lumped port circuit properties:
 Index = 1: L = 1.486e-08 H, C = 5.500e-15 F

Configuring Dirichlet PEC BC at attributes:
 3, 5

Assembling system matrices, number of global unknowns:
 H1 (p = 1): 29705, ND (p = 1): 183891, RT (p = 1): 292418
 Operator assembly level: Partial
 Mesh geometries:
  Tetrahedron: P = 6, Q = 4 (quadrature order = 2)

Configuring SLEPc eigenvalue solver:
 Scaling γ = 1.067e+05, δ = 1.708e-05
 Configuring divergence-free projection
 Using random starting vector
 Shift-and-invert σ = 4.500e+00 GHz (3.773e-01)

Assembling multigrid hierarchy:
 Level 0 (p = 1): 183891 unknowns
 Level 0 (auxiliary) (p = 1): 29705 unknowns

#PETSc Option Table entries:
-device_select_cuda 0 # (source: code)
-eps_monitor # (source: code)
-use_gpu_aware_mpi 0 # (source: code)
#End of PETSc Option Table entries

  Residual norms for GMRES solve
  0 (restart 0) KSP residual norm 1.662088e+00
  1 (restart 0) KSP residual norm 8.526698e-09
  2 (restart 0) KSP residual norm 5.212802e-16
GMRES solver converged in 2 iterations (avg. reduction factor: 1.771e-08)
  Residual norms for GMRES solve
  0 (restart 0) KSP residual norm 3.350977e+01
  1 (restart 0) KSP residual norm 1.723710e-07
  2 (restart 0) KSP residual norm 6.952108e-15
GMRES solver converged in 2 iterations (avg. reduction factor: 1.440e-08)
  Residual norms for GMRES solve
  0 (restart 0) KSP residual norm 3.905363e+01
  1 (restart 0) KSP residual norm 1.083888e-07
  2 (restart 0) KSP residual norm 4.193060e-15
GMRES solver converged in 2 iterations (avg. reduction factor: 1.036e-08)
  Residual norms for GMRES solve
  0 (restart 0) KSP residual norm 1.325094e+01
  1 (restart 0) KSP residual norm 2.877479e-08
  2 (restart 0) KSP residual norm 4.306106e-15
GMRES solver converged in 2 iterations (avg. reduction factor: 1.803e-08)
  Residual norms for GMRES solve
  0 (restart 0) KSP residual norm 3.769772e+00
  1 (restart 0) KSP residual norm 5.212978e-09
  2 (restart 0) KSP residual norm 5.250919e-16
GMRES solver converged in 2 iterations (avg. reduction factor: 1.180e-08)
  Residual norms for GMRES solve
  0 (restart 0) KSP residual norm 9.636608e-01
  1 (restart 0) KSP residual norm 7.370014e-10
GMRES solver converged in 1 iteration (avg. reduction factor: 7.648e-10)
  Residual norms for GMRES solve
  0 (restart 0) KSP residual norm 9.815206e-01
  1 (restart 0) KSP residual norm 1.810323e-09
  2 (restart 0) KSP residual norm 3.692471e-16
GMRES solver converged in 2 iterations (avg. reduction factor: 1.940e-08)
  Residual norms for GMRES solve
  0 (restart 0) KSP residual norm 9.031995e-01
  1 (restart 0) KSP residual norm 4.169757e-09
  2 (restart 0) KSP residual norm 2.004224e-16
GMRES solver converged in 2 iterations (avg. reduction factor: 1.490e-08)
  Residual norms for GMRES solve
  0 (restart 0) KSP residual norm 1.569565e+00
  1 (restart 0) KSP residual norm 2.553343e-09
  2 (restart 0) KSP residual norm 3.826033e-16
GMRES solver converged in 2 iterations (avg. reduction factor: 1.561e-08)
  Residual norms for GMRES solve
  0 (restart 0) KSP residual norm 1.557367e+00
  1 (restart 0) KSP residual norm 3.350611e-09
  2 (restart 0) KSP residual norm 6.004183e-16
GMRES solver converged in 2 iterations (avg. reduction factor: 1.964e-08)
  Residual norms for GMRES solve
  0 (restart 0) KSP residual norm 8.480788e-01
  1 (restart 0) KSP residual norm 3.325399e-09
  2 (restart 0) KSP residual norm 1.320022e-16
GMRES solver converged in 2 iterations (avg. reduction factor: 1.248e-08)
  Residual norms for GMRES solve
  0 (restart 0) KSP residual norm 7.907164e-01
  1 (restart 0) KSP residual norm 3.123007e-09
  2 (restart 0) KSP residual norm 1.987924e-16
GMRES solver converged in 2 iterations (avg. reduction factor: 1.586e-08)
  Residual norms for GMRES solve
  0 (restart 0) KSP residual norm 1.616063e+00
  1 (restart 0) KSP residual norm 4.021617e-09
  2 (restart 0) KSP residual norm 3.293728e-16
GMRES solver converged in 2 iterations (avg. reduction factor: 1.428e-08)
  Residual norms for GMRES solve
  0 (restart 0) KSP residual norm 1.215670e+00
  1 (restart 0) KSP residual norm 7.469654e-09
  2 (restart 0) KSP residual norm 2.809044e-16
GMRES solver converged in 2 iterations (avg. reduction factor: 1.520e-08)
  Residual norms for GMRES solve
  0 (restart 0) KSP residual norm 2.105666e+00
  1 (restart 0) KSP residual norm 4.752576e-09
  2 (restart 0) KSP residual norm 4.381467e-16
GMRES solver converged in 2 iterations (avg. reduction factor: 1.442e-08)
  Residual norms for GMRES solve
  0 (restart 0) KSP residual norm 6.049770e-01
  1 (restart 0) KSP residual norm 2.499714e-09
  2 (restart 0) KSP residual norm 8.852239e-17
GMRES solver converged in 2 iterations (avg. reduction factor: 1.210e-08)
  Residual norms for GMRES solve
  0 (restart 0) KSP residual norm 4.724305e-01
  1 (restart 0) KSP residual norm 1.305452e-09
  2 (restart 0) KSP residual norm 1.534207e-16
GMRES solver converged in 2 iterations (avg. reduction factor: 1.802e-08)
  Residual norms for GMRES solve
  0 (restart 0) KSP residual norm 2.897722e-01
  1 (restart 0) KSP residual norm 4.946033e-10
  2 (restart 0) KSP residual norm 5.414314e-17
GMRES solver converged in 2 iterations (avg. reduction factor: 1.367e-08)
  Residual norms for GMRES solve
  0 (restart 0) KSP residual norm 2.241179e+00
  1 (restart 0) KSP residual norm 3.515167e-09
  2 (restart 0) KSP residual norm 7.686388e-17
GMRES solver converged in 2 iterations (avg. reduction factor: 5.856e-09)
  Residual norms for GMRES solve
  0 (restart 0) KSP residual norm 1.092058e+00
  1 (restart 0) KSP residual norm 2.240370e-09
  2 (restart 0) KSP residual norm 7.123247e-17
GMRES solver converged in 2 iterations (avg. reduction factor: 8.076e-09)
  Residual norms for GMRES solve
  0 (restart 0) KSP residual norm 5.651072e-01
  1 (restart 0) KSP residual norm 1.136076e-09
  2 (restart 0) KSP residual norm 6.522479e-17
GMRES solver converged in 2 iterations (avg. reduction factor: 1.074e-08)
  1 EPS nconv=5 first unconverged value (error) 4.48165e-05+1.60401e-15i (3.03282693e-08)
  Residual norms for GMRES solve
  0 (restart 0) KSP residual norm 6.442304e-01
  1 (restart 0) KSP residual norm 1.798775e-09
  2 (restart 0) KSP residual norm 1.886590e-16
GMRES solver converged in 2 iterations (avg. reduction factor: 1.711e-08)
  Residual norms for GMRES solve
  0 (restart 0) KSP residual norm 2.555913e+01
  1 (restart 0) KSP residual norm 1.525914e-07
  2 (restart 0) KSP residual norm 1.054360e-14
GMRES solver converged in 2 iterations (avg. reduction factor: 2.031e-08)
  Residual norms for GMRES solve
  0 (restart 0) KSP residual norm 2.133141e+01
  1 (restart 0) KSP residual norm 1.205774e-07
  2 (restart 0) KSP residual norm 9.077347e-15
GMRES solver converged in 2 iterations (avg. reduction factor: 2.063e-08)
  Residual norms for GMRES solve
  0 (restart 0) KSP residual norm 5.174666e+00
  1 (restart 0) KSP residual norm 2.021185e-08
  2 (restart 0) KSP residual norm 1.020039e-15
GMRES solver converged in 2 iterations (avg. reduction factor: 1.404e-08)
  Residual norms for GMRES solve
  0 (restart 0) KSP residual norm 4.454000e-01
  1 (restart 0) KSP residual norm 1.146336e-09
  2 (restart 0) KSP residual norm 3.901726e-17
GMRES solver converged in 2 iterations (avg. reduction factor: 9.360e-09)
  Residual norms for GMRES solve
  0 (restart 0) KSP residual norm 1.115640e+00
  1 (restart 0) KSP residual norm 4.036896e-09
  2 (restart 0) KSP residual norm 1.729594e-16
GMRES solver converged in 2 iterations (avg. reduction factor: 1.245e-08)
  Residual norms for GMRES solve
  0 (restart 0) KSP residual norm 1.139261e+00
  1 (restart 0) KSP residual norm 1.985069e-09
  2 (restart 0) KSP residual norm 1.287968e-16
GMRES solver converged in 2 iterations (avg. reduction factor: 1.063e-08)
  Residual norms for GMRES solve
  0 (restart 0) KSP residual norm 5.838810e-01
  1 (restart 0) KSP residual norm 9.261452e-10
  2 (restart 0) KSP residual norm 6.467335e-17
GMRES solver converged in 2 iterations (avg. reduction factor: 1.052e-08)
  2 EPS nconv=6 first unconverged value (error) 7.34303e-05-5.59295e-14i (1.61606216e-07)

 Linear eigensolve converged (6 eigenpairs) due to CONVERGED_TOL; iterations 2
 Total number of linear systems solved: 29
 Total number of linear solver iterations: 57
 Found 6 converged eigenvalues (first = 1.865e-01-8.711e-17i)

Computing solution error estimates and performing postprocessing

     m,        Re{f} (GHz),        Im{f} (GHz),                  Q,      Error (Bkwd.),       Error (Abs.)
     1,      +5.151336e+00,      -1.203033e-15,      +2.140979e+15,      +1.345326e-17,      +1.575216e-12
 Wrote mode 1 to disk (Paraview)
     2,      +1.546052e+01,      +1.394456e-12,      +5.543569e+12,      +3.509282e-17,      +4.109006e-12
 Wrote mode 2 to disk (Paraview)
     3,      +1.749011e+01,      -3.354620e-15,      +2.606869e+15,      +6.312626e-16,      +7.391463e-11
 Wrote mode 3 to disk (Paraview)
     4,      +1.869166e+01,      +2.630503e-14,      +3.552868e+14,      +7.820961e-15,      +9.157600e-10
 Wrote mode 4 to disk (Paraview)
     5,      +2.069756e+01,      +8.154372e-12,      +1.269108e+12,      +3.957192e-13,      +4.633519e-08
 Wrote mode 5 to disk (Paraview)
     6,      +2.608090e+01,      +1.247816e-13,      +1.045062e+14,      +2.141963e-15,      +2.508089e-10
 Wrote mode 6 to disk (Paraview)

Completed 0 iterations of adaptive mesh refinement (AMR):
 Indicator norm = 7.697e-01, global unknowns = 183891
 Max. iterations = 0, tol. = 1.000e-02

Estimated peak per-rank memory usage is: Min. 2.1G, Max. 2.1G, Avg. 2.1G, Total 2.1G
Estimated peak per-node memory usage is: Min. 2.1G, Max. 2.1G, Avg. 2.1G, Total 2.1G

Elapsed Time Report (s)           Min.        Max.        Avg.
==============================================================
Initialization                   7.426       7.426       7.426
  Mesh Preprocessing            28.132      28.132      28.132
Operator Construction            5.419       5.419       5.419
Linear Solve                     0.047       0.047       0.047
  Setup                          1.788       1.788       1.788
  Preconditioner                23.772      23.772      23.772
Eigenvalue Solve                 0.042       0.042       0.042
Div.-Free Projection             1.986       1.986       1.986
Estimation                       0.593       0.593       0.593
  Construction                   0.569       0.569       0.569
  Solve                          0.352       0.352       0.352
Postprocessing                   0.397       0.397       0.397
  Paraview                     613.872     613.872     613.872
Disk IO                          1.057       1.057       1.057
--------------------------------------------------------------
Total                          685.499     685.499     685.499

Peak Memory                   Per-Node       Total   Total HWM
==============================================================
Initialization                  122.1M      122.1M      122.1M
  Mesh Preprocessing            194.8M      194.8M      316.9M
Operator Construction           158.7M      158.7M      475.6M
Linear Solve                      0.0K        0.0K      475.6M
  Setup                         111.3M      111.3M      586.9M
  Preconditioner                  1.2G        1.2G        1.7G
Eigenvalue Solve                  0.0K        0.0K        1.7G
Div.-Free Projection             81.7M       81.7M        1.8G
Estimation                        0.0K        0.0K        1.8G
  Construction                    2.1M        2.1M        1.8G
  Solve                           0.0K        0.0K        1.8G
Postprocessing                    0.0K        0.0K        1.8G
  Paraview                        0.0K        0.0K        1.8G
Disk IO                         126.8M      126.8M        1.9G
--------------------------------------------------------------
Total                             1.9G        1.9G        1.9G

