>> /usr/lib64/mpich/bin/mpirun -n 8 /opt/palace/bin/palace-x86_64.bin /work/cfg_palace_cpu_np8_run1.json

_____________     _______
_____   __   \____ __   /____ ____________
____   /_/  /  __ ` /  /  __ ` /  ___/  _ \
___   _____/  /_/  /  /  /_/  /  /__/  ___/
  /__/     \___,__/__/\___,__/\_____\_____/

Git changeset ID: v0.17.0-99-gfba6a5b9d
Running with 8 MPI processes, 1 OpenMP thread
Detected 1 CUDA device
Device configuration: omp,cpu
Memory configuration: host-umpire
libCEED backend: /cpu/self/opt/blocked

Added 4913 elements in 2 iterations of local bisection for under-resolved interior boundaries
Added 6014 duplicate vertices for interior boundaries in the mesh
Added 15098 duplicate boundary elements for interior boundaries in the mesh
Added 5986 boundary elements for material interfaces to the mesh

Characteristic length and time scales:
 Lc = 4.000e-03 m, tc = 1.334e-02 ns
Finished partitioning mesh into 8 subdomains

Mesh curvature order: 1
Mesh bounding box:
 (Xmin, Ymin, Zmin) = (-2.000e-03, -7.070e-04, -1.000e-03) m
 (Xmax, Ymax, Zmax) = (+2.000e-03, +2.993e-03, +1.000e-03) m

Parallel Mesh Stats:

                minimum     average     maximum       total
 vertices          3224        3713        3931       29705
 edges            21114       22986       24011      183891
 faces            34700       36552       37871      292418
 elements         16808       17278       17796      138227
 neighbors            3           5           7

            minimum     maximum
 h      0.000238104    0.128545
 kappa      1.00669     16.9909

Estimated current per-rank memory usage is: Min. 412.5M, Max. 527.5M, Avg. 428.0M, Total 3.3G
Estimated current per-node memory usage is: Min. 3.3G, Max. 3.3G, Avg. 3.3G, Total 3.3G

Configuring Robin impedance BC for lumped ports at attributes:
 4: Ls = 1.486e-08 H/sq, Cs = 5.500e-15 F/sq, n = (+0.0,+0.0,+1.0)

Configuring lumped port circuit properties:
 Index = 1: L = 1.486e-08 H, C = 5.500e-15 F

Configuring Dirichlet PEC BC at attributes:
 3, 5

Assembling system matrices, number of global unknowns:
 H1 (p = 1): 29705, ND (p = 1): 183891, RT (p = 1): 292418
 Operator assembly level: Partial
 Mesh geometries:
  Tetrahedron: P = 6, Q = 4 (quadrature order = 2)

Configuring SLEPc eigenvalue solver:
 Scaling γ = 1.067e+05, δ = 1.708e-05
 Configuring divergence-free projection
 Using random starting vector
 Shift-and-invert σ = 4.500e+00 GHz (3.773e-01)

Assembling multigrid hierarchy:
 Level 0 (p = 1): 183891 unknowns
 Level 0 (auxiliary) (p = 1): 29705 unknowns

#PETSc Option Table entries:
-eps_monitor # (source: code)
#End of PETSc Option Table entries

  Residual norms for GMRES solve
  0 (restart 0) KSP residual norm 1.458703e+00
  1 (restart 0) KSP residual norm 6.452805e-09
  2 (restart 0) KSP residual norm 5.939127e-15
GMRES solver converged in 2 iterations (avg. reduction factor: 6.381e-08)
  Residual norms for GMRES solve
  0 (restart 0) KSP residual norm 3.249503e+01
  1 (restart 0) KSP residual norm 1.453912e-07
  2 (restart 0) KSP residual norm 7.808980e-14
GMRES solver converged in 2 iterations (avg. reduction factor: 4.902e-08)
  Residual norms for GMRES solve
  0 (restart 0) KSP residual norm 3.980322e+01
  1 (restart 0) KSP residual norm 7.983176e-08
  2 (restart 0) KSP residual norm 4.580498e-14
GMRES solver converged in 2 iterations (avg. reduction factor: 3.392e-08)
  Residual norms for GMRES solve
  0 (restart 0) KSP residual norm 1.356360e+01
  1 (restart 0) KSP residual norm 2.517039e-08
  2 (restart 0) KSP residual norm 3.668080e-14
GMRES solver converged in 2 iterations (avg. reduction factor: 5.200e-08)
  Residual norms for GMRES solve
  0 (restart 0) KSP residual norm 3.820470e+00
  1 (restart 0) KSP residual norm 4.161827e-09
  2 (restart 0) KSP residual norm 5.266133e-15
GMRES solver converged in 2 iterations (avg. reduction factor: 3.713e-08)
  Residual norms for GMRES solve
  0 (restart 0) KSP residual norm 9.174308e-01
  1 (restart 0) KSP residual norm 5.647843e-10
GMRES solver converged in 1 iteration (avg. reduction factor: 6.156e-10)
  Residual norms for GMRES solve
  0 (restart 0) KSP residual norm 9.521023e-01
  1 (restart 0) KSP residual norm 1.537864e-09
  2 (restart 0) KSP residual norm 3.398251e-15
GMRES solver converged in 2 iterations (avg. reduction factor: 5.974e-08)
  Residual norms for GMRES solve
  0 (restart 0) KSP residual norm 9.237027e-01
  1 (restart 0) KSP residual norm 4.581382e-09
  2 (restart 0) KSP residual norm 2.567846e-15
GMRES solver converged in 2 iterations (avg. reduction factor: 5.273e-08)
  Residual norms for GMRES solve
  0 (restart 0) KSP residual norm 1.626286e+00
  1 (restart 0) KSP residual norm 2.301336e-09
  2 (restart 0) KSP residual norm 2.085724e-15
GMRES solver converged in 2 iterations (avg. reduction factor: 3.581e-08)
  Residual norms for GMRES solve
  0 (restart 0) KSP residual norm 1.544156e+00
  1 (restart 0) KSP residual norm 3.531395e-09
  2 (restart 0) KSP residual norm 2.681386e-15
GMRES solver converged in 2 iterations (avg. reduction factor: 4.167e-08)
  Residual norms for GMRES solve
  0 (restart 0) KSP residual norm 8.123554e-01
  1 (restart 0) KSP residual norm 2.170329e-09
  2 (restart 0) KSP residual norm 4.927242e-16
GMRES solver converged in 2 iterations (avg. reduction factor: 2.463e-08)
  Residual norms for GMRES solve
  0 (restart 0) KSP residual norm 7.779388e-01
  1 (restart 0) KSP residual norm 2.330739e-09
  2 (restart 0) KSP residual norm 4.356154e-16
GMRES solver converged in 2 iterations (avg. reduction factor: 2.366e-08)
  Residual norms for GMRES solve
  0 (restart 0) KSP residual norm 1.626896e+00
  1 (restart 0) KSP residual norm 2.826915e-09
  2 (restart 0) KSP residual norm 2.875466e-15
GMRES solver converged in 2 iterations (avg. reduction factor: 4.204e-08)
  Residual norms for GMRES solve
  0 (restart 0) KSP residual norm 1.018058e+00
  1 (restart 0) KSP residual norm 4.940167e-09
  2 (restart 0) KSP residual norm 4.574817e-15
GMRES solver converged in 2 iterations (avg. reduction factor: 6.703e-08)
  Residual norms for GMRES solve
  0 (restart 0) KSP residual norm 2.167541e+00
  1 (restart 0) KSP residual norm 3.559739e-09
  2 (restart 0) KSP residual norm 6.364614e-15
GMRES solver converged in 2 iterations (avg. reduction factor: 5.419e-08)
  Residual norms for GMRES solve
  0 (restart 0) KSP residual norm 5.167879e-01
  1 (restart 0) KSP residual norm 1.229696e-09
  2 (restart 0) KSP residual norm 5.399401e-16
GMRES solver converged in 2 iterations (avg. reduction factor: 3.232e-08)
  Residual norms for GMRES solve
  0 (restart 0) KSP residual norm 5.239626e-01
  1 (restart 0) KSP residual norm 1.370870e-09
  2 (restart 0) KSP residual norm 5.760051e-16
GMRES solver converged in 2 iterations (avg. reduction factor: 3.316e-08)
  Residual norms for GMRES solve
  0 (restart 0) KSP residual norm 6.819321e-01
  1 (restart 0) KSP residual norm 1.302825e-09
  2 (restart 0) KSP residual norm 2.027627e-15
GMRES solver converged in 2 iterations (avg. reduction factor: 5.453e-08)
  Residual norms for GMRES solve
  0 (restart 0) KSP residual norm 2.188422e+00
  1 (restart 0) KSP residual norm 3.008428e-09
  2 (restart 0) KSP residual norm 5.516097e-15
GMRES solver converged in 2 iterations (avg. reduction factor: 5.021e-08)
  Residual norms for GMRES solve
  0 (restart 0) KSP residual norm 1.106959e+00
  1 (restart 0) KSP residual norm 1.645970e-09
  2 (restart 0) KSP residual norm 2.425160e-15
GMRES solver converged in 2 iterations (avg. reduction factor: 4.681e-08)
  Residual norms for GMRES solve
  0 (restart 0) KSP residual norm 5.059926e-01
  1 (restart 0) KSP residual norm 6.204164e-10
  2 (restart 0) KSP residual norm 7.740107e-16
GMRES solver converged in 2 iterations (avg. reduction factor: 3.911e-08)
  1 EPS nconv=5 first unconverged value (error) 4.48165e-05+4.57421e-15i (2.67283399e-08)
  Residual norms for GMRES solve
  0 (restart 0) KSP residual norm 5.811394e-01
  1 (restart 0) KSP residual norm 1.474659e-09
  2 (restart 0) KSP residual norm 1.085929e-16
GMRES solver converged in 2 iterations (avg. reduction factor: 1.367e-08)
  Residual norms for GMRES solve
  0 (restart 0) KSP residual norm 2.494358e+01
  1 (restart 0) KSP residual norm 1.193885e-07
  2 (restart 0) KSP residual norm 4.597469e-14
GMRES solver converged in 2 iterations (avg. reduction factor: 4.293e-08)
  Residual norms for GMRES solve
  0 (restart 0) KSP residual norm 2.210695e+01
  1 (restart 0) KSP residual norm 1.023549e-07
  2 (restart 0) KSP residual norm 2.327275e-14
GMRES solver converged in 2 iterations (avg. reduction factor: 3.245e-08)
  Residual norms for GMRES solve
  0 (restart 0) KSP residual norm 4.928694e+00
  1 (restart 0) KSP residual norm 1.661029e-08
  2 (restart 0) KSP residual norm 7.788437e-15
GMRES solver converged in 2 iterations (avg. reduction factor: 3.975e-08)
  Residual norms for GMRES solve
  0 (restart 0) KSP residual norm 6.226587e-01
  1 (restart 0) KSP residual norm 1.603677e-09
  2 (restart 0) KSP residual norm 6.803886e-16
GMRES solver converged in 2 iterations (avg. reduction factor: 3.306e-08)
  Residual norms for GMRES solve
  0 (restart 0) KSP residual norm 1.096300e+00
  1 (restart 0) KSP residual norm 3.408252e-09
  2 (restart 0) KSP residual norm 2.671497e-16
GMRES solver converged in 2 iterations (avg. reduction factor: 1.561e-08)
  Residual norms for GMRES solve
  0 (restart 0) KSP residual norm 1.094703e+00
  1 (restart 0) KSP residual norm 1.531339e-09
  2 (restart 0) KSP residual norm 5.837308e-15
GMRES solver converged in 2 iterations (avg. reduction factor: 7.302e-08)
  Residual norms for GMRES solve
  0 (restart 0) KSP residual norm 7.382189e-01
  1 (restart 0) KSP residual norm 1.555245e-09
  2 (restart 0) KSP residual norm 7.100257e-16
GMRES solver converged in 2 iterations (avg. reduction factor: 3.101e-08)
  2 EPS nconv=6 first unconverged value (error) 7.34303e-05+1.50193e-13i (2.17293077e-07)

 Linear eigensolve converged (6 eigenpairs) due to CONVERGED_TOL; iterations 2
 Total number of linear systems solved: 29
 Total number of linear solver iterations: 57
 Found 6 converged eigenvalues (first = 1.865e-01+3.954e-17i)

Computing solution error estimates and performing postprocessing

     m,        Re{f} (GHz),        Im{f} (GHz),                  Q,      Error (Bkwd.),       Error (Abs.)
     1,      +5.151336e+00,      +5.460671e-16,      +4.716761e+15,      +1.207448e-17,      +1.413776e-12
 Wrote mode 1 to disk (Paraview)
     2,      +1.546052e+01,      -2.882489e-12,      +2.681800e+12,      +3.598322e-17,      +4.213261e-12
 Wrote mode 2 to disk (Paraview)
     3,      +1.749011e+01,      -8.294404e-16,      +1.054332e+16,      +5.675863e-16,      +6.645876e-11
 Wrote mode 3 to disk (Paraview)
     4,      +1.869166e+01,      -3.547373e-14,      +2.634577e+14,      +8.266180e-15,      +9.678909e-10
 Wrote mode 4 to disk (Paraview)
     5,      +2.069756e+01,      +9.160890e-12,      +1.129670e+12,      +3.787130e-13,      +4.434392e-08
 Wrote mode 5 to disk (Paraview)
     6,      +2.608090e+01,      -1.186429e-13,      +1.099134e+14,      +1.966873e-15,      +2.303071e-10
 Wrote mode 6 to disk (Paraview)

Completed 0 iterations of adaptive mesh refinement (AMR):
 Indicator norm = 7.697e-01, global unknowns = 183891
 Max. iterations = 0, tol. = 1.000e-02

Estimated peak per-rank memory usage is: Min. 827.8M, Max. 919.7M, Avg. 872.0M, Total 6.8G
Estimated peak per-node memory usage is: Min. 6.8G, Max. 6.8G, Avg. 6.8G, Total 6.8G

Elapsed Time Report (s)           Min.        Max.        Avg.
==============================================================
Initialization                   4.849      23.665      21.311
  Mesh Preprocessing             2.204      21.021       4.556
Operator Construction            0.909       0.925       0.914
Linear Solve                     1.623       1.647       1.631
  Setup                          0.298       0.298       0.298
  Preconditioner                 9.793       9.816       9.807
Eigenvalue Solve                 0.608       0.615       0.612
Div.-Free Projection             3.490       3.499       3.495
Estimation                       0.121       0.133       0.127
  Construction                   1.146       1.146       1.146
  Solve                          4.346       4.351       4.349
Postprocessing                   0.434       0.443       0.438
  Paraview                      84.389      84.392      84.392
Disk IO                          1.074       1.074       1.074
--------------------------------------------------------------
Total                          134.203     134.212     134.209

Peak Memory                   Per-Node       Total   Total HWM
==============================================================
Initialization                   63.9M       63.9M       63.9M
  Mesh Preprocessing              1.6G        1.6G        1.6G
Operator Construction           313.7M      313.7M        1.9G
Linear Solve                      0.0K        0.0K        1.9G
  Setup                         394.3M      394.3M        2.3G
  Preconditioner                  2.6G        2.6G        4.9G
Eigenvalue Solve                 13.4M       13.4M        5.0G
Div.-Free Projection            128.7M      128.7M        5.1G
Estimation                        0.0K        0.0K        5.1G
  Construction                   17.8M       17.8M        5.1G
  Solve                           0.0K        0.0K        5.1G
Postprocessing                    0.0K        0.0K        5.1G
  Paraview                        0.0K        0.0K        5.1G
Disk IO                         126.7M      126.7M        5.2G
--------------------------------------------------------------
Total                             5.3G        5.3G        5.3G

