geode_s4p5_n6_t1 run 1: exit 0 0:33.66
geode_s4p5_n6_t8 run 1: exit 0 0:27.17
geode_s4p5_n6_t1knob run 1: exit 0 0:32.69
geode_s4p5_n30_t1 run 1: exit 0 0:34.45
geode_s4p5_n30_t8 run 1: exit 0 0:29.08
geode_s20_n6_t1 run 1: exit 0 0:33.21
geode_s20_n6_t8 run 1: exit 0 0:27.26
geode_pa_s4p5_n8_t1 run 1: exit 0 1:07.26
geode_pa_s4p5_n8_t8 run 1: exit 0 0:50.10
palace_s4p5_n6_np1 run 1: exit 0 3:06.65
palace_s4p5_n6_np8 run 1: exit 0 0:33.55
palace_s4p5_n30_np8 run 1: exit 0 1:21.14
palace_s20_n6_np8 run 1: exit 0 0:38.28
palace_s4p5_n8_np8 run 1: exit 0 0:36.00
geode_s20_n12_t1 run 1: exit 0 0:33.92
geode_s20_n12_t8 run 1: exit 0 0:28.00
palace_s20_n12_np1 run 1: exit 0 4:45.87
palace_s20_n12_np8 run 1: exit 0 0:48.96
geode_s4p5_n6_t1 run 2: exit 0 0:32.65
geode_s4p5_n6_t8 run 2: exit 0 0:27.10
geode_s4p5_n6_t1knob run 2: exit 0 0:33.01
geode_s4p5_n30_t1 run 2: exit 0 0:35.23
geode_s4p5_n30_t8 run 2: exit 0 0:29.33
geode_s20_n6_t1 run 2: exit 0 0:33.60
geode_s20_n6_t8 run 2: exit 0 0:28.11
geode_pa_s4p5_n8_t1 run 2: exit 0 1:07.71
geode_pa_s4p5_n8_t8 run 2: exit 0 0:51.18
palace_s4p5_n6_np1 run 2: exit 0 3:08.00
palace_s4p5_n6_np8 run 2: exit 0 0:33.35
geode_s20_n12_t1 run 2: exit 0 0:33.92
geode_s20_n12_t8 run 2: exit 0 0:27.50
geode_s4p5_n6_t1 run 3: exit 0 0:32.82
geode_s4p5_n6_t8 run 3: exit 0 0:26.90
geode_s4p5_n6_t1knob run 3: exit 0 0:32.03
geode_s4p5_n30_t1 run 3: exit 0 0:33.98
geode_s4p5_n30_t8 run 3: exit 0 0:28.46
geode_s20_n6_t1 run 3: exit 0 0:32.59
geode_s20_n6_t8 run 3: exit 0 0:26.56
geode_pa_s4p5_n8_t1 run 3: exit 0 1:06.94
geode_pa_s4p5_n8_t8 run 3: exit 0 0:51.12
palace_s4p5_n6_np1 run 3: exit 0 3:06.84
palace_s4p5_n6_np8 run 3: exit 0 0:33.13
geode_s20_n12_t1 run 3: exit 0 0:33.21
geode_s20_n12_t8 run 3: exit 0 0:27.75
done: <home>/like-for-like/run
