>> /usr/lib64/mpich/bin/mpirun -n 8 -bind-to core /opt/palace/bin/palace-x86_64.bin /work/cfg_palace_s4p5_n6_np8_nosave_run2.json

_____________     _______
_____   __   \____ __   /____ ____________
____   /_/  /  __ ` /  /  __ ` /  ___/  _ \
___   _____/  /_/  /  /  /_/  /  /__/  ___/
  /__/     \___,__/__/\___,__/\_____\_____/

Git changeset ID: v0.17.0-99-gfba6a5b9d
Running with 8 MPI processes, 1 OpenMP thread
Device configuration: omp,cpu
Memory configuration: host-std
libCEED backend: /cpu/self/opt/blocked

Added 4913 elements in 2 iterations of local bisection for under-resolved interior boundaries
Added 6014 duplicate vertices for interior boundaries in the mesh
Added 15098 duplicate boundary elements for interior boundaries in the mesh
Added 5986 boundary elements for material interfaces to the mesh

Characteristic length and time scales:
 Lc = 4.000e-03 m, tc = 1.334e-02 ns
Finished partitioning mesh into 8 subdomains

Mesh curvature order: 1
Mesh bounding box:
 (Xmin, Ymin, Zmin) = (-2.000e-03, -7.070e-04, -1.000e-03) m
 (Xmax, Ymax, Zmax) = (+2.000e-03, +2.993e-03, +1.000e-03) m

Parallel Mesh Stats:

                minimum     average     maximum       total
 vertices          3224        3713        3931       29705
 edges            21114       22986       24011      183891
 faces            34700       36552       37871      292418
 elements         16808       17278       17796      138227
 neighbors            3           5           7

            minimum     maximum
 h      0.000238104    0.128545
 kappa      1.00669     16.9909

Estimated current per-rank memory usage is: Min. 43.3M, Max. 148.8M, Avg. 57.4M, Total 458.9M
Estimated current per-node memory usage is: Min. 459.5M, Max. 459.5M, Avg. 459.5M, Total 459.5M

Configuring Robin impedance BC for lumped ports at attributes:
 4: Ls = 1.486e-08 H/sq, Cs = 5.500e-15 F/sq, n = (+0.0,+0.0,+1.0)

Configuring lumped port circuit properties:
 Index = 1: L = 1.486e-08 H, C = 5.500e-15 F

Configuring Dirichlet PEC BC at attributes:
 3, 5

Assembling system matrices, number of global unknowns:
 H1 (p = 1): 29705, ND (p = 1): 183891, RT (p = 1): 292418
 Operator assembly level: Partial
 Mesh geometries:
  Tetrahedron: P = 6, Q = 4 (quadrature order = 2)

Configuring SLEPc eigenvalue solver:
 Scaling γ = 1.067e+05, δ = 1.708e-05
 Configuring divergence-free projection
 Using random starting vector
 Shift-and-invert σ = 4.500e+00 GHz (3.773e-01)

Assembling multigrid hierarchy:
 Level 0 (p = 1): 183891 unknowns
 Level 0 (auxiliary) (p = 1): 29705 unknowns

#PETSc Option Table entries:
-eps_monitor # (source: code)
#End of PETSc Option Table entries

  Residual norms for GMRES solve
  0 (restart 0) KSP residual norm 1.458703e+00
  1 (restart 0) KSP residual norm 5.814460e-09
  2 (restart 0) KSP residual norm 4.701200e-15
GMRES solver converged in 2 iterations (avg. reduction factor: 5.677e-08)
  Residual norms for GMRES solve
  0 (restart 0) KSP residual norm 3.249503e+01
  1 (restart 0) KSP residual norm 1.328133e-07
  2 (restart 0) KSP residual norm 2.365916e-14
GMRES solver converged in 2 iterations (avg. reduction factor: 2.698e-08)
  Residual norms for GMRES solve
  0 (restart 0) KSP residual norm 3.980322e+01
  1 (restart 0) KSP residual norm 7.721188e-08
  2 (restart 0) KSP residual norm 6.337518e-14
GMRES solver converged in 2 iterations (avg. reduction factor: 3.990e-08)
  Residual norms for GMRES solve
  0 (restart 0) KSP residual norm 1.356360e+01
  1 (restart 0) KSP residual norm 2.314103e-08
  2 (restart 0) KSP residual norm 1.212986e-14
GMRES solver converged in 2 iterations (avg. reduction factor: 2.990e-08)
  Residual norms for GMRES solve
  0 (restart 0) KSP residual norm 3.820470e+00
  1 (restart 0) KSP residual norm 4.210119e-09
  2 (restart 0) KSP residual norm 1.105062e-15
GMRES solver converged in 2 iterations (avg. reduction factor: 1.701e-08)
  Residual norms for GMRES solve
  0 (restart 0) KSP residual norm 9.174308e-01
  1 (restart 0) KSP residual norm 5.773344e-10
GMRES solver converged in 1 iteration (avg. reduction factor: 6.293e-10)
  Residual norms for GMRES solve
  0 (restart 0) KSP residual norm 9.521023e-01
  1 (restart 0) KSP residual norm 1.193337e-09
  2 (restart 0) KSP residual norm 2.344844e-15
GMRES solver converged in 2 iterations (avg. reduction factor: 4.963e-08)
  Residual norms for GMRES solve
  0 (restart 0) KSP residual norm 9.237027e-01
  1 (restart 0) KSP residual norm 2.744908e-09
  2 (restart 0) KSP residual norm 1.386361e-15
GMRES solver converged in 2 iterations (avg. reduction factor: 3.874e-08)
  Residual norms for GMRES solve
  0 (restart 0) KSP residual norm 1.626286e+00
  1 (restart 0) KSP residual norm 2.083340e-09
  2 (restart 0) KSP residual norm 4.403958e-15
GMRES solver converged in 2 iterations (avg. reduction factor: 5.204e-08)
  Residual norms for GMRES solve
  0 (restart 0) KSP residual norm 1.544156e+00
  1 (restart 0) KSP residual norm 2.381363e-09
  2 (restart 0) KSP residual norm 4.336492e-15
GMRES solver converged in 2 iterations (avg. reduction factor: 5.299e-08)
  Residual norms for GMRES solve
  0 (restart 0) KSP residual norm 8.123554e-01
  1 (restart 0) KSP residual norm 2.397509e-09
  2 (restart 0) KSP residual norm 1.819514e-15
GMRES solver converged in 2 iterations (avg. reduction factor: 4.733e-08)
  Residual norms for GMRES solve
  0 (restart 0) KSP residual norm 7.779388e-01
  1 (restart 0) KSP residual norm 1.902497e-09
  2 (restart 0) KSP residual norm 2.622062e-15
GMRES solver converged in 2 iterations (avg. reduction factor: 5.806e-08)
  Residual norms for GMRES solve
  0 (restart 0) KSP residual norm 1.626896e+00
  1 (restart 0) KSP residual norm 2.802933e-09
  2 (restart 0) KSP residual norm 4.043413e-15
GMRES solver converged in 2 iterations (avg. reduction factor: 4.985e-08)
  Residual norms for GMRES solve
  0 (restart 0) KSP residual norm 1.018058e+00
  1 (restart 0) KSP residual norm 4.475190e-09
  2 (restart 0) KSP residual norm 2.243436e-15
GMRES solver converged in 2 iterations (avg. reduction factor: 4.694e-08)
  Residual norms for GMRES solve
  0 (restart 0) KSP residual norm 2.167541e+00
  1 (restart 0) KSP residual norm 3.568973e-09
  2 (restart 0) KSP residual norm 8.648134e-15
GMRES solver converged in 2 iterations (avg. reduction factor: 6.317e-08)
  Residual norms for GMRES solve
  0 (restart 0) KSP residual norm 5.167879e-01
  1 (restart 0) KSP residual norm 1.179562e-09
  2 (restart 0) KSP residual norm 3.046800e-15
GMRES solver converged in 2 iterations (avg. reduction factor: 7.678e-08)
  Residual norms for GMRES solve
  0 (restart 0) KSP residual norm 5.239626e-01
  1 (restart 0) KSP residual norm 1.306865e-09
  2 (restart 0) KSP residual norm 4.082575e-16
GMRES solver converged in 2 iterations (avg. reduction factor: 2.791e-08)
  Residual norms for GMRES solve
  0 (restart 0) KSP residual norm 6.819321e-01
  1 (restart 0) KSP residual norm 1.312985e-09
  2 (restart 0) KSP residual norm 2.424673e-15
GMRES solver converged in 2 iterations (avg. reduction factor: 5.963e-08)
  Residual norms for GMRES solve
  0 (restart 0) KSP residual norm 2.188422e+00
  1 (restart 0) KSP residual norm 3.245283e-09
  2 (restart 0) KSP residual norm 5.413014e-15
GMRES solver converged in 2 iterations (avg. reduction factor: 4.973e-08)
  Residual norms for GMRES solve
  0 (restart 0) KSP residual norm 1.106959e+00
  1 (restart 0) KSP residual norm 1.725378e-09
  2 (restart 0) KSP residual norm 2.591799e-15
GMRES solver converged in 2 iterations (avg. reduction factor: 4.839e-08)
  Residual norms for GMRES solve
  0 (restart 0) KSP residual norm 5.059926e-01
  1 (restart 0) KSP residual norm 6.109754e-10
  2 (restart 0) KSP residual norm 5.069548e-17
GMRES solver converged in 2 iterations (avg. reduction factor: 1.001e-08)
  1 EPS nconv=5 first unconverged value (error) 4.48165e-05+4.57426e-15i (2.67283399e-08)
  Residual norms for GMRES solve
  0 (restart 0) KSP residual norm 5.811394e-01
  1 (restart 0) KSP residual norm 1.371793e-09
  2 (restart 0) KSP residual norm 6.452105e-16
GMRES solver converged in 2 iterations (avg. reduction factor: 3.332e-08)
  Residual norms for GMRES solve
  0 (restart 0) KSP residual norm 2.494358e+01
  1 (restart 0) KSP residual norm 1.079484e-07
  2 (restart 0) KSP residual norm 9.406731e-14
GMRES solver converged in 2 iterations (avg. reduction factor: 6.141e-08)
  Residual norms for GMRES solve
  0 (restart 0) KSP residual norm 2.210695e+01
  1 (restart 0) KSP residual norm 9.255654e-08
  2 (restart 0) KSP residual norm 4.431353e-14
GMRES solver converged in 2 iterations (avg. reduction factor: 4.477e-08)
  Residual norms for GMRES solve
  0 (restart 0) KSP residual norm 4.928694e+00
  1 (restart 0) KSP residual norm 1.502824e-08
  2 (restart 0) KSP residual norm 2.800512e-15
GMRES solver converged in 2 iterations (avg. reduction factor: 2.384e-08)
  Residual norms for GMRES solve
  0 (restart 0) KSP residual norm 6.226587e-01
  1 (restart 0) KSP residual norm 1.492190e-09
  2 (restart 0) KSP residual norm 2.597207e-15
GMRES solver converged in 2 iterations (avg. reduction factor: 6.458e-08)
  Residual norms for GMRES solve
  0 (restart 0) KSP residual norm 1.096300e+00
  1 (restart 0) KSP residual norm 3.200232e-09
  2 (restart 0) KSP residual norm 7.131155e-17
GMRES solver converged in 2 iterations (avg. reduction factor: 8.065e-09)
  Residual norms for GMRES solve
  0 (restart 0) KSP residual norm 1.094703e+00
  1 (restart 0) KSP residual norm 1.623948e-09
  2 (restart 0) KSP residual norm 3.977644e-15
GMRES solver converged in 2 iterations (avg. reduction factor: 6.028e-08)
  Residual norms for GMRES solve
  0 (restart 0) KSP residual norm 7.382189e-01
  1 (restart 0) KSP residual norm 1.515806e-09
  2 (restart 0) KSP residual norm 1.194346e-15
GMRES solver converged in 2 iterations (avg. reduction factor: 4.022e-08)
  2 EPS nconv=6 first unconverged value (error) 7.34303e-05+1.50193e-13i (2.17293077e-07)

 Linear eigensolve converged (6 eigenpairs) due to CONVERGED_TOL; iterations 2
 Total number of linear systems solved: 29
 Total number of linear solver iterations: 57
 Found 6 converged eigenvalues (first = 1.865e-01-7.336e-17i)

Computing solution error estimates and performing postprocessing

     m,        Re{f} (GHz),        Im{f} (GHz),                  Q,      Error (Bkwd.),       Error (Abs.)
     1,      +5.151336e+00,      -1.013126e-15,      +2.542297e+15,      +1.117990e-17,      +1.309032e-12
     2,      +1.546052e+01,      -2.751533e-12,      +2.809437e+12,      +3.321360e-17,      +3.888968e-12
     3,      +1.749011e+01,      -2.370411e-15,      +3.689256e+15,      +5.771403e-16,      +6.757744e-11
     4,      +1.869166e+01,      -3.659638e-14,      +2.553758e+14,      +8.290936e-15,      +9.707897e-10
     5,      +2.069756e+01,      +9.156150e-12,      +1.130254e+12,      +3.787083e-13,      +4.434337e-08
     6,      +2.608090e+01,      -1.042614e-13,      +1.250745e+14,      +1.971830e-15,      +2.308875e-10

Completed 0 iterations of adaptive mesh refinement (AMR):
 Indicator norm = 7.697e-01, global unknowns = 183891
 Max. iterations = 0, tol. = 1.000e-02

Estimated peak per-rank memory usage is: Min. 459.9M, Max. 516.2M, Avg. 487.3M, Total 3.8G
Estimated peak per-node memory usage is: Min. 3.8G, Max. 3.8G, Avg. 3.8G, Total 3.8G

Elapsed Time Report (s)           Min.        Max.        Avg.
==============================================================
Initialization                   0.298       3.180       2.820
  Mesh Preprocessing             0.707       3.589       1.068
Operator Construction            0.486       0.492       0.488
Linear Solve                     1.295       1.303       1.298
  Setup                          0.234       0.234       0.234
  Preconditioner                 7.713       7.718       7.716
Eigenvalue Solve                 0.506       0.511       0.509
Div.-Free Projection             3.397       3.406       3.403
Estimation                       0.126       0.134       0.130
  Construction                   1.122       1.122       1.122
  Solve                          3.785       3.789       3.787
Postprocessing                   0.354       0.359       0.356
Disk IO                          0.622       0.622       0.622
--------------------------------------------------------------
Total                           23.567      23.567      23.567

Peak Memory                   Per-Node       Total   Total HWM
==============================================================
Initialization                   22.7M       22.7M       22.7M
  Mesh Preprocessing            150.3M      150.3M      173.0M
Operator Construction           305.3M      305.3M      478.3M
Linear Solve                    256.0K      256.0K      478.5M
  Setup                         351.3M      351.3M      829.9M
  Preconditioner                  2.6G        2.6G        3.4G
Eigenvalue Solve                 12.2M       12.2M        3.4G
Div.-Free Projection            112.8M      112.8M        3.5G
Estimation                        0.0K        0.0K        3.5G
  Construction                   10.0M       10.0M        3.5G
  Solve                           0.0K        0.0K        3.5G
Postprocessing                    0.0K        0.0K        3.5G
Disk IO                          46.8M       46.8M        3.6G
--------------------------------------------------------------
Total                             3.6G        3.6G        3.6G

