>> /usr/lib64/mpich/bin/mpirun -n 8 -bind-to core /opt/palace/bin/palace-x86_64.bin /work/cfg_palace_s4p5_n6_np8_nosave_run3.json

_____________     _______
_____   __   \____ __   /____ ____________
____   /_/  /  __ ` /  /  __ ` /  ___/  _ \
___   _____/  /_/  /  /  /_/  /  /__/  ___/
  /__/     \___,__/__/\___,__/\_____\_____/

Git changeset ID: v0.17.0-99-gfba6a5b9d
Running with 8 MPI processes, 1 OpenMP thread
Device configuration: omp,cpu
Memory configuration: host-std
libCEED backend: /cpu/self/opt/blocked

Added 4913 elements in 2 iterations of local bisection for under-resolved interior boundaries
Added 6014 duplicate vertices for interior boundaries in the mesh
Added 15098 duplicate boundary elements for interior boundaries in the mesh
Added 5986 boundary elements for material interfaces to the mesh

Characteristic length and time scales:
 Lc = 4.000e-03 m, tc = 1.334e-02 ns
Finished partitioning mesh into 8 subdomains

Mesh curvature order: 1
Mesh bounding box:
 (Xmin, Ymin, Zmin) = (-2.000e-03, -7.070e-04, -1.000e-03) m
 (Xmax, Ymax, Zmax) = (+2.000e-03, +2.993e-03, +1.000e-03) m

Parallel Mesh Stats:

                minimum     average     maximum       total
 vertices          3224        3713        3931       29705
 edges            21114       22986       24011      183891
 faces            34700       36552       37871      292418
 elements         16808       17278       17796      138227
 neighbors            3           5           7

            minimum     maximum
 h      0.000238104    0.128545
 kappa      1.00669     16.9909

Estimated current per-rank memory usage is: Min. 43.6M, Max. 148.8M, Avg. 57.4M, Total 459.0M
Estimated current per-node memory usage is: Min. 459.7M, Max. 459.7M, Avg. 459.7M, Total 459.7M

Configuring Robin impedance BC for lumped ports at attributes:
 4: Ls = 1.486e-08 H/sq, Cs = 5.500e-15 F/sq, n = (+0.0,+0.0,+1.0)

Configuring lumped port circuit properties:
 Index = 1: L = 1.486e-08 H, C = 5.500e-15 F

Configuring Dirichlet PEC BC at attributes:
 3, 5

Assembling system matrices, number of global unknowns:
 H1 (p = 1): 29705, ND (p = 1): 183891, RT (p = 1): 292418
 Operator assembly level: Partial
 Mesh geometries:
  Tetrahedron: P = 6, Q = 4 (quadrature order = 2)

Configuring SLEPc eigenvalue solver:
 Scaling γ = 1.067e+05, δ = 1.708e-05
 Configuring divergence-free projection
 Using random starting vector
 Shift-and-invert σ = 4.500e+00 GHz (3.773e-01)

Assembling multigrid hierarchy:
 Level 0 (p = 1): 183891 unknowns
 Level 0 (auxiliary) (p = 1): 29705 unknowns

#PETSc Option Table entries:
-eps_monitor # (source: code)
#End of PETSc Option Table entries

  Residual norms for GMRES solve
  0 (restart 0) KSP residual norm 1.458703e+00
  1 (restart 0) KSP residual norm 5.814456e-09
  2 (restart 0) KSP residual norm 4.560379e-15
GMRES solver converged in 2 iterations (avg. reduction factor: 5.591e-08)
  Residual norms for GMRES solve
  0 (restart 0) KSP residual norm 3.249503e+01
  1 (restart 0) KSP residual norm 1.328133e-07
  2 (restart 0) KSP residual norm 1.317203e-14
GMRES solver converged in 2 iterations (avg. reduction factor: 2.013e-08)
  Residual norms for GMRES solve
  0 (restart 0) KSP residual norm 3.980322e+01
  1 (restart 0) KSP residual norm 7.721185e-08
  2 (restart 0) KSP residual norm 7.515152e-14
GMRES solver converged in 2 iterations (avg. reduction factor: 4.345e-08)
  Residual norms for GMRES solve
  0 (restart 0) KSP residual norm 1.356360e+01
  1 (restart 0) KSP residual norm 2.314106e-08
  2 (restart 0) KSP residual norm 1.429121e-14
GMRES solver converged in 2 iterations (avg. reduction factor: 3.246e-08)
  Residual norms for GMRES solve
  0 (restart 0) KSP residual norm 3.820470e+00
  1 (restart 0) KSP residual norm 4.210128e-09
  2 (restart 0) KSP residual norm 2.439752e-15
GMRES solver converged in 2 iterations (avg. reduction factor: 2.527e-08)
  Residual norms for GMRES solve
  0 (restart 0) KSP residual norm 9.174308e-01
  1 (restart 0) KSP residual norm 5.773161e-10
GMRES solver converged in 1 iteration (avg. reduction factor: 6.293e-10)
  Residual norms for GMRES solve
  0 (restart 0) KSP residual norm 9.521023e-01
  1 (restart 0) KSP residual norm 1.193341e-09
  2 (restart 0) KSP residual norm 1.719725e-15
GMRES solver converged in 2 iterations (avg. reduction factor: 4.250e-08)
  Residual norms for GMRES solve
  0 (restart 0) KSP residual norm 9.237027e-01
  1 (restart 0) KSP residual norm 2.744901e-09
  2 (restart 0) KSP residual norm 6.112051e-16
GMRES solver converged in 2 iterations (avg. reduction factor: 2.572e-08)
  Residual norms for GMRES solve
  0 (restart 0) KSP residual norm 1.626286e+00
  1 (restart 0) KSP residual norm 2.083343e-09
  2 (restart 0) KSP residual norm 2.176522e-15
GMRES solver converged in 2 iterations (avg. reduction factor: 3.658e-08)
  Residual norms for GMRES solve
  0 (restart 0) KSP residual norm 1.544156e+00
  1 (restart 0) KSP residual norm 2.381375e-09
  2 (restart 0) KSP residual norm 2.436875e-15
GMRES solver converged in 2 iterations (avg. reduction factor: 3.973e-08)
  Residual norms for GMRES solve
  0 (restart 0) KSP residual norm 8.123554e-01
  1 (restart 0) KSP residual norm 2.397510e-09
  2 (restart 0) KSP residual norm 2.205898e-15
GMRES solver converged in 2 iterations (avg. reduction factor: 5.211e-08)
  Residual norms for GMRES solve
  0 (restart 0) KSP residual norm 7.779388e-01
  1 (restart 0) KSP residual norm 1.902502e-09
  2 (restart 0) KSP residual norm 3.770274e-16
GMRES solver converged in 2 iterations (avg. reduction factor: 2.201e-08)
  Residual norms for GMRES solve
  0 (restart 0) KSP residual norm 1.626896e+00
  1 (restart 0) KSP residual norm 2.802933e-09
  2 (restart 0) KSP residual norm 1.525561e-15
GMRES solver converged in 2 iterations (avg. reduction factor: 3.062e-08)
  Residual norms for GMRES solve
  0 (restart 0) KSP residual norm 1.018058e+00
  1 (restart 0) KSP residual norm 4.475190e-09
  2 (restart 0) KSP residual norm 4.775137e-15
GMRES solver converged in 2 iterations (avg. reduction factor: 6.849e-08)
  Residual norms for GMRES solve
  0 (restart 0) KSP residual norm 2.167541e+00
  1 (restart 0) KSP residual norm 3.568969e-09
  2 (restart 0) KSP residual norm 3.492718e-15
GMRES solver converged in 2 iterations (avg. reduction factor: 4.014e-08)
  Residual norms for GMRES solve
  0 (restart 0) KSP residual norm 5.167879e-01
  1 (restart 0) KSP residual norm 1.179561e-09
  2 (restart 0) KSP residual norm 2.979963e-15
GMRES solver converged in 2 iterations (avg. reduction factor: 7.594e-08)
  Residual norms for GMRES solve
  0 (restart 0) KSP residual norm 5.239626e-01
  1 (restart 0) KSP residual norm 1.306862e-09
  2 (restart 0) KSP residual norm 9.574069e-16
GMRES solver converged in 2 iterations (avg. reduction factor: 4.275e-08)
  Residual norms for GMRES solve
  0 (restart 0) KSP residual norm 6.819321e-01
  1 (restart 0) KSP residual norm 1.312982e-09
  2 (restart 0) KSP residual norm 9.574191e-16
GMRES solver converged in 2 iterations (avg. reduction factor: 3.747e-08)
  Residual norms for GMRES solve
  0 (restart 0) KSP residual norm 2.188422e+00
  1 (restart 0) KSP residual norm 3.245280e-09
  2 (restart 0) KSP residual norm 8.665444e-15
GMRES solver converged in 2 iterations (avg. reduction factor: 6.293e-08)
  Residual norms for GMRES solve
  0 (restart 0) KSP residual norm 1.106959e+00
  1 (restart 0) KSP residual norm 1.725379e-09
  2 (restart 0) KSP residual norm 1.504875e-15
GMRES solver converged in 2 iterations (avg. reduction factor: 3.687e-08)
  Residual norms for GMRES solve
  0 (restart 0) KSP residual norm 5.059926e-01
  1 (restart 0) KSP residual norm 6.109757e-10
  2 (restart 0) KSP residual norm 4.597497e-16
GMRES solver converged in 2 iterations (avg. reduction factor: 3.014e-08)
  1 EPS nconv=5 first unconverged value (error) 4.48165e-05+4.57425e-15i (2.67283399e-08)
  Residual norms for GMRES solve
  0 (restart 0) KSP residual norm 5.811394e-01
  1 (restart 0) KSP residual norm 1.371793e-09
  2 (restart 0) KSP residual norm 4.850809e-16
GMRES solver converged in 2 iterations (avg. reduction factor: 2.889e-08)
  Residual norms for GMRES solve
  0 (restart 0) KSP residual norm 2.494358e+01
  1 (restart 0) KSP residual norm 1.079481e-07
  2 (restart 0) KSP residual norm 2.773078e-14
GMRES solver converged in 2 iterations (avg. reduction factor: 3.334e-08)
  Residual norms for GMRES solve
  0 (restart 0) KSP residual norm 2.210695e+01
  1 (restart 0) KSP residual norm 9.255667e-08
  2 (restart 0) KSP residual norm 6.994335e-14
GMRES solver converged in 2 iterations (avg. reduction factor: 5.625e-08)
  Residual norms for GMRES solve
  0 (restart 0) KSP residual norm 4.928694e+00
  1 (restart 0) KSP residual norm 1.502823e-08
  2 (restart 0) KSP residual norm 7.429813e-15
GMRES solver converged in 2 iterations (avg. reduction factor: 3.883e-08)
  Residual norms for GMRES solve
  0 (restart 0) KSP residual norm 6.226587e-01
  1 (restart 0) KSP residual norm 1.492190e-09
  2 (restart 0) KSP residual norm 5.442239e-16
GMRES solver converged in 2 iterations (avg. reduction factor: 2.956e-08)
  Residual norms for GMRES solve
  0 (restart 0) KSP residual norm 1.096300e+00
  1 (restart 0) KSP residual norm 3.200229e-09
  2 (restart 0) KSP residual norm 1.938775e-15
GMRES solver converged in 2 iterations (avg. reduction factor: 4.205e-08)
  Residual norms for GMRES solve
  0 (restart 0) KSP residual norm 1.094703e+00
  1 (restart 0) KSP residual norm 1.623947e-09
  2 (restart 0) KSP residual norm 6.014620e-15
GMRES solver converged in 2 iterations (avg. reduction factor: 7.412e-08)
  Residual norms for GMRES solve
  0 (restart 0) KSP residual norm 7.382189e-01
  1 (restart 0) KSP residual norm 1.515804e-09
  2 (restart 0) KSP residual norm 2.100997e-15
GMRES solver converged in 2 iterations (avg. reduction factor: 5.335e-08)
  2 EPS nconv=6 first unconverged value (error) 7.34303e-05+1.50193e-13i (2.17293077e-07)

 Linear eigensolve converged (6 eigenpairs) due to CONVERGED_TOL; iterations 2
 Total number of linear systems solved: 29
 Total number of linear solver iterations: 57
 Found 6 converged eigenvalues (first = 1.865e-01+4.951e-17i)

Computing solution error estimates and performing postprocessing

     m,        Re{f} (GHz),        Im{f} (GHz),                  Q,      Error (Bkwd.),       Error (Abs.)
     1,      +5.151336e+00,      +6.837995e-16,      +3.766700e+15,      +1.183994e-17,      +1.386315e-12
     2,      +1.546052e+01,      -2.716091e-12,      +2.846098e+12,      +3.724393e-17,      +4.360877e-12
     3,      +1.749011e+01,      -2.232122e-15,      +3.917822e+15,      +5.751286e-16,      +6.734189e-11
     4,      +1.869166e+01,      -3.271316e-14,      +2.856902e+14,      +8.280765e-15,      +9.695988e-10
     5,      +2.069756e+01,      +9.155351e-12,      +1.130353e+12,      +3.787058e-13,      +4.434307e-08
     6,      +2.608090e+01,      -1.069471e-13,      +1.219337e+14,      +1.970375e-15,      +2.307172e-10

Completed 0 iterations of adaptive mesh refinement (AMR):
 Indicator norm = 7.697e-01, global unknowns = 183891
 Max. iterations = 0, tol. = 1.000e-02

Estimated peak per-rank memory usage is: Min. 459.6M, Max. 515.8M, Avg. 485.2M, Total 3.8G
Estimated peak per-node memory usage is: Min. 3.8G, Max. 3.8G, Avg. 3.8G, Total 3.8G

Elapsed Time Report (s)           Min.        Max.        Avg.
==============================================================
Initialization                   0.301       3.166       2.808
  Mesh Preprocessing             0.704       3.572       1.063
Operator Construction            0.482       0.489       0.485
Linear Solve                     1.294       1.298       1.296
  Setup                          0.236       0.236       0.236
  Preconditioner                 7.703       7.706       7.705
Eigenvalue Solve                 0.507       0.512       0.510
Div.-Free Projection             3.378       3.386       3.383
Estimation                       0.129       0.135       0.132
  Construction                   1.103       1.104       1.103
  Solve                          3.799       3.803       3.801
Postprocessing                   0.356       0.361       0.358
Disk IO                          0.611       0.611       0.611
--------------------------------------------------------------
Total                           23.508      23.509      23.508

Peak Memory                   Per-Node       Total   Total HWM
==============================================================
Initialization                   23.8M       23.8M       23.8M
  Mesh Preprocessing            149.0M      149.0M      172.8M
Operator Construction           306.2M      306.2M      479.0M
Linear Solve                    128.0K      128.0K      479.1M
  Setup                         350.5M      350.5M      829.6M
  Preconditioner                  2.6G        2.6G        3.4G
Eigenvalue Solve                 12.4M       12.4M        3.4G
Div.-Free Projection            113.0M      113.0M        3.5G
Estimation                        0.0K        0.0K        3.5G
  Construction                    9.9M        9.9M        3.5G
  Solve                           0.0K        0.0K        3.5G
Postprocessing                    0.0K        0.0K        3.5G
Disk IO                          46.7M       46.7M        3.5G
--------------------------------------------------------------
Total                             3.6G        3.6G        3.6G

