
running 1 test
test diag956_threading ... diag956 site=complex n=34
diag956 loadavg_1min_process_start=16.43
diag956 rayon_num_threads=unset
diag956 dofs=35937
diag956 solve_user_s=22.763
diag956 solve_sys_s=75.591
diag956 solve_wall_s=5.633
diag956 value[0] = 2.97141857490838710e1 5.94283714981683642e-1
diag956 value[1] = 5.95361557077733607e1 1.19072311415546217e0
diag956 value[2] = 5.95361557077737658e1 1.19072311415546550e0
diag956 value[3] = 5.97192198510774830e1 1.19438439702154242e0
diag956 value[4] = 8.96403449675012070e1 1.79280689935000348e0
diag956 value[5] = 8.96403449675017896e1 1.79280689935003879e0
diag956 value[6] = 8.99103981437306459e1 1.79820796287461260e0
diag956 value[7] = 1.09684957985494620e2 2.19369915970989204e0
diag956 value[8] = 1.09684957985496993e2 2.19369915970994311e0
diag956 value[9] = 1.09692476061949023e2 2.19384952123899435e0
diag956 value[10] = 1.20107596400865205e2 2.40215192801729405e0
diag956 value[11] = 1.39638464659107342e2 2.79276929318212996e0
diag956 value[12] = 1.39825703509355549e2 2.79651407018713138e0
diag956 value[13] = 1.40650280415399777e2 2.81300560830800572e0
diag956 value[14] = 1.40863874091959019e2 2.81727748183918569e0
diag956 value[15] = 1.70475786808763843e2 3.40951573617526238e0
diag956 value[16] = 1.72154318912116366e2 3.44308637824231845e0
diag956 value[17] = 1.80378156319028705e2 3.60756312638056631e0
diag956 value[18] = 1.80467289323856335e2 3.60934578647712456e0
diag956 value[19] = 1.91374393737246663e2 3.82748787474560803e0
diag956 loadavg_1min_process_end=16.83
ok

test result: ok. 1 passed; 0 failed; 0 ignored; 0 measured; 0 filtered out; finished in 40.51s

