
running 1 test
test diag956_threading ... diag956 site=complex n=34
diag956 loadavg_1min_process_start=17.72
diag956 rayon_num_threads=8
diag956 dofs=35937
diag956 solve_user_s=15.728
diag956 solve_sys_s=3.501
diag956 solve_wall_s=4.458
diag956 value[0] = 2.97141857490841872e1 5.94283714981688971e-1
diag956 value[1] = 5.95361557077732328e1 1.19072311415545640e0
diag956 value[2] = 5.95361557077736023e1 1.19072311415547705e0
diag956 value[3] = 5.97192198510775611e1 1.19438439702154775e0
diag956 value[4] = 8.96403449675011075e1 1.79280689935001925e0
diag956 value[5] = 8.96403449675014343e1 1.79280689934999815e0
diag956 value[6] = 8.99103981437299922e1 1.79820796287459173e0
diag956 value[7] = 1.09684957985493483e2 2.19369915970981699e0
diag956 value[8] = 1.09684957985496467e2 2.19369915970988050e0
diag956 value[9] = 1.09692476061948028e2 2.19384952123895216e0
diag956 value[10] = 1.20107596400864651e2 2.40215192801729938e0
diag956 value[11] = 1.39638464659107086e2 2.79276929318212819e0
diag956 value[12] = 1.39825703509355179e2 2.79651407018711540e0
diag956 value[13] = 1.40650280415399777e2 2.81300560830798885e0
diag956 value[14] = 1.40863874091958934e2 2.81727748183916837e0
diag956 value[15] = 1.70475786808762848e2 3.40951573617522685e0
diag956 value[16] = 1.72154318912115144e2 3.44308637824225539e0
diag956 value[17] = 1.80378156319028164e2 3.60756312638055299e0
diag956 value[18] = 1.80467289323855596e2 3.60934578647711524e0
diag956 value[19] = 1.91374393737242769e2 3.82748787474540997e0
diag956 loadavg_1min_process_end=14.73
ok

test result: ok. 1 passed; 0 failed; 0 ignored; 0 measured; 0 filtered out; finished in 39.09s

