
running 1 test
test diag956_threading ... diag956 site=complex n=34
diag956 loadavg_1min_process_start=25.52
diag956 rayon_num_threads=unset
diag956 dofs=35937
diag956 solve_user_s=17.286
diag956 solve_sys_s=27.398
diag956 solve_wall_s=5.417
diag956 value[0] = 2.97141857490837609e1 5.94283714981671540e-1
diag956 value[1] = 5.95361557077734673e1 1.19072311415545884e0
diag956 value[2] = 5.95361557077737729e1 1.19072311415548437e0
diag956 value[3] = 5.97192198510768577e1 1.19438439702152177e0
diag956 value[4] = 8.96403449675011501e1 1.79280689935000503e0
diag956 value[5] = 8.96403449675016049e1 1.79280689935001680e0
diag956 value[6] = 8.99103981437308164e1 1.79820796287464102e0
diag956 value[7] = 1.09684957985495117e2 2.19369915970990137e0
diag956 value[8] = 1.09684957985497491e2 2.19369915970994089e0
diag956 value[9] = 1.09692476061948000e2 2.19384952123893751e0
diag956 value[10] = 1.20107596400864523e2 2.40215192801726918e0
diag956 value[11] = 1.39638464659107115e2 2.79276929318213973e0
diag956 value[12] = 1.39825703509354639e2 2.79651407018707721e0
diag956 value[13] = 1.40650280415399948e2 2.81300560830800261e0
diag956 value[14] = 1.40863874091958962e2 2.81727748183918569e0
diag956 value[15] = 1.70475786808762905e2 3.40951573617522996e0
diag956 value[16] = 1.72154318912115741e2 3.44308637824226293e0
diag956 value[17] = 1.80378156319028506e2 3.60756312638053256e0
diag956 value[18] = 1.80467289323856733e2 3.60934578647712190e0
diag956 value[19] = 1.91374393737232083e2 3.82748787474542285e0
diag956 loadavg_1min_process_end=19.17
ok

test result: ok. 1 passed; 0 failed; 0 ignored; 0 measured; 0 filtered out; finished in 40.39s

