
running 1 test
test diag956_threading ... diag956 site=transient n=24
diag956 loadavg_1min_process_start=14.73
diag956 rayon_num_threads=8
diag956 interior_edges=96744
diag956 factor_user_s=33.231
diag956 factor_sys_s=3.651
diag956 factor_wall_s=6.578
diag956 run_user_s=76.535
diag956 run_sys_s=25.033
diag956 run_wall_s=23.636
diag956 value[0] = 0.00000000000000000e0
diag956 value[1] = -4.24473727420032466e-5
diag956 value[2] = -8.63648548860387920e-5
diag956 value[3] = -1.25819288706255703e-4
diag956 value[4] = -1.66207926292288860e-4
diag956 value[5] = -1.96613791263959326e-4
diag956 value[6] = -2.24579388702792832e-4
diag956 value[7] = -2.37387961610370876e-4
diag956 value[8] = -2.41218506715361856e-4
diag956 value[9] = -2.24694780614314291e-4
diag956 value[10] = -1.89756265969627064e-4
diag956 value[11] = -1.27522402412633574e-4
diag956 value[12] = -3.37037077931248632e-5
diag956 value[13] = 1.00018424956900429e-4
diag956 value[14] = 2.83324317366499237e-4
diag956 value[15] = 5.21976626055864544e-4
diag956 value[16] = 8.18338643962156654e-4
diag956 value[17] = 1.16538172372161980e-3
diag956 value[18] = 1.55336034364354889e-3
diag956 value[19] = 1.98123472516472483e-3
diag956 value[20] = 2.45297303998906133e-3
diag956 value[21] = 2.97948783986095537e-3
diag956 value[22] = 3.54941536851066403e-3
diag956 value[23] = 4.15120683324651622e-3
diag956 value[24] = 4.76884405062116129e-3
diag956 value[25] = 5.40473340931984288e-3
diag956 value[26] = 6.04493457945803371e-3
diag956 value[27] = 6.66617750972670932e-3
diag956 value[28] = 7.24360169314414420e-3
diag956 value[29] = 7.76233260115824063e-3
diag956 value[30] = 8.20043446927931456e-3
diag956 value[31] = 8.51830967278519209e-3
diag956 value[32] = 8.68693372089433292e-3
diag956 value[33] = 8.67790237532644650e-3
diag956 value[34] = 8.45683954111794631e-3
diag956 value[35] = 7.97744259539691011e-3
diag956 value[36] = 7.21118703802495296e-3
diag956 value[37] = 6.12399972289223889e-3
diag956 value[38] = 4.67617392845575026e-3
diag956 value[39] = 2.83499971641723233e-3
diag956 value[40] = 5.81312477345168120e-4
diag956 value[41] = -2.11163563360279626e-3
diag956 value[42] = -5.26152945442846104e-3
diag956 value[43] = -8.86771101665096741e-3
diag956 value[44] = -1.29271460326711926e-2
diag956 value[45] = -1.74289959501253734e-2
diag956 value[46] = -2.23387090073721740e-2
diag956 value[47] = -2.76110254767437946e-2
diag956 value[48] = -3.31932073158549834e-2
diag956 value[49] = -3.90034814998386076e-2
diag956 value[50] = -4.49474021680767929e-2
diag956 value[51] = -5.09184017237215084e-2
diag956 value[52] = -5.67855473179019327e-2
diag956 value[53] = -6.23994871232154066e-2
diag956 value[54] = -6.76054922899786831e-2
diag956 value[55] = -7.22238505662593094e-2
diag956 value[56] = -7.60654550062496992e-2
diag956 value[57] = -7.89385950886553889e-2
diag956 value[58] = -8.06378631753300462e-2
diag956 value[59] = -8.09577735406750015e-2
diag956 value[60] = -7.97023960170100410e-2
diag956 value[61] = -7.66756584923273116e-2
diag956 value[62] = -7.16973775971682797e-2
diag956 value[63] = -6.46131993914799557e-2
diag956 value[64] = -5.52850793328536205e-2
diag956 value[65] = -4.36121678449906264e-2
diag956 value[66] = -2.95344971206902875e-2
diag956 value[67] = -1.30291436850680196e-2
diag956 value[68] = 5.87166430403075063e-3
diag956 value[69] = 2.70794465005218740e-2
diag956 value[70] = 5.04534410863589841e-2
diag956 value[71] = 7.57827642133402923e-2
diag956 value[72] = 1.02794381987933170e-1
diag956 value[73] = 1.31153371980981592e-1
diag956 value[74] = 1.60452641697896553e-1
diag956 value[75] = 1.90227007769316142e-1
diag956 value[76] = 2.19953298938628444e-1
diag956 value[77] = 2.49049039958987917e-1
diag956 value[78] = 2.76892327744744371e-1
diag956 value[79] = 3.02822513615834454e-1
diag956 value[80] = 3.26150077734808475e-1
diag956 value[81] = 3.46178794203438112e-1
diag956 value[82] = 3.62209011459731389e-1
diag956 value[83] = 3.73557406650774915e-1
diag956 value[84] = 3.79577919485313608e-1
diag956 value[85] = 3.79668006693190729e-1
diag956 value[86] = 3.73295533743987440e-1
diag956 value[87] = 3.60012648617771325e-1
diag956 value[88] = 3.39467271031790696e-1
diag956 value[89] = 3.11428122250565820e-1
diag956 value[90] = 2.75790476294962172e-1
diag956 value[91] = 2.32590377669671361e-1
diag956 value[92] = 1.82019088293383507e-1
diag956 value[93] = 1.24422360184265973e-1
diag956 value[94] = 6.03095879234942442e-2
diag956 value[95] = -9.64435560183744128e-3
diag956 value[96] = -8.46096660617397800e-2
diag956 value[97] = -1.63598963402839137e-1
diag956 value[98] = -2.45484279394743710e-1
diag956 value[99] = -3.29011690767582521e-1
diag956 value[100] = -4.12814001630424920e-1
diag956 value[101] = -4.95439910592464783e-1
diag956 value[102] = -5.75374203662126216e-1
diag956 value[103] = -6.51065376617653291e-1
diag956 value[104] = -7.20960153743113175e-1
diag956 value[105] = -7.83529162258947864e-1
diag956 value[106] = -8.37303812558503502e-1
diag956 value[107] = -8.80909089506406118e-1
diag956 value[108] = -9.13092232722567010e-1
diag956 value[109] = -9.32759851263069151e-1
diag956 value[110] = -9.39002073384330838e-1
diag956 value[111] = -9.31120843125744169e-1
diag956 value[112] = -9.08654460822333920e-1
diag956 value[113] = -8.71392368486015312e-1
diag956 value[114] = -8.19392166473926098e-1
diag956 value[115] = -7.52987799326181095e-1
diag956 value[116] = -6.72789155341801393e-1
diag956 value[117] = -5.79684152580688283e-1
diag956 value[118] = -4.74824989513180529e-1
diag956 value[119] = -3.59614533319279506e-1
diag956 value[120] = -2.35687322690733503e-1
diag956 value[121] = -1.04878557774457509e-1
diag956 value[122] = 3.08029273277889877e-2
diag956 value[123] = 1.69213284356617089e-1
diag956 value[124] = 3.08113499776270450e-1
diag956 value[125] = 4.45209797851846945e-1
diag956 value[126] = 5.78200772265140883e-1
diag956 value[127] = 7.04821350230826926e-1
diag956 value[128] = 8.22887819452585823e-1
diag956 value[129] = 9.30344108044744877e-1
diag956 value[130] = 1.02530135519003540e0
diag956 value[131] = 1.10607884062834727e0
diag956 value[132] = 1.17123868222040173e0
diag956 value[133] = 1.21961441624949196e0
diag956 value[134] = 1.25033818476766734e0
diag956 value[135] = 1.26285652337600518e0
diag956 value[136] = 1.25694310776350071e0
diag956 value[137] = 1.23270476156368902e0
diag956 value[138] = 1.19057604079951385e0
diag956 value[139] = 1.13131387565213060e0
diag956 value[140] = 1.05597888189182343e0
diag956 value[141] = 9.65913342140143794e-1
diag956 value[142] = 8.62715412287961225e-1
diag956 value[143] = 7.48201922251436780e-1
diag956 value[144] = 6.24374285707080090e-1
diag956 value[145] = 4.93375876004531533e-1
diag956 value[146] = 3.57447043429679812e-1
diag956 value[147] = 2.18883577729523021e-1
diag956 value[148] = 7.99869208105184748e-2
diag956 value[149] = -5.69778929213946156e-2
diag956 value[150] = -1.89826058168986123e-1
diag956 value[151] = -3.16496126496900898e-1
diag956 value[152] = -4.35083587823233142e-1
diag956 value[153] = -5.43878073469545087e-1
diag956 value[154] = -6.41389468649893546e-1
diag956 value[155] = -7.26370980754227125e-1
diag956 value[156] = -7.97838831287088657e-1
diag956 value[157] = -8.55080100595272730e-1
diag956 value[158] = -8.97661343428607039e-1
diag956 value[159] = -9.25426399574807768e-1
diag956 value[160] = -9.38488840306648808e-1
diag956 value[161] = -9.37223711390732350e-1
diag956 value[162] = -9.22245398538536043e-1
diag956 value[163] = -8.94391280612043760e-1
diag956 value[164] = -8.54693457979405991e-1
diag956 value[165] = -8.04350422679980359e-1
diag956 value[166] = -7.44699669350100346e-1
diag956 value[167] = -6.77180278667633195e-1
diag956 value[168] = -6.03305262794917252e-1
diag956 value[169] = -5.24625352672515088e-1
diag956 value[170] = -4.42696872302107913e-1
diag956 value[171] = -3.59054141811368799e-1
diag956 value[172] = -2.75175785738874135e-1
diag956 value[173] = -1.92463456347276601e-1
diag956 value[174] = -1.12216178911513087e-1
diag956 value[175] = -3.56100228319050777e-2
diag956 value[176] = 3.63139426661111056e-2
diag956 value[177] = 1.02667660921589660e-1
diag956 value[178] = 1.62718441451373319e-1
diag956 value[179] = 2.15897517489264168e-1
diag956 value[180] = 2.61799605127208346e-1
diag956 value[181] = 3.00178245020062018e-1
diag956 value[182] = 3.30943930653198215e-1
diag956 value[183] = 3.54150494876633248e-1
diag956 value[184] = 3.69987582118491531e-1
diag956 value[185] = 3.78765708277787327e-1
diag956 value[186] = 3.80900092888903252e-1
diag956 value[187] = 3.76897977632729808e-1
diag956 value[188] = 3.67337126159104244e-1
diag956 value[189] = 3.52852837995704161e-1
diag956 value[190] = 3.34118672563265717e-1
diag956 value[191] = 3.11829298115670894e-1
diag956 value[192] = 2.86688310097892862e-1
diag956 value[193] = 2.59388177746116666e-1
diag956 value[194] = 2.30602941367084341e-1
diag956 value[195] = 2.00972036195532139e-1
diag956 value[196] = 1.71092247317619406e-1
diag956 value[197] = 1.41510718600743934e-1
diag956 value[198] = 1.12715009141740749e-1
diag956 value[199] = 8.51331372295964783e-2
diag956 value[200] = 5.91269041164926845e-2
diag956 loadavg_1min_process_end=13.79
ok

test result: ok. 1 passed; 0 failed; 0 ignored; 0 measured; 0 filtered out; finished in 30.99s

