
running 1 test
test diag956_threading ... diag956 site=transient n=24
diag956 loadavg_1min_process_start=12.59
diag956 rayon_num_threads=8
diag956 interior_edges=96744
diag956 factor_user_s=35.058
diag956 factor_sys_s=5.140
diag956 factor_wall_s=7.630
diag956 run_user_s=59.949
diag956 run_sys_s=13.557
diag956 run_wall_s=36.058
diag956 value[0] = 0.00000000000000000e0
diag956 value[1] = -4.24473727420032331e-5
diag956 value[2] = -8.63648548860387920e-5
diag956 value[3] = -1.25819288706255703e-4
diag956 value[4] = -1.66207926292288860e-4
diag956 value[5] = -1.96613791263959271e-4
diag956 value[6] = -2.24579388702792859e-4
diag956 value[7] = -2.37387961610370903e-4
diag956 value[8] = -2.41218506715362046e-4
diag956 value[9] = -2.24694780614314264e-4
diag956 value[10] = -1.89756265969627226e-4
diag956 value[11] = -1.27522402412633655e-4
diag956 value[12] = -3.37037077931250393e-5
diag956 value[13] = 1.00018424956900158e-4
diag956 value[14] = 2.83324317366498966e-4
diag956 value[15] = 5.21976626055864219e-4
diag956 value[16] = 8.18338643962156329e-4
diag956 value[17] = 1.16538172372161980e-3
diag956 value[18] = 1.55336034364354845e-3
diag956 value[19] = 1.98123472516472396e-3
diag956 value[20] = 2.45297303998906046e-3
diag956 value[21] = 2.97948783986095407e-3
diag956 value[22] = 3.54941536851066490e-3
diag956 value[23] = 4.15120683324651536e-3
diag956 value[24] = 4.76884405062115956e-3
diag956 value[25] = 5.40473340931983941e-3
diag956 value[26] = 6.04493457945803111e-3
diag956 value[27] = 6.66617750972670585e-3
diag956 value[28] = 7.24360169314414246e-3
diag956 value[29] = 7.76233260115824584e-3
diag956 value[30] = 8.20043446927931456e-3
diag956 value[31] = 8.51830967278519383e-3
diag956 value[32] = 8.68693372089432772e-3
diag956 value[33] = 8.67790237532644823e-3
diag956 value[34] = 8.45683954111795151e-3
diag956 value[35] = 7.97744259539690664e-3
diag956 value[36] = 7.21118703802495296e-3
diag956 value[37] = 6.12399972289224062e-3
diag956 value[38] = 4.67617392845575026e-3
diag956 value[39] = 2.83499971641723841e-3
diag956 value[40] = 5.81312477345169421e-4
diag956 value[41] = -2.11163563360279192e-3
diag956 value[42] = -5.26152945442845757e-3
diag956 value[43] = -8.86771101665096220e-3
diag956 value[44] = -1.29271460326711891e-2
diag956 value[45] = -1.74289959501253700e-2
diag956 value[46] = -2.23387090073721706e-2
diag956 value[47] = -2.76110254767437877e-2
diag956 value[48] = -3.31932073158549695e-2
diag956 value[49] = -3.90034814998385937e-2
diag956 value[50] = -4.49474021680767583e-2
diag956 value[51] = -5.09184017237215222e-2
diag956 value[52] = -5.67855473179019188e-2
diag956 value[53] = -6.23994871232153789e-2
diag956 value[54] = -6.76054922899786831e-2
diag956 value[55] = -7.22238505662592956e-2
diag956 value[56] = -7.60654550062497131e-2
diag956 value[57] = -7.89385950886554166e-2
diag956 value[58] = -8.06378631753300323e-2
diag956 value[59] = -8.09577735406749599e-2
diag956 value[60] = -7.97023960170100548e-2
diag956 value[61] = -7.66756584923273116e-2
diag956 value[62] = -7.16973775971682520e-2
diag956 value[63] = -6.46131993914799696e-2
diag956 value[64] = -5.52850793328536691e-2
diag956 value[65] = -4.36121678449905986e-2
diag956 value[66] = -2.95344971206902597e-2
diag956 value[67] = -1.30291436850680301e-2
diag956 value[68] = 5.87166430403074802e-3
diag956 value[69] = 2.70794465005218844e-2
diag956 value[70] = 5.04534410863590119e-2
diag956 value[71] = 7.57827642133403201e-2
diag956 value[72] = 1.02794381987933114e-1
diag956 value[73] = 1.31153371980981565e-1
diag956 value[74] = 1.60452641697896387e-1
diag956 value[75] = 1.90227007769315948e-1
diag956 value[76] = 2.19953298938628333e-1
diag956 value[77] = 2.49049039958987778e-1
diag956 value[78] = 2.76892327744744093e-1
diag956 value[79] = 3.02822513615834454e-1
diag956 value[80] = 3.26150077734808808e-1
diag956 value[81] = 3.46178794203438167e-1
diag956 value[82] = 3.62209011459731389e-1
diag956 value[83] = 3.73557406650774804e-1
diag956 value[84] = 3.79577919485313886e-1
diag956 value[85] = 3.79668006693190951e-1
diag956 value[86] = 3.73295533743987662e-1
diag956 value[87] = 3.60012648617771658e-1
diag956 value[88] = 3.39467271031791029e-1
diag956 value[89] = 3.11428122250565931e-1
diag956 value[90] = 2.75790476294962450e-1
diag956 value[91] = 2.32590377669671888e-1
diag956 value[92] = 1.82019088293383619e-1
diag956 value[93] = 1.24422360184266154e-1
diag956 value[94] = 6.03095879234946258e-2
diag956 value[95] = -9.64435560183715852e-3
diag956 value[96] = -8.46096660617392665e-2
diag956 value[97] = -1.63598963402838748e-1
diag956 value[98] = -2.45484279394743543e-1
diag956 value[99] = -3.29011690767582077e-1
diag956 value[100] = -4.12814001630424809e-1
diag956 value[101] = -4.95439910592464949e-1
diag956 value[102] = -5.75374203662126105e-1
diag956 value[103] = -6.51065376617653402e-1
diag956 value[104] = -7.20960153743112953e-1
diag956 value[105] = -7.83529162258947642e-1
diag956 value[106] = -8.37303812558503502e-1
diag956 value[107] = -8.80909089506406118e-1
diag956 value[108] = -9.13092232722566788e-1
diag956 value[109] = -9.32759851263068263e-1
diag956 value[110] = -9.39002073384330616e-1
diag956 value[111] = -9.31120843125743725e-1
diag956 value[112] = -9.08654460822333365e-1
diag956 value[113] = -8.71392368486015756e-1
diag956 value[114] = -8.19392166473925654e-1
diag956 value[115] = -7.52987799326180984e-1
diag956 value[116] = -6.72789155341801060e-1
diag956 value[117] = -5.79684152580688394e-1
diag956 value[118] = -4.74824989513180307e-1
diag956 value[119] = -3.59614533319279339e-1
diag956 value[120] = -2.35687322690733198e-1
diag956 value[121] = -1.04878557774457301e-1
diag956 value[122] = 3.08029273277890744e-2
diag956 value[123] = 1.69213284356617005e-1
diag956 value[124] = 3.08113499776270339e-1
diag956 value[125] = 4.45209797851846889e-1
diag956 value[126] = 5.78200772265140883e-1
diag956 value[127] = 7.04821350230826482e-1
diag956 value[128] = 8.22887819452585156e-1
diag956 value[129] = 9.30344108044744544e-1
diag956 value[130] = 1.02530135519003607e0
diag956 value[131] = 1.10607884062834705e0
diag956 value[132] = 1.17123868222040262e0
diag956 value[133] = 1.21961441624949174e0
diag956 value[134] = 1.25033818476766756e0
diag956 value[135] = 1.26285652337600629e0
diag956 value[136] = 1.25694310776350116e0
diag956 value[137] = 1.23270476156369013e0
diag956 value[138] = 1.19057604079951496e0
diag956 value[139] = 1.13131387565213082e0
diag956 value[140] = 1.05597888189182454e0
diag956 value[141] = 9.65913342140144238e-1
diag956 value[142] = 8.62715412287961669e-1
diag956 value[143] = 7.48201922251436669e-1
diag956 value[144] = 6.24374285707079424e-1
diag956 value[145] = 4.93375876004531699e-1
diag956 value[146] = 3.57447043429680034e-1
diag956 value[147] = 2.18883577729523326e-1
diag956 value[148] = 7.99869208105186830e-2
diag956 value[149] = -5.69778929213945531e-2
diag956 value[150] = -1.89826058168985790e-1
diag956 value[151] = -3.16496126496901009e-1
diag956 value[152] = -4.35083587823232532e-1
diag956 value[153] = -5.43878073469544421e-1
diag956 value[154] = -6.41389468649893768e-1
diag956 value[155] = -7.26370980754227347e-1
diag956 value[156] = -7.97838831287090322e-1
diag956 value[157] = -8.55080100595272508e-1
diag956 value[158] = -8.97661343428606484e-1
diag956 value[159] = -9.25426399574807990e-1
diag956 value[160] = -9.38488840306649919e-1
diag956 value[161] = -9.37223711390733905e-1
diag956 value[162] = -9.22245398538537486e-1
diag956 value[163] = -8.94391280612043649e-1
diag956 value[164] = -8.54693457979408544e-1
diag956 value[165] = -8.04350422679981247e-1
diag956 value[166] = -7.44699669350101234e-1
diag956 value[167] = -6.77180278667634861e-1
diag956 value[168] = -6.03305262794918251e-1
diag956 value[169] = -5.24625352672515977e-1
diag956 value[170] = -4.42696872302109024e-1
diag956 value[171] = -3.59054141811370076e-1
diag956 value[172] = -2.75175785738875300e-1
diag956 value[173] = -1.92463456347277212e-1
diag956 value[174] = -1.12216178911513545e-1
diag956 value[175] = -3.56100228319055079e-2
diag956 value[176] = 3.63139426661108211e-2
diag956 value[177] = 1.02667660921589465e-1
diag956 value[178] = 1.62718441451373347e-1
diag956 value[179] = 2.15897517489264001e-1
diag956 value[180] = 2.61799605127207902e-1
diag956 value[181] = 3.00178245020062184e-1
diag956 value[182] = 3.30943930653198826e-1
diag956 value[183] = 3.54150494876633137e-1
diag956 value[184] = 3.69987582118491254e-1
diag956 value[185] = 3.78765708277787938e-1
diag956 value[186] = 3.80900092888903252e-1
diag956 value[187] = 3.76897977632730252e-1
diag956 value[188] = 3.67337126159104854e-1
diag956 value[189] = 3.52852837995704549e-1
diag956 value[190] = 3.34118672563265606e-1
diag956 value[191] = 3.11829298115671893e-1
diag956 value[192] = 2.86688310097893972e-1
diag956 value[193] = 2.59388177746117110e-1
diag956 value[194] = 2.30602941367084813e-1
diag956 value[195] = 2.00972036195532583e-1
diag956 value[196] = 1.71092247317619850e-1
diag956 value[197] = 1.41510718600743962e-1
diag956 value[198] = 1.12715009141741138e-1
diag956 value[199] = 8.51331372295965616e-2
diag956 value[200] = 5.91269041164929274e-2
diag956 loadavg_1min_process_end=18.90
ok

test result: ok. 1 passed; 0 failed; 0 ignored; 0 measured; 0 filtered out; finished in 44.50s

