
running 1 test
test diag956_threading ... diag956 site=transient n=24
diag956 loadavg_1min_process_start=26.64
diag956 rayon_num_threads=unset
diag956 interior_edges=96744
diag956 factor_user_s=51.315
diag956 factor_sys_s=72.200
diag956 factor_wall_s=11.582
diag956 run_user_s=142.706
diag956 run_sys_s=557.905
diag956 run_wall_s=58.745
diag956 value[0] = 0.00000000000000000e0
diag956 value[1] = -4.24473727420032466e-5
diag956 value[2] = -8.63648548860387785e-5
diag956 value[3] = -1.25819288706255703e-4
diag956 value[4] = -1.66207926292288860e-4
diag956 value[5] = -1.96613791263959298e-4
diag956 value[6] = -2.24579388702792886e-4
diag956 value[7] = -2.37387961610370876e-4
diag956 value[8] = -2.41218506715362073e-4
diag956 value[9] = -2.24694780614314291e-4
diag956 value[10] = -1.89756265969627145e-4
diag956 value[11] = -1.27522402412633655e-4
diag956 value[12] = -3.37037077931249309e-5
diag956 value[13] = 1.00018424956900361e-4
diag956 value[14] = 2.83324317366499129e-4
diag956 value[15] = 5.21976626055864219e-4
diag956 value[16] = 8.18338643962156654e-4
diag956 value[17] = 1.16538172372162002e-3
diag956 value[18] = 1.55336034364354845e-3
diag956 value[19] = 1.98123472516472396e-3
diag956 value[20] = 2.45297303998906003e-3
diag956 value[21] = 2.97948783986095320e-3
diag956 value[22] = 3.54941536851066317e-3
diag956 value[23] = 4.15120683324651362e-3
diag956 value[24] = 4.76884405062116042e-3
diag956 value[25] = 5.40473340931983941e-3
diag956 value[26] = 6.04493457945803111e-3
diag956 value[27] = 6.66617750972671019e-3
diag956 value[28] = 7.24360169314413813e-3
diag956 value[29] = 7.76233260115824324e-3
diag956 value[30] = 8.20043446927931803e-3
diag956 value[31] = 8.51830967278519903e-3
diag956 value[32] = 8.68693372089432078e-3
diag956 value[33] = 8.67790237532644650e-3
diag956 value[34] = 8.45683954111794457e-3
diag956 value[35] = 7.97744259539690664e-3
diag956 value[36] = 7.21118703802494862e-3
diag956 value[37] = 6.12399972289223715e-3
diag956 value[38] = 4.67617392845574593e-3
diag956 value[39] = 2.83499971641723277e-3
diag956 value[40] = 5.81312477345167795e-4
diag956 value[41] = -2.11163563360279583e-3
diag956 value[42] = -5.26152945442845410e-3
diag956 value[43] = -8.86771101665097261e-3
diag956 value[44] = -1.29271460326711926e-2
diag956 value[45] = -1.74289959501253700e-2
diag956 value[46] = -2.23387090073721740e-2
diag956 value[47] = -2.76110254767438015e-2
diag956 value[48] = -3.31932073158549695e-2
diag956 value[49] = -3.90034814998385937e-2
diag956 value[50] = -4.49474021680767791e-2
diag956 value[51] = -5.09184017237215292e-2
diag956 value[52] = -5.67855473179019465e-2
diag956 value[53] = -6.23994871232153997e-2
diag956 value[54] = -6.76054922899787386e-2
diag956 value[55] = -7.22238505662592956e-2
diag956 value[56] = -7.60654550062497409e-2
diag956 value[57] = -7.89385950886554444e-2
diag956 value[58] = -8.06378631753300601e-2
diag956 value[59] = -8.09577735406750570e-2
diag956 value[60] = -7.97023960170100410e-2
diag956 value[61] = -7.66756584923273532e-2
diag956 value[62] = -7.16973775971683075e-2
diag956 value[63] = -6.46131993914799002e-2
diag956 value[64] = -5.52850793328536691e-2
diag956 value[65] = -4.36121678449905986e-2
diag956 value[66] = -2.95344971206902736e-2
diag956 value[67] = -1.30291436850680144e-2
diag956 value[68] = 5.87166430403072460e-3
diag956 value[69] = 2.70794465005218671e-2
diag956 value[70] = 5.04534410863589702e-2
diag956 value[71] = 7.57827642133403062e-2
diag956 value[72] = 1.02794381987933156e-1
diag956 value[73] = 1.31153371980981676e-1
diag956 value[74] = 1.60452641697896387e-1
diag956 value[75] = 1.90227007769316087e-1
diag956 value[76] = 2.19953298938628500e-1
diag956 value[77] = 2.49049039958988000e-1
diag956 value[78] = 2.76892327744744260e-1
diag956 value[79] = 3.02822513615834343e-1
diag956 value[80] = 3.26150077734808808e-1
diag956 value[81] = 3.46178794203438223e-1
diag956 value[82] = 3.62209011459731667e-1
diag956 value[83] = 3.73557406650775081e-1
diag956 value[84] = 3.79577919485313997e-1
diag956 value[85] = 3.79668006693191118e-1
diag956 value[86] = 3.73295533743987884e-1
diag956 value[87] = 3.60012648617771713e-1
diag956 value[88] = 3.39467271031791029e-1
diag956 value[89] = 3.11428122250565986e-1
diag956 value[90] = 2.75790476294962339e-1
diag956 value[91] = 2.32590377669671611e-1
diag956 value[92] = 1.82019088293383507e-1
diag956 value[93] = 1.24422360184266029e-1
diag956 value[94] = 6.03095879234943205e-2
diag956 value[95] = -9.64435560183740485e-3
diag956 value[96] = -8.46096660617396135e-2
diag956 value[97] = -1.63598963402839137e-1
diag956 value[98] = -2.45484279394743682e-1
diag956 value[99] = -3.29011690767582354e-1
diag956 value[100] = -4.12814001630424865e-1
diag956 value[101] = -4.95439910592464838e-1
diag956 value[102] = -5.75374203662125994e-1
diag956 value[103] = -6.51065376617653513e-1
diag956 value[104] = -7.20960153743112730e-1
diag956 value[105] = -7.83529162258947864e-1
diag956 value[106] = -8.37303812558503835e-1
diag956 value[107] = -8.80909089506405674e-1
diag956 value[108] = -9.13092232722567232e-1
diag956 value[109] = -9.32759851263068374e-1
diag956 value[110] = -9.39002073384330394e-1
diag956 value[111] = -9.31120843125743947e-1
diag956 value[112] = -9.08654460822333143e-1
diag956 value[113] = -8.71392368486014646e-1
diag956 value[114] = -8.19392166473924322e-1
diag956 value[115] = -7.52987799326179097e-1
diag956 value[116] = -6.72789155341800837e-1
diag956 value[117] = -5.79684152580687284e-1
diag956 value[118] = -4.74824989513180251e-1
diag956 value[119] = -3.59614533319278895e-1
diag956 value[120] = -2.35687322690733225e-1
diag956 value[121] = -1.04878557774457315e-1
diag956 value[122] = 3.08029273277890987e-2
diag956 value[123] = 1.69213284356617255e-1
diag956 value[124] = 3.08113499776270450e-1
diag956 value[125] = 4.45209797851846389e-1
diag956 value[126] = 5.78200772265140994e-1
diag956 value[127] = 7.04821350230826260e-1
diag956 value[128] = 8.22887819452585823e-1
diag956 value[129] = 9.30344108044744544e-1
diag956 value[130] = 1.02530135519003540e0
diag956 value[131] = 1.10607884062834771e0
diag956 value[132] = 1.17123868222040262e0
diag956 value[133] = 1.21961441624949196e0
diag956 value[134] = 1.25033818476766734e0
diag956 value[135] = 1.26285652337600607e0
diag956 value[136] = 1.25694310776350160e0
diag956 value[137] = 1.23270476156369013e0
diag956 value[138] = 1.19057604079951496e0
diag956 value[139] = 1.13131387565213126e0
diag956 value[140] = 1.05597888189182432e0
diag956 value[141] = 9.65913342140143349e-1
diag956 value[142] = 8.62715412287962113e-1
diag956 value[143] = 7.48201922251436669e-1
diag956 value[144] = 6.24374285707078758e-1
diag956 value[145] = 4.93375876004531255e-1
diag956 value[146] = 3.57447043429679701e-1
diag956 value[147] = 2.18883577729523299e-1
diag956 value[148] = 7.99869208105187524e-2
diag956 value[149] = -5.69778929213944491e-2
diag956 value[150] = -1.89826058168985706e-1
diag956 value[151] = -3.16496126496901231e-1
diag956 value[152] = -4.35083587823232809e-1
diag956 value[153] = -5.43878073469545864e-1
diag956 value[154] = -6.41389468649892991e-1
diag956 value[155] = -7.26370980754226792e-1
diag956 value[156] = -7.97838831287089434e-1
diag956 value[157] = -8.55080100595272508e-1
diag956 value[158] = -8.97661343428606595e-1
diag956 value[159] = -9.25426399574807546e-1
diag956 value[160] = -9.38488840306648919e-1
diag956 value[161] = -9.37223711390733238e-1
diag956 value[162] = -9.22245398538536376e-1
diag956 value[163] = -8.94391280612043649e-1
diag956 value[164] = -8.54693457979406990e-1
diag956 value[165] = -8.04350422679981025e-1
diag956 value[166] = -7.44699669350099902e-1
diag956 value[167] = -6.77180278667634306e-1
diag956 value[168] = -6.03305262794917474e-1
diag956 value[169] = -5.24625352672515421e-1
diag956 value[170] = -4.42696872302108135e-1
diag956 value[171] = -3.59054141811368854e-1
diag956 value[172] = -2.75175785738874079e-1
diag956 value[173] = -1.92463456347276990e-1
diag956 value[174] = -1.12216178911513378e-1
diag956 value[175] = -3.56100228319051054e-2
diag956 value[176] = 3.63139426661111056e-2
diag956 value[177] = 1.02667660921589202e-1
diag956 value[178] = 1.62718441451373569e-1
diag956 value[179] = 2.15897517489264473e-1
diag956 value[180] = 2.61799605127208346e-1
diag956 value[181] = 3.00178245020062517e-1
diag956 value[182] = 3.30943930653198715e-1
diag956 value[183] = 3.54150494876632638e-1
diag956 value[184] = 3.69987582118491087e-1
diag956 value[185] = 3.78765708277787605e-1
diag956 value[186] = 3.80900092888902642e-1
diag956 value[187] = 3.76897977632729975e-1
diag956 value[188] = 3.67337126159104577e-1
diag956 value[189] = 3.52852837995703938e-1
diag956 value[190] = 3.34118672563265107e-1
diag956 value[191] = 3.11829298115670950e-1
diag956 value[192] = 2.86688310097893251e-1
diag956 value[193] = 2.59388177746116944e-1
diag956 value[194] = 2.30602941367084258e-1
diag956 value[195] = 2.00972036195532000e-1
diag956 value[196] = 1.71092247317619239e-1
diag956 value[197] = 1.41510718600743546e-1
diag956 value[198] = 1.12715009141740680e-1
diag956 value[199] = 8.51331372295964367e-2
diag956 value[200] = 5.91269041164928441e-2
diag956 loadavg_1min_process_end=36.96
ok

test result: ok. 1 passed; 0 failed; 0 ignored; 0 measured; 0 filtered out; finished in 71.24s

