>> /usr/lib64/mpich/bin/mpirun -n 1 -bind-to core /opt/palace/bin/palace-x86_64.bin /work/config.json

_____________     _______
_____   __   \____ __   /____ ____________
____   /_/  /  __ ` /  /  __ ` /  ___/  _ \
___   _____/  /_/  /  /  /_/  /  /__/  ___/
  /__/     \___,__/__/\___,__/\_____\_____/

Git changeset ID: v0.17.0-99-gfba6a5b9d
Running with 1 MPI process, 1 OpenMP thread
Device configuration: omp,cpu
Memory configuration: host-std
libCEED backend: /cpu/self/opt/blocked


[38;2;255;255;000m--> Warning![0m
2400 mesh faces with no associated boundary element exist on the domain boundary!

Added 2400 boundary elements for exterior boundaries to the mesh

Characteristic length and time scales:
 Lc = 1.000e+00 m, tc = 3.336e+00 ns
Finished partitioning mesh into 1 subdomain

Mesh curvature order: 1
Mesh bounding box:
 (Xmin, Ymin, Zmin) = (+0.000e+00, +0.000e+00, +0.000e+00) m
 (Xmax, Ymax, Zmax) = (+1.000e+00, +1.000e+00, +1.000e+00) m

Parallel Mesh Stats:

                minimum     average     maximum       total
 vertices          9261        9261        9261        9261
 edges            59660       59660       59660       59660
 faces            98400       98400       98400       98400
 elements         48000       48000       48000       48000
 neighbors            0           0           0

            minimum     maximum
 h        0.0561231   0.0561231
 kappa      2.41421     2.41421

Estimated current per-rank memory usage is: Min. 75.2M, Max. 75.2M, Avg. 75.2M, Total 75.2M
Estimated current per-node memory usage is: Min. 75.2M, Max. 75.2M, Avg. 75.2M, Total 75.2M

Configuring Robin impedance BC for lumped ports at attributes:
 3: Rs = 3.767e+02 Ω/sq, n = (+0.0,+0.0,-1.0)

Configuring lumped port circuit properties:
 Index = 1: R = 3.767e+02 Ω

Configuring lumped port excitation source term at attributes:
 3: Index = 1

Configuring Dirichlet PEC BC at attributes:
 2

Computing frequency response for:
Excitation with index 1 has contributions from:
 Lumped port  1

Assembling system matrices, number of global unknowns:
 H1 (p = 1): 9261, ND (p = 1): 59660, RT (p = 1): 98400
 Operator assembly level: Partial
 Mesh geometries:
  Tetrahedron: P = 6, Q = 4 (quadrature order = 2)

Assembling multigrid hierarchy:
 Level 0 (p = 1): 59660 unknowns
 Level 0 (auxiliary) (p = 1): 9261 unknowns

It 1/1: ω/2π = 4.771e-03 GHz (total elapsed time = 5.23e-01 s)

   Residual norms for GMRES solve
   0 (restart 0) KSP residual norm 5.779023e+00
   1 (restart 0) KSP residual norm 2.462021e-01
   2 (restart 0) KSP residual norm 4.696722e-02
   3 (restart 0) KSP residual norm 3.395415e-03
   4 (restart 0) KSP residual norm 1.490155e-03
   5 (restart 0) KSP residual norm 2.108044e-04
   6 (restart 0) KSP residual norm 9.513412e-05
   7 (restart 0) KSP residual norm 3.355380e-05
   8 (restart 0) KSP residual norm 9.574390e-06
   9 (restart 0) KSP residual norm 5.345882e-06
  10 (restart 0) KSP residual norm 8.757684e-07
  11 (restart 0) KSP residual norm 6.755344e-07
  12 (restart 0) KSP residual norm 1.296243e-07
  13 (restart 0) KSP residual norm 5.114806e-08
GMRES solver converged in 13 iterations (avg. reduction factor: 2.402e-01)
 Sol. ||E|| = 6.110211e+00 (||RHS|| = 1.612452e-01)
 Field energy E (7.408e-10 J) + H (9.900e-10 J) = 1.731e-09 J
 S[1][1] = -3.340e-01+7.471e-03i, |S[1][1]| = -9.523e+00, arg(S[1][1]) = +1.787e+02
 Updating solution error estimates

Completed 0 iterations of adaptive mesh refinement (AMR):
 Indicator norm = 2.343e-02, global unknowns = 59660
 Max. iterations = 0, tol. = 1.000e-02

Estimated peak per-rank memory usage is: Min. 453.5M, Max. 453.5M, Avg. 453.5M, Total 453.5M
Estimated peak per-node memory usage is: Min. 453.5M, Max. 453.5M, Avg. 453.5M, Total 453.5M

Elapsed Time Report (s)           Min.        Max.        Avg.
==============================================================
Initialization                   0.181       0.181       0.181
  Mesh Preprocessing             0.409       0.409       0.409
Operator Construction            0.197       0.197       0.197
Linear Solve                     1.092       1.092       1.092
  Setup                          0.523       0.523       0.523
  Preconditioner                 1.020       1.020       1.020
Estimation                       0.073       0.073       0.073
  Construction                   2.881       2.881       2.881
  Solve                          0.661       0.661       0.661
Postprocessing                   0.095       0.095       0.095
Disk IO                          0.087       0.087       0.087
--------------------------------------------------------------
Total                            7.238       7.238       7.238

Peak Memory                   Per-Node       Total   Total HWM
==============================================================
Initialization                    2.8M        2.8M        2.8M
  Mesh Preprocessing             23.6M       23.6M       26.4M
Operator Construction            49.8M       49.8M       76.3M
Linear Solve                    512.0K      512.0K       76.8M
  Setup                         128.1M      128.1M      204.9M
  Preconditioner                 20.3M       20.3M      225.1M
Estimation                       45.2M       45.2M      270.4M
  Construction                   49.4M       49.4M      319.8M
  Solve                          44.0M       44.0M      363.8M
Postprocessing                   40.6M       40.6M      404.4M
Disk IO                          17.3M       17.3M      421.7M
--------------------------------------------------------------
Total                           432.2M      432.2M      432.2M

