>> /usr/lib64/mpich/bin/mpirun -n 1 -bind-to core /opt/palace/bin/palace-x86_64.bin /work/config.json

_____________     _______
_____   __   \____ __   /____ ____________
____   /_/  /  __ ` /  /  __ ` /  ___/  _ \
___   _____/  /_/  /  /  /_/  /  /__/  ___/
  /__/     \___,__/__/\___,__/\_____\_____/

Git changeset ID: v0.17.0-99-gfba6a5b9d
Running with 1 MPI process, 1 OpenMP thread
Device configuration: omp,cpu
Memory configuration: host-std
libCEED backend: /cpu/self/opt/blocked


[38;2;255;255;000m--> Warning![0m
9600 mesh faces with no associated boundary element exist on the domain boundary!

Added 9600 boundary elements for exterior boundaries to the mesh

Characteristic length and time scales:
 Lc = 1.000e+00 m, tc = 3.336e+00 ns
Finished partitioning mesh into 1 subdomain

Mesh curvature order: 1
Mesh bounding box:
 (Xmin, Ymin, Zmin) = (+0.000e+00, +0.000e+00, +0.000e+00) m
 (Xmax, Ymax, Zmax) = (+1.000e+00, +1.000e+00, +1.000e+00) m

Parallel Mesh Stats:

                minimum     average     maximum       total
 vertices         68921       68921       68921       68921
 edges           462520      462520      462520      462520
 faces           777600      777600      777600      777600
 elements        384000      384000      384000      384000
 neighbors            0           0           0

            minimum     maximum
 h        0.0280616   0.0280616
 kappa      2.41421     2.41421

Estimated current per-rank memory usage is: Min. 319.8M, Max. 319.8M, Avg. 319.8M, Total 319.8M
Estimated current per-node memory usage is: Min. 319.8M, Max. 319.8M, Avg. 319.8M, Total 319.8M

Configuring Robin impedance BC for lumped ports at attributes:
 3: Rs = 3.767e+02 Ω/sq, n = (+0.0,+0.0,-1.0)

Configuring lumped port circuit properties:
 Index = 1: R = 3.767e+02 Ω

Configuring lumped port excitation source term at attributes:
 3: Index = 1

Configuring Dirichlet PEC BC at attributes:
 2

Computing frequency response for:
Excitation with index 1 has contributions from:
 Lumped port  1

Assembling system matrices, number of global unknowns:
 H1 (p = 1): 68921, ND (p = 1): 462520, RT (p = 1): 777600
 Operator assembly level: Partial
 Mesh geometries:
  Tetrahedron: P = 6, Q = 4 (quadrature order = 2)

Assembling multigrid hierarchy:
 Level 0 (p = 1): 462520 unknowns
 Level 0 (auxiliary) (p = 1): 68921 unknowns

It 1/1: ω/2π = 4.771e-03 GHz (total elapsed time = 4.70e+00 s)

   Residual norms for GMRES solve
   0 (restart 0) KSP residual norm 8.069226e+00
   1 (restart 0) KSP residual norm 3.391617e-01
   2 (restart 0) KSP residual norm 1.089844e-01
   3 (restart 0) KSP residual norm 8.686763e-03
   4 (restart 0) KSP residual norm 6.066004e-03
   5 (restart 0) KSP residual norm 7.162634e-04
   6 (restart 0) KSP residual norm 4.636295e-04
   7 (restart 0) KSP residual norm 1.163303e-04
   8 (restart 0) KSP residual norm 7.828138e-05
   9 (restart 0) KSP residual norm 1.412005e-05
  10 (restart 0) KSP residual norm 8.807837e-06
  11 (restart 0) KSP residual norm 3.066756e-06
  12 (restart 0) KSP residual norm 1.036142e-06
  13 (restart 0) KSP residual norm 5.820923e-07
  14 (restart 0) KSP residual norm 1.272271e-07
  15 (restart 0) KSP residual norm 9.171638e-08
  16 (restart 0) KSP residual norm 2.261839e-08
GMRES solver converged in 16 iterations (avg. reduction factor: 2.921e-01)
 Sol. ||E|| = 8.535747e+00 (||RHS|| = 1.622755e-01)
 Field energy E (7.408e-10 J) + H (9.903e-10 J) = 1.731e-09 J
 S[1][1] = -3.340e-01+7.480e-03i, |S[1][1]| = -9.523e+00, arg(S[1][1]) = +1.787e+02
 Updating solution error estimates

Completed 0 iterations of adaptive mesh refinement (AMR):
 Indicator norm = 1.194e-02, global unknowns = 462520
 Max. iterations = 0, tol. = 1.000e-02

Estimated peak per-rank memory usage is: Min. 3.2G, Max. 3.2G, Avg. 3.2G, Total 3.2G
Estimated peak per-node memory usage is: Min. 3.2G, Max. 3.2G, Avg. 3.2G, Total 3.2G

Elapsed Time Report (s)           Min.        Max.        Avg.
==============================================================
Initialization                   1.492       1.492       1.492
  Mesh Preprocessing             3.323       3.323       3.323
Operator Construction            1.581       1.581       1.581
Linear Solve                    10.570      10.570      10.570
  Setup                          4.695       4.695       4.695
  Preconditioner                11.131      11.131      11.131
Estimation                       0.571       0.571       0.571
  Construction                  23.934      23.934      23.934
  Solve                          5.160       5.160       5.160
Postprocessing                   0.681       0.681       0.681
Disk IO                          0.709       0.709       0.709
--------------------------------------------------------------
Total                           63.880      63.880      63.880

Peak Memory                   Per-Node       Total   Total HWM
==============================================================
Initialization                    2.7M        2.7M        2.7M
  Mesh Preprocessing            189.5M      189.5M      192.2M
Operator Construction           361.1M      361.1M      553.4M
Linear Solve                      1.4M        1.4M      554.7M
  Setup                         965.3M      965.3M        1.5G
  Preconditioner                215.0M      215.0M        1.7G
Estimation                      368.9M      368.9M        2.1G
  Construction                  359.3M      359.3M        2.4G
  Solve                         351.2M      351.2M        2.7G
Postprocessing                  322.6M      322.6M        3.1G
Disk IO                         124.3M      124.3M        3.2G
--------------------------------------------------------------
Total                             3.2G        3.2G        3.2G

