>> /usr/lib64/mpich/bin/mpirun -n 1 -bind-to core /opt/palace/bin/palace-x86_64.bin /work/config.json

_____________     _______
_____   __   \____ __   /____ ____________
____   /_/  /  __ ` /  /  __ ` /  ___/  _ \
___   _____/  /_/  /  /  /_/  /  /__/  ___/
  /__/     \___,__/__/\___,__/\_____\_____/

Git changeset ID: v0.17.0-99-gfba6a5b9d
Running with 1 MPI process, 1 OpenMP thread
Device configuration: omp,cpu
Memory configuration: host-std
libCEED backend: /cpu/self/opt/blocked


[38;2;255;255;000m--> Warning![0m
1350 mesh faces with no associated boundary element exist on the domain boundary!

Added 1350 boundary elements for exterior boundaries to the mesh

Characteristic length and time scales:
 Lc = 1.000e+00 m, tc = 3.336e+00 ns
Finished partitioning mesh into 1 subdomain

Mesh curvature order: 1
Mesh bounding box:
 (Xmin, Ymin, Zmin) = (+0.000e+00, +0.000e+00, +0.000e+00) m
 (Xmax, Ymax, Zmax) = (+1.000e+00, +1.000e+00, +1.000e+00) m

Parallel Mesh Stats:

                minimum     average     maximum       total
 vertices          4096        4096        4096        4096
 edges            25695       25695       25695       25695
 faces            41850       41850       41850       41850
 elements         20250       20250       20250       20250
 neighbors            0           0           0

            minimum     maximum
 h        0.0748308   0.0748308
 kappa      2.41421     2.41421

Estimated current per-rank memory usage is: Min. 53.8M, Max. 53.8M, Avg. 53.8M, Total 53.8M
Estimated current per-node memory usage is: Min. 53.8M, Max. 53.8M, Avg. 53.8M, Total 53.8M

Configuring Robin impedance BC for lumped ports at attributes:
 3: Rs = 3.767e+02 Ω/sq, n = (+0.0,+0.0,-1.0)

Configuring lumped port circuit properties:
 Index = 1: R = 3.767e+02 Ω

Configuring lumped port excitation source term at attributes:
 3: Index = 1

Configuring Dirichlet PEC BC at attributes:
 2

Computing frequency response for:
Excitation with index 1 has contributions from:
 Lumped port  1

Assembling system matrices, number of global unknowns:
 H1 (p = 1): 4096, ND (p = 1): 25695, RT (p = 1): 41850
 Operator assembly level: Partial
 Mesh geometries:
  Tetrahedron: P = 6, Q = 4 (quadrature order = 2)

Assembling multigrid hierarchy:
 Level 0 (p = 1): 25695 unknowns
 Level 0 (auxiliary) (p = 1): 4096 unknowns

It 1/1: ω/2π = 4.771e-03 GHz (total elapsed time = 2.15e-01 s)

   Residual norms for GMRES solve
   0 (restart 0) KSP residual norm 5.045313e+00
   1 (restart 0) KSP residual norm 2.103222e-01
   2 (restart 0) KSP residual norm 4.823163e-02
   3 (restart 0) KSP residual norm 3.832599e-03
   4 (restart 0) KSP residual norm 1.783519e-03
   5 (restart 0) KSP residual norm 2.271451e-04
   6 (restart 0) KSP residual norm 9.111471e-05
   7 (restart 0) KSP residual norm 2.633653e-05
   8 (restart 0) KSP residual norm 5.396189e-06
   9 (restart 0) KSP residual norm 2.947285e-06
  10 (restart 0) KSP residual norm 3.025468e-07
  11 (restart 0) KSP residual norm 2.342391e-07
  12 (restart 0) KSP residual norm 3.485957e-08
GMRES solver converged in 12 iterations (avg. reduction factor: 2.089e-01)
 Sol. ||E|| = 5.334626e+00 (||RHS|| = 1.605546e-01)
 Field energy E (7.408e-10 J) + H (9.897e-10 J) = 1.731e-09 J
 S[1][1] = -3.340e-01+7.461e-03i, |S[1][1]| = -9.523e+00, arg(S[1][1]) = +1.787e+02
 Updating solution error estimates

Completed 0 iterations of adaptive mesh refinement (AMR):
 Indicator norm = 3.084e-02, global unknowns = 25695
 Max. iterations = 0, tol. = 1.000e-02

Estimated peak per-rank memory usage is: Min. 219.7M, Max. 219.7M, Avg. 219.7M, Total 219.7M
Estimated peak per-node memory usage is: Min. 219.7M, Max. 219.7M, Avg. 219.7M, Total 219.7M

Elapsed Time Report (s)           Min.        Max.        Avg.
==============================================================
Initialization                   0.078       0.078       0.078
  Mesh Preprocessing             0.174       0.174       0.174
Operator Construction            0.088       0.088       0.088
Linear Solve                     0.433       0.433       0.433
  Setup                          0.215       0.215       0.215
  Preconditioner                 0.379       0.379       0.379
Estimation                       0.031       0.031       0.031
  Construction                   2.613       2.613       2.613
  Solve                          0.265       0.265       0.265
Postprocessing                   0.043       0.043       0.043
Disk IO                          0.038       0.038       0.038
--------------------------------------------------------------
Total                            4.370       4.370       4.370

Peak Memory                   Per-Node       Total   Total HWM
==============================================================
Initialization                    3.5M        3.5M        3.5M
  Mesh Preprocessing             10.1M       10.1M       13.6M
Operator Construction            23.6M       23.6M       37.2M
Linear Solve                    512.0K      512.0K       37.7M
  Setup                          54.4M       54.4M       92.2M
  Preconditioner                  9.0M        9.0M      101.2M
Estimation                       19.0M       19.0M      120.2M
  Construction                   23.5M       23.5M      143.7M
  Solve                          18.8M       18.8M      162.4M
Postprocessing                   17.0M       17.0M      179.4M
Disk IO                           8.2M        8.2M      187.6M
--------------------------------------------------------------
Total                           198.1M      198.1M      198.1M

