>> /usr/lib64/mpich/bin/mpirun -n 8 -bind-to core /opt/palace/bin/palace-x86_64.bin /work/config.json

_____________     _______
_____   __   \____ __   /____ ____________
____   /_/  /  __ ` /  /  __ ` /  ___/  _ \
___   _____/  /_/  /  /  /_/  /  /__/  ___/
  /__/     \___,__/__/\___,__/\_____\_____/

Git changeset ID: v0.17.0-99-gfba6a5b9d
Running with 8 MPI processes, 1 OpenMP thread
Device configuration: omp,cpu
Memory configuration: host-std
libCEED backend: /cpu/self/opt/blocked


[38;2;255;255;000m--> Warning![0m
7776 mesh faces with no associated boundary element exist on the domain boundary!

Added 7776 boundary elements for exterior boundaries to the mesh

Characteristic length and time scales:
 Lc = 1.000e+00 m, tc = 3.336e+00 ns
Finished partitioning mesh into 8 subdomains

Mesh curvature order: 1
Mesh bounding box:
 (Xmin, Ymin, Zmin) = (+0.000e+00, +0.000e+00, +0.000e+00) m
 (Xmax, Ymax, Zmax) = (+1.000e+00, +1.000e+00, +1.000e+00) m

Parallel Mesh Stats:

                minimum     average     maximum       total
 vertices          5360        6331        6988       50653
 edges            39295       42295       44269      338364
 faces            68762       70956       72426      567648
 elements         34827       34992       35189      279936
 neighbors            4           5           7

            minimum     maximum
 h        0.0311795   0.0311795
 kappa      2.41421     2.41421

Estimated current per-rank memory usage is: Min. 50.2M, Max. 217.7M, Avg. 71.4M, Total 571.2M
Estimated current per-node memory usage is: Min. 572.0M, Max. 572.0M, Avg. 572.0M, Total 572.0M

Configuring Robin impedance BC for lumped ports at attributes:
 3: Rs = 3.767e+02 Ω/sq, n = (+0.0,+0.0,-1.0)

Configuring lumped port circuit properties:
 Index = 1: R = 3.767e+02 Ω

Configuring lumped port excitation source term at attributes:
 3: Index = 1

Configuring Dirichlet PEC BC at attributes:
 2

Computing frequency response for:
Excitation with index 1 has contributions from:
 Lumped port  1

Assembling system matrices, number of global unknowns:
 H1 (p = 1): 50653, ND (p = 1): 338364, RT (p = 1): 567648
 Operator assembly level: Partial
 Mesh geometries:
  Tetrahedron: P = 6, Q = 4 (quadrature order = 2)

Assembling multigrid hierarchy:
 Level 0 (p = 1): 338364 unknowns
 Level 0 (auxiliary) (p = 1): 50653 unknowns

It 1/1: ω/2π = 4.771e-03 GHz (total elapsed time = 4.13e-01 s)

   Residual norms for GMRES solve
   0 (restart 0) KSP residual norm 7.671530e+00
   1 (restart 0) KSP residual norm 3.049754e-01
   2 (restart 0) KSP residual norm 9.026381e-02
   3 (restart 0) KSP residual norm 8.612095e-03
   4 (restart 0) KSP residual norm 5.485736e-03
   5 (restart 0) KSP residual norm 5.796377e-04
   6 (restart 0) KSP residual norm 3.872506e-04
   7 (restart 0) KSP residual norm 6.566435e-05
   8 (restart 0) KSP residual norm 4.334695e-05
   9 (restart 0) KSP residual norm 7.559921e-06
  10 (restart 0) KSP residual norm 5.462349e-06
  11 (restart 0) KSP residual norm 6.936697e-07
  12 (restart 0) KSP residual norm 4.704363e-07
  13 (restart 0) KSP residual norm 9.369173e-08
  14 (restart 0) KSP residual norm 4.550130e-08
GMRES solver converged in 14 iterations (avg. reduction factor: 2.584e-01)
 Sol. ||E|| = 8.108830e+00 (||RHS|| = 1.621613e-01)
 Field energy E (7.408e-10 J) + H (9.903e-10 J) = 1.731e-09 J
 S[1][1] = -3.340e-01+7.479e-03i, |S[1][1]| = -9.523e+00, arg(S[1][1]) = +1.787e+02
 Updating solution error estimates

Completed 0 iterations of adaptive mesh refinement (AMR):
 Indicator norm = 1.324e-02, global unknowns = 338364
 Max. iterations = 0, tol. = 1.000e-02

Estimated peak per-rank memory usage is: Min. 350.0M, Max. 361.8M, Avg. 355.1M, Total 2.8G
Estimated peak per-node memory usage is: Min. 2.8G, Max. 2.8G, Avg. 2.8G, Total 2.8G

Elapsed Time Report (s)           Min.        Max.        Avg.
==============================================================
Initialization                   0.606       1.220       1.143
  Mesh Preprocessing             0.861       1.474       0.937
Operator Construction            0.156       0.160       0.157
Linear Solve                     0.858       0.870       0.866
  Setup                          0.413       0.413       0.413
  Preconditioner                 1.478       1.490       1.483
Estimation                       0.056       0.056       0.056
  Construction                   2.361       2.361       2.361
  Solve                          0.489       0.490       0.489
Postprocessing                   0.079       0.079       0.079
Disk IO                          0.512       0.512       0.512
--------------------------------------------------------------
Total                            8.524       8.524       8.524

Peak Memory                   Per-Node       Total   Total HWM
==============================================================
Initialization                   22.4M       22.4M       22.4M
  Mesh Preprocessing            230.4M      230.4M      252.8M
Operator Construction           349.3M      349.3M      602.1M
Linear Solve                      4.1M        4.1M      606.2M
  Setup                         668.8M      668.8M        1.2G
  Preconditioner                165.8M      165.8M        1.4G
Estimation                      263.9M      263.9M        1.7G
  Construction                  284.1M      284.1M        1.9G
  Solve                         256.7M      256.7M        2.2G
Postprocessing                  252.8M      252.8M        2.4G
Disk IO                          93.0M       93.0M        2.5G
--------------------------------------------------------------
Total                             2.6G        2.6G        2.6G

