>> /usr/lib64/mpich/bin/mpirun -n 8 -bind-to core /opt/palace/bin/palace-x86_64.bin /work/config.json

_____________     _______
_____   __   \____ __   /____ ____________
____   /_/  /  __ ` /  /  __ ` /  ___/  _ \
___   _____/  /_/  /  /  /_/  /  /__/  ___/
  /__/     \___,__/__/\___,__/\_____\_____/

Git changeset ID: v0.17.0-99-gfba6a5b9d
Running with 8 MPI processes, 1 OpenMP thread
Device configuration: omp,cpu
Memory configuration: host-std
libCEED backend: /cpu/self/opt/blocked


[38;2;255;255;000m--> Warning![0m
1350 mesh faces with no associated boundary element exist on the domain boundary!

Added 1350 boundary elements for exterior boundaries to the mesh

Characteristic length and time scales:
 Lc = 1.000e+00 m, tc = 3.336e+00 ns
Finished partitioning mesh into 8 subdomains

Mesh curvature order: 1
Mesh bounding box:
 (Xmin, Ymin, Zmin) = (+0.000e+00, +0.000e+00, +0.000e+00) m
 (Xmax, Ymax, Zmax) = (+1.000e+00, +1.000e+00, +1.000e+00) m

Parallel Mesh Stats:

                minimum     average     maximum       total
 vertices           366         512         638        4096
 edges             2803        3211        3531       25695
 faces             4999        5231        5411       41850
 elements          2510        2531        2562       20250
 neighbors            3           4           7

            minimum     maximum
 h        0.0748308   0.0748308
 kappa      2.41421     2.41421

Estimated current per-rank memory usage is: Min. 38.1M, Max. 52.4M, Avg. 40.6M, Total 324.4M
Estimated current per-node memory usage is: Min. 325.2M, Max. 325.2M, Avg. 325.2M, Total 325.2M

Configuring Robin impedance BC for lumped ports at attributes:
 3: Rs = 3.767e+02 Ω/sq, n = (+0.0,+0.0,-1.0)

Configuring lumped port circuit properties:
 Index = 1: R = 3.767e+02 Ω

Configuring lumped port excitation source term at attributes:
 3: Index = 1

Configuring Dirichlet PEC BC at attributes:
 2

Computing frequency response for:
Excitation with index 1 has contributions from:
 Lumped port  1

Assembling system matrices, number of global unknowns:
 H1 (p = 1): 4096, ND (p = 1): 25695, RT (p = 1): 41850
 Operator assembly level: Partial
 Mesh geometries:
  Tetrahedron: P = 6, Q = 4 (quadrature order = 2)

Assembling multigrid hierarchy:
 Level 0 (p = 1): 25695 unknowns
 Level 0 (auxiliary) (p = 1): 4096 unknowns

It 1/1: ω/2π = 4.771e-03 GHz (total elapsed time = 2.96e-02 s)

   Residual norms for GMRES solve
   0 (restart 0) KSP residual norm 5.408636e+00
   1 (restart 0) KSP residual norm 2.152092e-01
   2 (restart 0) KSP residual norm 1.420979e-03
   3 (restart 0) KSP residual norm 3.495957e-06
   4 (restart 0) KSP residual norm 4.159950e-07
   5 (restart 0) KSP residual norm 1.421658e-08
GMRES solver converged in 5 iterations (avg. reduction factor: 1.923e-02)
 Sol. ||E|| = 5.334626e+00 (||RHS|| = 1.605546e-01)
 Field energy E (7.408e-10 J) + H (9.897e-10 J) = 1.731e-09 J
 S[1][1] = -3.340e-01+7.461e-03i, |S[1][1]| = -9.523e+00, arg(S[1][1]) = +1.787e+02
 Updating solution error estimates

Completed 0 iterations of adaptive mesh refinement (AMR):
 Indicator norm = 3.084e-02, global unknowns = 25695
 Max. iterations = 0, tol. = 1.000e-02

Estimated peak per-rank memory usage is: Min. 110.3M, Max. 122.4M, Avg. 115.9M, Total 927.6M
Estimated peak per-node memory usage is: Min. 927.6M, Max. 927.6M, Avg. 927.6M, Total 927.6M

Elapsed Time Report (s)           Min.        Max.        Avg.
==============================================================
Initialization                   0.047       0.092       0.086
  Mesh Preprocessing             0.069       0.115       0.075
Operator Construction            0.012       0.013       0.012
Linear Solve                     0.027       0.027       0.027
  Setup                          0.029       0.029       0.029
  Preconditioner                 0.478       0.478       0.478
Estimation                       0.003       0.004       0.004
  Construction                   0.160       0.160       0.160
  Solve                          0.033       0.034       0.033
Postprocessing                   0.008       0.009       0.008
Disk IO                          0.038       0.038       0.038
--------------------------------------------------------------
Total                            0.968       0.968       0.968

Peak Memory                   Per-Node       Total   Total HWM
==============================================================
Initialization                   30.9M       30.9M       30.9M
  Mesh Preprocessing             36.9M       36.9M       67.8M
Operator Construction            46.5M       46.5M      114.3M
Linear Solve                      2.2M        2.2M      116.4M
  Setup                          54.6M       54.6M      171.0M
  Preconditioner                427.6M      427.6M      598.6M
Estimation                        1.6M        1.6M      600.3M
  Construction                   64.8M       64.8M      665.1M
  Solve                         960.0K      960.0K      666.0M
Postprocessing                    1.0M        1.0M      667.0M
Disk IO                          10.0M       10.0M      677.1M
--------------------------------------------------------------
Total                           761.9M      761.9M      761.9M

