>> /usr/lib64/mpich/bin/mpirun -n 8 -bind-to core /opt/palace/bin/palace-x86_64.bin /work/config.json

_____________     _______
_____   __   \____ __   /____ ____________
____   /_/  /  __ ` /  /  __ ` /  ___/  _ \
___   _____/  /_/  /  /  /_/  /  /__/  ___/
  /__/     \___,__/__/\___,__/\_____\_____/

Git changeset ID: v0.17.0-99-gfba6a5b9d
Running with 8 MPI processes, 1 OpenMP thread
Device configuration: omp,cpu
Memory configuration: host-std
libCEED backend: /cpu/self/opt/blocked


[38;2;255;255;000m--> Warning![0m
3456 mesh faces with no associated boundary element exist on the domain boundary!

Added 3456 boundary elements for exterior boundaries to the mesh

Characteristic length and time scales:
 Lc = 1.000e+00 m, tc = 3.336e+00 ns
Finished partitioning mesh into 8 subdomains

Mesh curvature order: 1
Mesh bounding box:
 (Xmin, Ymin, Zmin) = (+0.000e+00, +0.000e+00, +0.000e+00) m
 (Xmax, Ymax, Zmax) = (+1.000e+00, +1.000e+00, +1.000e+00) m

Parallel Mesh Stats:

                minimum     average     maximum       total
 vertices          1759        1953        2195       15625
 edges            12305       12753       13384      102024
 faces            20863       21168       21500      169344
 elements         10263       10368       10558       82944
 neighbors            4           5           7

            minimum     maximum
 h        0.0467693   0.0467693
 kappa      2.41421     2.41421

Estimated current per-rank memory usage is: Min. 40.9M, Max. 93.3M, Avg. 48.1M, Total 384.5M
Estimated current per-node memory usage is: Min. 385.2M, Max. 385.2M, Avg. 385.2M, Total 385.2M

Configuring Robin impedance BC for lumped ports at attributes:
 3: Rs = 3.767e+02 Ω/sq, n = (+0.0,+0.0,-1.0)

Configuring lumped port circuit properties:
 Index = 1: R = 3.767e+02 Ω

Configuring lumped port excitation source term at attributes:
 3: Index = 1

Configuring Dirichlet PEC BC at attributes:
 2

Computing frequency response for:
Excitation with index 1 has contributions from:
 Lumped port  1

Assembling system matrices, number of global unknowns:
 H1 (p = 1): 15625, ND (p = 1): 102024, RT (p = 1): 169344
 Operator assembly level: Partial
 Mesh geometries:
  Tetrahedron: P = 6, Q = 4 (quadrature order = 2)

Assembling multigrid hierarchy:
 Level 0 (p = 1): 102024 unknowns
 Level 0 (auxiliary) (p = 1): 15625 unknowns

It 1/1: ω/2π = 4.771e-03 GHz (total elapsed time = 1.24e-01 s)

   Residual norms for GMRES solve
   0 (restart 0) KSP residual norm 6.757299e+00
   1 (restart 0) KSP residual norm 2.655392e-01
   2 (restart 0) KSP residual norm 1.737630e-03
   3 (restart 0) KSP residual norm 4.230711e-06
   4 (restart 0) KSP residual norm 2.018883e-07
   5 (restart 0) KSP residual norm 9.832760e-09
GMRES solver converged in 5 iterations (avg. reduction factor: 1.708e-02)
 Sol. ||E|| = 6.666188e+00 (||RHS|| = 1.615893e-01)
 Field energy E (7.408e-10 J) + H (9.902e-10 J) = 1.731e-09 J
 S[1][1] = -3.340e-01+7.474e-03i, |S[1][1]| = -9.523e+00, arg(S[1][1]) = +1.787e+02
 Updating solution error estimates

Completed 0 iterations of adaptive mesh refinement (AMR):
 Indicator norm = 1.965e-02, global unknowns = 102024
 Max. iterations = 0, tol. = 1.000e-02

Estimated peak per-rank memory usage is: Min. 323.8M, Max. 358.2M, Avg. 338.1M, Total 2.6G
Estimated peak per-node memory usage is: Min. 2.6G, Max. 2.6G, Avg. 2.6G, Total 2.6G

Elapsed Time Report (s)           Min.        Max.        Avg.
==============================================================
Initialization                   0.179       0.361       0.338
  Mesh Preprocessing             0.257       0.438       0.279
Operator Construction            0.041       0.042       0.042
Linear Solve                     0.106       0.106       0.106
  Setup                          0.123       0.123       0.123
  Preconditioner                 2.628       2.628       2.628
Estimation                       0.014       0.015       0.014
  Construction                   0.690       0.690       0.690
  Solve                          0.142       0.143       0.142
Postprocessing                   0.027       0.028       0.028
Disk IO                          0.149       0.149       0.149
--------------------------------------------------------------
Total                            4.551       4.551       4.551

Peak Memory                   Per-Node       Total   Total HWM
==============================================================
Initialization                   26.9M       26.9M       26.9M
  Mesh Preprocessing             82.5M       82.5M      109.4M
Operator Construction            91.8M       91.8M      201.2M
Linear Solve                      2.7M        2.7M      203.8M
  Setup                         205.0M      205.0M      408.8M
  Preconditioner                  1.8G        1.8G        2.2G
Estimation                        0.0K        0.0K        2.2G
  Construction                  145.4M      145.4M        2.4G
  Solve                           0.0K        0.0K        2.4G
Postprocessing                    0.0K        0.0K        2.4G
Disk IO                          30.4M       30.4M        2.4G
--------------------------------------------------------------
Total                             2.5G        2.5G        2.5G

