>> /usr/lib64/mpich/bin/mpirun -n 8 -bind-to core /opt/palace/bin/palace-x86_64.bin /work/config.json

_____________     _______
_____   __   \____ __   /____ ____________
____   /_/  /  __ ` /  /  __ ` /  ___/  _ \
___   _____/  /_/  /  /  /_/  /  /__/  ___/
  /__/     \___,__/__/\___,__/\_____\_____/

Git changeset ID: v0.17.0-99-gfba6a5b9d
Running with 8 MPI processes, 1 OpenMP thread
Device configuration: omp,cpu
Memory configuration: host-std
libCEED backend: /cpu/self/opt/blocked


[38;2;255;255;000m--> Warning![0m
15000 mesh faces with no associated boundary element exist on the domain boundary!

Added 15000 boundary elements for exterior boundaries to the mesh

Characteristic length and time scales:
 Lc = 1.000e+00 m, tc = 3.336e+00 ns
Finished partitioning mesh into 8 subdomains

Mesh curvature order: 1
Mesh bounding box:
 (Xmin, Ymin, Zmin) = (+0.000e+00, +0.000e+00, +0.000e+00) m
 (Xmax, Ymax, Zmax) = (+1.000e+00, +1.000e+00, +1.000e+00) m

Parallel Mesh Stats:

                minimum     average     maximum       total
 vertices         15767       16581       17660      132651
 edges           109793      112206      115324      897650
 faces           187755      189375      191420     1515000
 elements         93729       93750       93767      750000
 neighbors            3           4           7

            minimum     maximum
 h        0.0224492   0.0224492
 kappa      2.41421     2.41421

Estimated current per-rank memory usage is: Min. 71.7M, Max. 499.5M, Avg. 125.4M, Total 1003.3M
Estimated current per-node memory usage is: Min. 1004.0M, Max. 1004.0M, Avg. 1004.0M, Total 1004.0M

Configuring Robin impedance BC for lumped ports at attributes:
 3: Rs = 3.767e+02 Ω/sq, n = (+0.0,+0.0,-1.0)

Configuring lumped port circuit properties:
 Index = 1: R = 3.767e+02 Ω

Configuring lumped port excitation source term at attributes:
 3: Index = 1

Configuring Dirichlet PEC BC at attributes:
 2

Computing frequency response for:
Excitation with index 1 has contributions from:
 Lumped port  1

Assembling system matrices, number of global unknowns:
 H1 (p = 1): 132651, ND (p = 1): 897650, RT (p = 1): 1515000
 Operator assembly level: Partial
 Mesh geometries:
  Tetrahedron: P = 6, Q = 4 (quadrature order = 2)

Assembling multigrid hierarchy:
 Level 0 (p = 1): 897650 unknowns
 Level 0 (auxiliary) (p = 1): 132651 unknowns

It 1/1: ω/2π = 4.771e-03 GHz (total elapsed time = 1.12e+00 s)

   Residual norms for GMRES solve
   0 (restart 0) KSP residual norm 9.648090e+00
   1 (restart 0) KSP residual norm 3.749400e-01
   2 (restart 0) KSP residual norm 2.431452e-03
   3 (restart 0) KSP residual norm 5.867490e-06
   4 (restart 0) KSP residual norm 6.489963e-08
GMRES solver converged in 4 iterations (avg. reduction factor: 9.056e-03)
 Sol. ||E|| = 9.519688e+00 (||RHS|| = 1.624808e-01)
 Field energy E (7.408e-10 J) + H (9.904e-10 J) = 1.731e-09 J
 S[1][1] = -3.340e-01+7.481e-03i, |S[1][1]| = -9.523e+00, arg(S[1][1]) = +1.787e+02
 Updating solution error estimates

Completed 0 iterations of adaptive mesh refinement (AMR):
 Indicator norm = 9.591e-03, global unknowns = 897650
 Max. iterations = 0, tol. = 1.000e-02

Estimated peak per-rank memory usage is: Min. 3.3G, Max. 3.7G, Avg. 3.4G, Total 27.6G
Estimated peak per-node memory usage is: Min. 27.6G, Max. 27.6G, Avg. 27.6G, Total 27.6G

Elapsed Time Report (s)           Min.        Max.        Avg.
==============================================================
Initialization                   1.582       3.218       3.013
  Mesh Preprocessing             2.290       3.926       2.494
Operator Construction            0.392       0.412       0.403
Linear Solve                     0.789       0.794       0.792
  Setup                          1.112       1.117       1.115
  Preconditioner                58.067      58.072      58.069
Estimation                       0.136       0.140       0.138
  Construction                   6.774       6.776       6.776
  Solve                          1.329       1.332       1.331
Postprocessing                   0.187       0.193       0.189
Disk IO                          1.369       1.370       1.369
--------------------------------------------------------------
Total                           75.712      75.712      75.712

Peak Memory                   Per-Node       Total   Total HWM
==============================================================
Initialization                   22.5M       22.5M       22.5M
  Mesh Preprocessing            592.2M      592.2M      614.6M
Operator Construction           471.0M      471.0M        1.1G
Linear Solve                     16.5M       16.5M        1.1G
  Setup                           1.6G        1.6G        2.6G
  Preconditioner                 23.3G       23.3G       26.0G
Estimation                        0.0K        0.0K       26.0G
  Construction                    1.1G        1.1G       27.1G
  Solve                           0.0K        0.0K       27.1G
Postprocessing                    0.0K        0.0K       27.1G
Disk IO                         242.1M      242.1M       27.3G
--------------------------------------------------------------
Total                            27.4G       27.4G       27.4G

