>> /usr/lib64/mpich/bin/mpirun -n 1 -bind-to core /opt/palace/bin/palace-x86_64.bin /work/config.json

_____________     _______
_____   __   \____ __   /____ ____________
____   /_/  /  __ ` /  /  __ ` /  ___/  _ \
___   _____/  /_/  /  /  /_/  /  /__/  ___/
  /__/     \___,__/__/\___,__/\_____\_____/

Git changeset ID: v0.17.0-99-gfba6a5b9d
Running with 1 MPI process, 1 OpenMP thread
Device configuration: omp,cpu
Memory configuration: host-std
libCEED backend: /cpu/self/opt/blocked


[38;2;255;255;000m--> Warning![0m
2400 mesh faces with no associated boundary element exist on the domain boundary!

Added 2400 boundary elements for exterior boundaries to the mesh

Characteristic length and time scales:
 Lc = 1.000e+00 m, tc = 3.336e+00 ns
Finished partitioning mesh into 1 subdomain

Mesh curvature order: 1
Mesh bounding box:
 (Xmin, Ymin, Zmin) = (+0.000e+00, +0.000e+00, +0.000e+00) m
 (Xmax, Ymax, Zmax) = (+1.000e+00, +1.000e+00, +1.000e+00) m

Parallel Mesh Stats:

                minimum     average     maximum       total
 vertices          9261        9261        9261        9261
 edges            59660       59660       59660       59660
 faces            98400       98400       98400       98400
 elements         48000       48000       48000       48000
 neighbors            0           0           0

            minimum     maximum
 h        0.0561231   0.0561231
 kappa      2.41421     2.41421

Estimated current per-rank memory usage is: Min. 75.3M, Max. 75.3M, Avg. 75.3M, Total 75.3M
Estimated current per-node memory usage is: Min. 75.3M, Max. 75.3M, Avg. 75.3M, Total 75.3M

Configuring Robin impedance BC for lumped ports at attributes:
 3: Rs = 3.767e+02 Ω/sq, n = (+0.0,+0.0,-1.0)

Configuring lumped port circuit properties:
 Index = 1: R = 3.767e+02 Ω

Configuring lumped port excitation source term at attributes:
 3: Index = 1

Configuring Dirichlet PEC BC at attributes:
 2

Computing frequency response for:
Excitation with index 1 has contributions from:
 Lumped port  1

Assembling system matrices, number of global unknowns:
 H1 (p = 1): 9261, ND (p = 1): 59660, RT (p = 1): 98400
 Operator assembly level: Partial
 Mesh geometries:
  Tetrahedron: P = 6, Q = 4 (quadrature order = 2)

Assembling multigrid hierarchy:
 Level 0 (p = 1): 59660 unknowns
 Level 0 (auxiliary) (p = 1): 9261 unknowns

It 1/1: ω/2π = 4.771e-03 GHz (total elapsed time = 5.25e-01 s)

   Residual norms for GMRES solve
   0 (restart 0) KSP residual norm 6.194144e+00
   1 (restart 0) KSP residual norm 2.444340e-01
   2 (restart 0) KSP residual norm 1.604601e-03
   3 (restart 0) KSP residual norm 3.919795e-06
   4 (restart 0) KSP residual norm 2.677498e-07
   5 (restart 0) KSP residual norm 1.081131e-08
GMRES solver converged in 5 iterations (avg. reduction factor: 1.772e-02)
 Sol. ||E|| = 6.110211e+00 (||RHS|| = 1.612452e-01)
 Field energy E (7.408e-10 J) + H (9.900e-10 J) = 1.731e-09 J
 S[1][1] = -3.340e-01+7.471e-03i, |S[1][1]| = -9.523e+00, arg(S[1][1]) = +1.787e+02
 Updating solution error estimates

Completed 0 iterations of adaptive mesh refinement (AMR):
 Indicator norm = 2.343e-02, global unknowns = 59660
 Max. iterations = 0, tol. = 1.000e-02

Estimated peak per-rank memory usage is: Min. 863.3M, Max. 863.3M, Avg. 863.3M, Total 863.3M
Estimated peak per-node memory usage is: Min. 863.3M, Max. 863.3M, Avg. 863.3M, Total 863.3M

Elapsed Time Report (s)           Min.        Max.        Avg.
==============================================================
Initialization                   0.182       0.182       0.182
  Mesh Preprocessing             0.415       0.415       0.415
Operator Construction            0.150       0.150       0.150
Linear Solve                     0.475       0.475       0.475
  Setup                          0.523       0.523       0.523
  Preconditioner                 3.073       3.073       3.073
Estimation                       0.069       0.069       0.069
  Construction                   2.887       2.887       2.887
  Solve                          0.657       0.657       0.657
Postprocessing                   0.085       0.085       0.085
Disk IO                          0.088       0.088       0.088
--------------------------------------------------------------
Total                            8.616       8.616       8.616

Peak Memory                   Per-Node       Total   Total HWM
==============================================================
Initialization                    2.7M        2.7M        2.7M
  Mesh Preprocessing             23.7M       23.7M       26.4M
Operator Construction            21.5M       21.5M       47.8M
Linear Solve                      0.0K        0.0K       47.8M
  Setup                         129.1M      129.1M      177.0M
  Preconditioner                526.5M      526.5M      703.5M
Estimation                       22.1M       22.1M      725.6M
  Construction                   72.4M       72.4M      798.0M
  Solve                          16.1M       16.1M      814.1M
Postprocessing                    0.0K        0.0K      814.1M
Disk IO                          17.2M       17.2M      831.3M
--------------------------------------------------------------
Total                           841.9M      841.9M      841.9M

