>> /usr/lib64/mpich/bin/mpirun -n 1 -bind-to core /opt/palace/bin/palace-x86_64.bin /work/config.json

_____________     _______
_____   __   \____ __   /____ ____________
____   /_/  /  __ ` /  /  __ ` /  ___/  _ \
___   _____/  /_/  /  /  /_/  /  /__/  ___/
  /__/     \___,__/__/\___,__/\_____\_____/

Git changeset ID: v0.17.0-99-gfba6a5b9d
Running with 1 MPI process, 1 OpenMP thread
Device configuration: omp,cpu
Memory configuration: host-std
libCEED backend: /cpu/self/opt/blocked


[38;2;255;255;000m--> Warning![0m
3456 mesh faces with no associated boundary element exist on the domain boundary!

Added 3456 boundary elements for exterior boundaries to the mesh

Characteristic length and time scales:
 Lc = 1.000e+00 m, tc = 3.336e+00 ns
Finished partitioning mesh into 1 subdomain

Mesh curvature order: 1
Mesh bounding box:
 (Xmin, Ymin, Zmin) = (+0.000e+00, +0.000e+00, +0.000e+00) m
 (Xmax, Ymax, Zmax) = (+1.000e+00, +1.000e+00, +1.000e+00) m

Parallel Mesh Stats:

                minimum     average     maximum       total
 vertices         15625       15625       15625       15625
 edges           102024      102024      102024      102024
 faces           169344      169344      169344      169344
 elements         82944       82944       82944       82944
 neighbors            0           0           0

            minimum     maximum
 h        0.0467693   0.0467693
 kappa      2.41421     2.41421

Estimated current per-rank memory usage is: Min. 101.0M, Max. 101.0M, Avg. 101.0M, Total 101.0M
Estimated current per-node memory usage is: Min. 101.0M, Max. 101.0M, Avg. 101.0M, Total 101.0M

Configuring Robin impedance BC for lumped ports at attributes:
 3: Rs = 3.767e+02 Ω/sq, n = (+0.0,+0.0,-1.0)

Configuring lumped port circuit properties:
 Index = 1: R = 3.767e+02 Ω

Configuring lumped port excitation source term at attributes:
 3: Index = 1

Configuring Dirichlet PEC BC at attributes:
 2

Computing frequency response for:
Excitation with index 1 has contributions from:
 Lumped port  1

Assembling system matrices, number of global unknowns:
 H1 (p = 1): 15625, ND (p = 1): 102024, RT (p = 1): 169344
 Operator assembly level: Partial
 Mesh geometries:
  Tetrahedron: P = 6, Q = 4 (quadrature order = 2)

Assembling multigrid hierarchy:
 Level 0 (p = 1): 102024 unknowns
 Level 0 (auxiliary) (p = 1): 15625 unknowns

It 1/1: ω/2π = 4.771e-03 GHz (total elapsed time = 9.37e-01 s)

   Residual norms for GMRES solve
   0 (restart 0) KSP residual norm 6.757299e+00
   1 (restart 0) KSP residual norm 2.655392e-01
   2 (restart 0) KSP residual norm 1.737630e-03
   3 (restart 0) KSP residual norm 4.230712e-06
   4 (restart 0) KSP residual norm 2.018881e-07
   5 (restart 0) KSP residual norm 9.832741e-09
GMRES solver converged in 5 iterations (avg. reduction factor: 1.708e-02)
 Sol. ||E|| = 6.666188e+00 (||RHS|| = 1.615893e-01)
 Field energy E (7.408e-10 J) + H (9.902e-10 J) = 1.731e-09 J
 S[1][1] = -3.340e-01+7.474e-03i, |S[1][1]| = -9.523e+00, arg(S[1][1]) = +1.787e+02
 Updating solution error estimates

Completed 0 iterations of adaptive mesh refinement (AMR):
 Indicator norm = 1.965e-02, global unknowns = 102024
 Max. iterations = 0, tol. = 1.000e-02

Estimated peak per-rank memory usage is: Min. 1.5G, Max. 1.5G, Avg. 1.5G, Total 1.5G
Estimated peak per-node memory usage is: Min. 1.5G, Max. 1.5G, Avg. 1.5G, Total 1.5G

Elapsed Time Report (s)           Min.        Max.        Avg.
==============================================================
Initialization                   0.312       0.312       0.312
  Mesh Preprocessing             0.713       0.713       0.713
Operator Construction            0.272       0.272       0.272
Linear Solve                     0.835       0.835       0.835
  Setup                          0.935       0.935       0.935
  Preconditioner                 7.276       7.276       7.276
Estimation                       0.109       0.109       0.109
  Construction                   5.572       5.572       5.572
  Solve                          1.148       1.148       1.148
Postprocessing                   0.145       0.145       0.145
Disk IO                          0.155       0.155       0.155
--------------------------------------------------------------
Total                           17.486      17.486      17.486

Peak Memory                   Per-Node       Total   Total HWM
==============================================================
Initialization                    2.7M        2.7M        2.7M
  Mesh Preprocessing             39.5M       39.5M       42.1M
Operator Construction            33.1M       33.1M       75.2M
Linear Solve                      0.0K        0.0K       75.2M
  Setup                         197.6M      197.6M      272.8M
  Preconditioner                  1.1G        1.1G        1.3G
Estimation                        0.0K        0.0K        1.3G
  Construction                  140.2M      140.2M        1.5G
  Solve                           0.0K        0.0K        1.5G
Postprocessing                    0.0K        0.0K        1.5G
Disk IO                          28.6M       28.6M        1.5G
--------------------------------------------------------------
Total                             1.5G        1.5G        1.5G

