>> /usr/lib64/mpich/bin/mpirun -n 8 -bind-to core /opt/palace/bin/palace-x86_64.bin /work/config.json

_____________     _______
_____   __   \____ __   /____ ____________
____   /_/  /  __ ` /  /  __ ` /  ___/  _ \
___   _____/  /_/  /  /  /_/  /  /__/  ___/
  /__/     \___,__/__/\___,__/\_____\_____/

Git changeset ID: v0.17.0-99-gfba6a5b9d
Running with 8 MPI processes, 1 OpenMP thread
Device configuration: omp,cpu
Memory configuration: host-std
libCEED backend: /cpu/self/opt/blocked


[38;2;255;255;000m--> Warning![0m
7776 mesh faces with no associated boundary element exist on the domain boundary!

Added 7776 boundary elements for exterior boundaries to the mesh

Characteristic length and time scales:
 Lc = 1.000e+00 m, tc = 3.336e+00 ns
Finished partitioning mesh into 8 subdomains

Mesh curvature order: 1
Mesh bounding box:
 (Xmin, Ymin, Zmin) = (+0.000e+00, +0.000e+00, +0.000e+00) m
 (Xmax, Ymax, Zmax) = (+1.000e+00, +1.000e+00, +1.000e+00) m

Parallel Mesh Stats:

                minimum     average     maximum       total
 vertices          5360        6331        6988       50653
 edges            39295       42295       44269      338364
 faces            68762       70956       72426      567648
 elements         34827       34992       35189      279936
 neighbors            4           5           7

            minimum     maximum
 h        0.0311795   0.0311795
 kappa      2.41421     2.41421

Estimated current per-rank memory usage is: Min. 50.2M, Max. 217.6M, Avg. 71.4M, Total 570.9M
Estimated current per-node memory usage is: Min. 571.6M, Max. 571.6M, Avg. 571.6M, Total 571.6M

Configuring Robin impedance BC for lumped ports at attributes:
 3: Rs = 3.767e+02 Ω/sq, n = (+0.0,+0.0,-1.0)

Configuring lumped port circuit properties:
 Index = 1: R = 3.767e+02 Ω

Configuring lumped port excitation source term at attributes:
 3: Index = 1

Configuring Dirichlet PEC BC at attributes:
 2

Computing frequency response for:
Excitation with index 1 has contributions from:
 Lumped port  1

Assembling system matrices, number of global unknowns:
 H1 (p = 1): 50653, ND (p = 1): 338364, RT (p = 1): 567648
 Operator assembly level: Partial
 Mesh geometries:
  Tetrahedron: P = 6, Q = 4 (quadrature order = 2)

Assembling multigrid hierarchy:
 Level 0 (p = 1): 338364 unknowns
 Level 0 (auxiliary) (p = 1): 50653 unknowns

It 1/1: ω/2π = 4.771e-03 GHz (total elapsed time = 4.14e-01 s)

   Residual norms for GMRES solve
   0 (restart 0) KSP residual norm 8.218726e+00
   1 (restart 0) KSP residual norm 3.206829e-01
   2 (restart 0) KSP residual norm 2.086624e-03
   3 (restart 0) KSP residual norm 5.052043e-06
   4 (restart 0) KSP residual norm 1.075845e-07
   5 (restart 0) KSP residual norm 9.717012e-09
GMRES solver converged in 5 iterations (avg. reduction factor: 1.639e-02)
 Sol. ||E|| = 8.108830e+00 (||RHS|| = 1.621613e-01)
 Field energy E (7.408e-10 J) + H (9.903e-10 J) = 1.731e-09 J
 S[1][1] = -3.340e-01+7.479e-03i, |S[1][1]| = -9.523e+00, arg(S[1][1]) = +1.787e+02
 Updating solution error estimates

Completed 0 iterations of adaptive mesh refinement (AMR):
 Indicator norm = 1.324e-02, global unknowns = 338364
 Max. iterations = 0, tol. = 1.000e-02

Estimated peak per-rank memory usage is: Min. 1.1G, Max. 1.2G, Avg. 1.1G, Total 9.0G
Estimated peak per-node memory usage is: Min. 9.0G, Max. 9.0G, Avg. 9.0G, Total 9.0G

Elapsed Time Report (s)           Min.        Max.        Avg.
==============================================================
Initialization                   0.590       1.198       1.122
  Mesh Preprocessing             0.844       1.451       0.920
Operator Construction            0.131       0.140       0.133
Linear Solve                     0.348       0.355       0.352
  Setup                          0.413       0.413       0.413
  Preconditioner                13.828      13.835      13.831
Estimation                       0.051       0.052       0.051
  Construction                   2.332       2.332       2.332
  Solve                          0.488       0.489       0.488
Postprocessing                   0.075       0.076       0.076
Disk IO                          0.508       0.508       0.508
--------------------------------------------------------------
Total                           20.253      20.253      20.253

Peak Memory                   Per-Node       Total   Total HWM
==============================================================
Initialization                   21.5M       21.5M       21.5M
  Mesh Preprocessing            230.1M      230.1M      251.6M
Operator Construction           207.5M      207.5M      459.1M
Linear Solve                      6.1M        6.1M      465.2M
  Setup                         678.3M      678.3M        1.1G
  Preconditioner                  7.2G        7.2G        8.3G
Estimation                        0.0K        0.0K        8.3G
  Construction                  387.9M      387.9M        8.7G
  Solve                           0.0K        0.0K        8.7G
Postprocessing                    0.0K        0.0K        8.7G
Disk IO                          93.3M       93.3M        8.8G
--------------------------------------------------------------
Total                             8.9G        8.9G        8.9G

