>> /usr/lib64/mpich/bin/mpirun -n 1 -bind-to core /opt/palace/bin/palace-x86_64.bin /work/config.json

_____________     _______
_____   __   \____ __   /____ ____________
____   /_/  /  __ ` /  /  __ ` /  ___/  _ \
___   _____/  /_/  /  /  /_/  /  /__/  ___/
  /__/     \___,__/__/\___,__/\_____\_____/

Git changeset ID: v0.17.0-99-gfba6a5b9d
Running with 1 MPI process, 1 OpenMP thread
Device configuration: omp,cpu
Memory configuration: host-std
libCEED backend: /cpu/self/opt/blocked


[38;2;255;255;000m--> Warning![0m
7776 mesh faces with no associated boundary element exist on the domain boundary!

Added 7776 boundary elements for exterior boundaries to the mesh

Characteristic length and time scales:
 Lc = 1.000e+00 m, tc = 3.336e+00 ns
Finished partitioning mesh into 1 subdomain

Mesh curvature order: 1
Mesh bounding box:
 (Xmin, Ymin, Zmin) = (+0.000e+00, +0.000e+00, +0.000e+00) m
 (Xmax, Ymax, Zmax) = (+1.000e+00, +1.000e+00, +1.000e+00) m

Parallel Mesh Stats:

                minimum     average     maximum       total
 vertices         50653       50653       50653       50653
 edges           338364      338364      338364      338364
 faces           567648      567648      567648      567648
 elements        279936      279936      279936      279936
 neighbors            0           0           0

            minimum     maximum
 h        0.0311795   0.0311795
 kappa      2.41421     2.41421

Estimated current per-rank memory usage is: Min. 253.0M, Max. 253.0M, Avg. 253.0M, Total 253.0M
Estimated current per-node memory usage is: Min. 253.0M, Max. 253.0M, Avg. 253.0M, Total 253.0M

Configuring Robin impedance BC for lumped ports at attributes:
 3: Rs = 3.767e+02 Ω/sq, n = (+0.0,+0.0,-1.0)

Configuring lumped port circuit properties:
 Index = 1: R = 3.767e+02 Ω

Configuring lumped port excitation source term at attributes:
 3: Index = 1

Configuring Dirichlet PEC BC at attributes:
 2

Computing frequency response for:
Excitation with index 1 has contributions from:
 Lumped port  1

Assembling system matrices, number of global unknowns:
 H1 (p = 1): 50653, ND (p = 1): 338364, RT (p = 1): 567648
 Operator assembly level: Partial
 Mesh geometries:
  Tetrahedron: P = 6, Q = 4 (quadrature order = 2)

Assembling multigrid hierarchy:
 Level 0 (p = 1): 338364 unknowns
 Level 0 (auxiliary) (p = 1): 50653 unknowns

It 1/1: ω/2π = 4.771e-03 GHz (total elapsed time = 3.56e+00 s)

   Residual norms for GMRES solve
   0 (restart 0) KSP residual norm 8.218726e+00
   1 (restart 0) KSP residual norm 3.206829e-01
   2 (restart 0) KSP residual norm 2.086624e-03
   3 (restart 0) KSP residual norm 5.052043e-06
   4 (restart 0) KSP residual norm 1.075851e-07
   5 (restart 0) KSP residual norm 9.716952e-09
GMRES solver converged in 5 iterations (avg. reduction factor: 1.639e-02)
 Sol. ||E|| = 8.108830e+00 (||RHS|| = 1.621613e-01)
 Field energy E (7.408e-10 J) + H (9.903e-10 J) = 1.731e-09 J
 S[1][1] = -3.340e-01+7.479e-03i, |S[1][1]| = -9.523e+00, arg(S[1][1]) = +1.787e+02
 Updating solution error estimates

Completed 0 iterations of adaptive mesh refinement (AMR):
 Indicator norm = 1.324e-02, global unknowns = 338364
 Max. iterations = 0, tol. = 1.000e-02

Estimated peak per-rank memory usage is: Min. 6.6G, Max. 6.6G, Avg. 6.6G, Total 6.6G
Estimated peak per-node memory usage is: Min. 6.6G, Max. 6.6G, Avg. 6.6G, Total 6.6G

Elapsed Time Report (s)           Min.        Max.        Avg.
==============================================================
Initialization                   1.036       1.036       1.036
  Mesh Preprocessing             2.392       2.392       2.392
Operator Construction            0.815       0.815       0.815
Linear Solve                     2.791       2.791       2.791
  Setup                          3.550       3.550       3.550
  Preconditioner                46.493      46.493      46.493
Estimation                       0.366       0.366       0.366
  Construction                  17.382      17.382      17.382
  Solve                          3.723       3.723       3.723
Postprocessing                   0.454       0.454       0.454
Disk IO                          0.515       0.515       0.515
--------------------------------------------------------------
Total                           79.593      79.593      79.593

Peak Memory                   Per-Node       Total   Total HWM
==============================================================
Initialization                    2.8M        2.8M        2.8M
  Mesh Preprocessing            136.5M      136.5M      139.3M
Operator Construction           100.8M      100.8M      240.0M
Linear Solve                      0.0K        0.0K      240.0M
  Setup                         710.4M      710.4M      950.4M
  Preconditioner                  5.2G        5.2G        6.1G
Estimation                        0.0K        0.0K        6.1G
  Construction                  398.2M      398.2M        6.5G
  Solve                           0.0K        0.0K        6.5G
Postprocessing                    0.0K        0.0K        6.5G
Disk IO                          91.3M       91.3M        6.6G
--------------------------------------------------------------
Total                             6.6G        6.6G        6.6G

