
running 1 test
test diag956_threading ... diag956 site=complex n=20
diag956 loadavg_1min_process_start=11.68
diag956 rayon_num_threads=unset
diag956 dofs=6859
diag956 solve_user_s=1.310
diag956 solve_sys_s=10.896
diag956 solve_wall_s=0.681
diag956 value[0] = 2.99135796311431541e1 5.98271592622862780e-1
diag956 value[1] = 6.01385491093017848e1 1.20277098218603262e0
diag956 value[2] = 6.01385491093018416e1 1.20277098218604173e0
diag956 value[3] = 6.06726428010105465e1 1.21345285602021002e0
diag956 value[4] = 9.11744169837479177e1 1.82348833967495372e0
diag956 value[5] = 9.11744169837481593e1 1.82348833967495949e0
diag956 value[6] = 9.19357771048496630e1 1.83871554209698873e0
diag956 value[7] = 1.11816092805564097e2 2.23632185611127410e0
diag956 value[8] = 1.11816092805564324e2 2.23632185611129053e0
diag956 value[9] = 1.11880657785535348e2 2.23761315571070796e0
diag956 value[10] = 1.23206408555860577e2 2.46412817111721605e0
diag956 value[11] = 1.42407987329184465e2 2.84815974658369209e0
diag956 value[12] = 1.42916310360098350e2 2.85832620720199548e0
diag956 value[13] = 1.45353593659998751e2 2.90707187319998361e0
diag956 value[14] = 1.46067992595757744e2 2.92135985191516001e0
diag956 value[15] = 1.75499856568575183e2 3.50999713137150771e0
diag956 value[16] = 1.80365768138497430e2 3.60731536276994502e0
diag956 value[17] = 1.85615650065166705e2 3.71231300130336361e0
diag956 value[18] = 1.85889172677845153e2 3.71778345355693407e0
diag956 value[19] = 1.98246631493919267e2 3.96493263003932794e0
diag956 loadavg_1min_process_end=11.68
ok

test result: ok. 1 passed; 0 failed; 0 ignored; 0 measured; 0 filtered out; finished in 1.77s

