
running 1 test
test diag956_threading ... diag956 site=complex n=20
diag956 loadavg_1min_process_start=12.63
diag956 rayon_num_threads=1
diag956 dofs=6859
diag956 solve_user_s=0.495
diag956 solve_sys_s=0.019
diag956 solve_wall_s=0.510
diag956 value[0] = 2.99135796311431008e1 5.98271592622858561e-1
diag956 value[1] = 6.01385491093017492e1 1.20277098218603373e0
diag956 value[2] = 6.01385491093021187e1 1.20277098218604950e0
diag956 value[3] = 6.06726428010106034e1 1.21345285602021113e0
diag956 value[4] = 9.11744169837480172e1 1.82348833967495838e0
diag956 value[5] = 9.11744169837480314e1 1.82348833967495838e0
diag956 value[6] = 9.19357771048499472e1 1.83871554209700250e0
diag956 value[7] = 1.11816092805563841e2 2.23632185611120082e0
diag956 value[8] = 1.11816092805564168e2 2.23632185611127277e0
diag956 value[9] = 1.11880657785535476e2 2.23761315571070263e0
diag956 value[10] = 1.23206408555860676e2 2.46412817111722404e0
diag956 value[11] = 1.42407987329184749e2 2.84815974658369342e0
diag956 value[12] = 1.42916310360098407e2 2.85832620720196484e0
diag956 value[13] = 1.45353593659998523e2 2.90707187319997118e0
diag956 value[14] = 1.46067992595757374e2 2.92135985191515868e0
diag956 value[15] = 1.75499856568575638e2 3.50999713137151215e0
diag956 value[16] = 1.80365768138497202e2 3.60731536276993792e0
diag956 value[17] = 1.85615650065167273e2 3.71231300130334185e0
diag956 value[18] = 1.85889172677846517e2 3.71778345355693185e0
diag956 value[19] = 1.98246631504075594e2 3.96493263014556518e0
diag956 loadavg_1min_process_end=12.63
ok

test result: ok. 1 passed; 0 failed; 0 ignored; 0 measured; 0 filtered out; finished in 1.60s

