
running 1 test
test diag956_threading ... diag956 site=complex n=20
diag956 loadavg_1min_process_start=12.46
diag956 rayon_num_threads=8
diag956 dofs=6859
diag956 solve_user_s=0.814
diag956 solve_sys_s=0.481
diag956 solve_wall_s=0.417
diag956 value[0] = 2.99135796311431221e1 5.98271592622861892e-1
diag956 value[1] = 6.01385491093018274e1 1.20277098218603373e0
diag956 value[2] = 6.01385491093020619e1 1.20277098218604661e0
diag956 value[3] = 6.06726428010109018e1 1.21345285602021691e0
diag956 value[4] = 9.11744169837477756e1 1.82348833967496904e0
diag956 value[5] = 9.11744169837480172e1 1.82348833967495461e0
diag956 value[6] = 9.19357771048496488e1 1.83871554209698718e0
diag956 value[7] = 1.11816092805564139e2 2.23632185611128564e0
diag956 value[8] = 1.11816092805564580e2 2.23632185611129675e0
diag956 value[9] = 1.11880657785535178e2 2.23761315571070396e0
diag956 value[10] = 1.23206408555859156e2 2.46412817111717253e0
diag956 value[11] = 1.42407987329183811e2 2.84815974658368143e0
diag956 value[12] = 1.42916310360097611e2 2.85832620720196706e0
diag956 value[13] = 1.45353593659998694e2 2.90707187319998539e0
diag956 value[14] = 1.46067992595756891e2 2.92135985191514580e0
diag956 value[15] = 1.75499856568575467e2 3.50999713137149705e0
diag956 value[16] = 1.80365768138498026e2 3.60731536276995701e0
diag956 value[17] = 1.85615650065168154e2 3.71231300130336273e0
diag956 value[18] = 1.85889172677847881e2 3.71778345355696116e0
diag956 value[19] = 1.98246631509261903e2 3.96493263024359477e0
diag956 loadavg_1min_process_end=12.46
ok

test result: ok. 1 passed; 0 failed; 0 ignored; 0 measured; 0 filtered out; finished in 1.52s

