
running 1 test
test diag956_threading ... diag956 site=complex n=20
diag956 loadavg_1min_process_start=10.01
diag956 rayon_num_threads=1
diag956 dofs=6859
diag956 solve_user_s=0.490
diag956 solve_sys_s=0.021
diag956 solve_wall_s=0.508
diag956 value[0] = 2.99135796311431612e1 5.98271592622864667e-1
diag956 value[1] = 6.01385491093018629e1 1.20277098218604328e0
diag956 value[2] = 6.01385491093021187e1 1.20277098218605283e0
diag956 value[3] = 6.06726428010107739e1 1.21345285602021780e0
diag956 value[4] = 9.11744169837476193e1 1.82348833967494861e0
diag956 value[5] = 9.11744169837479461e1 1.82348833967496859e0
diag956 value[6] = 9.19357771048491941e1 1.83871554209697874e0
diag956 value[7] = 1.11816092805564026e2 2.23632185611128298e0
diag956 value[8] = 1.11816092805564210e2 2.23632185611129453e0
diag956 value[9] = 1.11880657785535092e2 2.23761315571069952e0
diag956 value[10] = 1.23206408555859198e2 2.46412817111718008e0
diag956 value[11] = 1.42407987329183840e2 2.84815974658367077e0
diag956 value[12] = 1.42916310360098009e2 2.85832620720198038e0
diag956 value[13] = 1.45353593659998211e2 2.90707187319997384e0
diag956 value[14] = 1.46067992595756493e2 2.92135985191512626e0
diag956 value[15] = 1.75499856568574785e2 3.50999713137148728e0
diag956 value[16] = 1.80365768138497543e2 3.60731536276995080e0
diag956 value[17] = 1.85615650065166591e2 3.71231300130334718e0
diag956 value[18] = 1.85889172677845494e2 3.71778345355693673e0
diag956 value[19] = 1.98246631496719289e2 3.96493263003069041e0
diag956 loadavg_1min_process_end=10.01
ok

test result: ok. 1 passed; 0 failed; 0 ignored; 0 measured; 0 filtered out; finished in 1.62s

