
running 1 test
test diag956_threading ... diag956 site=transient n=10
diag956 loadavg_1min_process_start=12.16
diag956 rayon_num_threads=8
diag956 interior_edges=6990
diag956 factor_user_s=0.177
diag956 factor_sys_s=0.101
diag956 factor_wall_s=0.082
diag956 run_user_s=1.761
diag956 run_sys_s=1.419
diag956 run_wall_s=1.035
diag956 value[0] = 0.00000000000000000e0
diag956 value[1] = -4.07705787097425730e-5
diag956 value[2] = -8.87430387543054023e-5
diag956 value[3] = -1.24132918271891465e-4
diag956 value[4] = -1.66472199636535142e-4
diag956 value[5] = -1.97939937265443727e-4
diag956 value[6] = -2.22895001162493739e-4
diag956 value[7] = -2.38809913991481170e-4
diag956 value[8] = -2.41278205078431738e-4
diag956 value[9] = -2.24045190507193571e-4
diag956 value[10] = -1.91099334940937122e-4
diag956 value[11] = -1.27056926772358086e-4
diag956 value[12] = -3.36237642598996692e-5
diag956 value[13] = 9.90946788158893058e-5
diag956 value[14] = 2.83949188178146759e-4
diag956 value[15] = 5.20330686450822455e-4
diag956 value[16] = 8.17124247873349577e-4
diag956 value[17] = 1.16364220152201836e-3
diag956 value[18] = 1.55280530920922548e-3
diag956 value[19] = 1.98120240615273996e-3
diag956 value[20] = 2.45321750642947967e-3
diag956 value[21] = 2.97744173392339422e-3
diag956 value[22] = 3.54754958660235663e-3
diag956 value[23] = 4.15034321610067720e-3
diag956 value[24] = 4.76993357780950301e-3
diag956 value[25] = 5.40349660951087822e-3
diag956 value[26] = 6.04307334696908317e-3
diag956 value[27] = 6.66534286518346078e-3
diag956 value[28] = 7.24517297275547364e-3
diag956 value[29] = 7.76262290618304641e-3
diag956 value[30] = 8.19876831193561487e-3
diag956 value[31] = 8.52020682187289505e-3
diag956 value[32] = 8.68999287144609639e-3
diag956 value[33] = 8.67938087628449505e-3
diag956 value[34] = 8.45741525534814305e-3
diag956 value[35] = 7.98246641603520511e-3
diag956 value[36] = 7.21568153289110434e-3
diag956 value[37] = 6.12677615891501527e-3
diag956 value[38] = 4.68144792546454965e-3
diag956 value[39] = 2.84322891821610964e-3
diag956 value[40] = 5.86572856649042115e-4
diag956 value[41] = -2.10562108530474353e-3
diag956 value[42] = -5.25166021717719204e-3
diag956 value[43] = -8.85912146267785715e-3
diag956 value[44] = -1.29201696919835542e-2
diag956 value[45] = -1.74188886850860127e-2
diag956 value[46] = -2.23284808830632626e-2
diag956 value[47] = -2.76040256911457282e-2
diag956 value[48] = -3.31837277739965505e-2
diag956 value[49] = -3.89942181130770379e-2
diag956 value[50] = -4.49417614581836544e-2
diag956 value[51] = -5.09125402934671248e-2
diag956 value[52] = -5.67793593260204135e-2
diag956 value[53] = -6.23981344302364724e-2
diag956 value[54] = -6.76054110808631675e-2
diag956 value[55] = -7.22246619469451012e-2
diag956 value[56] = -7.60710898337405156e-2
diag956 value[57] = -7.89470284850326554e-2
diag956 value[58] = -8.06484931736047017e-2
diag956 value[59] = -8.09736005464259112e-2
diag956 value[60] = -7.97215413133661732e-2
diag956 value[61] = -7.66979898960094553e-2
diag956 value[62] = -7.17251833904945096e-2
diag956 value[63] = -6.46441109391952956e-2
diag956 value[64] = -5.53196162922700296e-2
diag956 value[65] = -4.36512373119644220e-2
diag956 value[66] = -2.95761972611501521e-2
diag956 value[67] = -1.30737947871046069e-2
diag956 value[68] = 5.82446251754762615e-3
diag956 value[69] = 2.70312717378657259e-2
diag956 value[70] = 5.04036699335580624e-2
diag956 value[71] = 7.57336818831778474e-2
diag956 value[72] = 1.02746937253346798e-1
diag956 value[73] = 1.31106937292859937e-1
diag956 value[74] = 1.60410598343370986e-1
diag956 value[75] = 1.90190175508293813e-1
diag956 value[76] = 2.19920855164376067e-1
diag956 value[77] = 2.49025173264214916e-1
diag956 value[78] = 2.76877051373001670e-1
diag956 value[79] = 3.02815691265522047e-1
diag956 value[80] = 3.26155482663014418e-1
diag956 value[81] = 3.46195525684450722e-1
diag956 value[82] = 3.62237916320368947e-1
diag956 value[83] = 3.73600745906650378e-1
diag956 value[84] = 3.79634181050027386e-1
diag956 value[85] = 3.79738462906267282e-1
diag956 value[86] = 3.73380565468295955e-1
diag956 value[87] = 3.60110322605678046e-1
diag956 value[88] = 3.39578415327790040e-1
diag956 value[89] = 3.11551444769560204e-1
diag956 value[90] = 2.75923661637832662e-1
diag956 value[91] = 2.32733141393803550e-1
diag956 value[92] = 1.82168766467125515e-1
diag956 value[93] = 1.24576508937393443e-1
diag956 value[94] = 6.04664424528181255e-2
diag956 value[95] = -9.48856037877295749e-3
diag956 value[96] = -8.44567158370782695e-2
diag956 value[97] = -1.63452914931780380e-1
diag956 value[98] = -2.45348162286015581e-1
diag956 value[99] = -3.28887673672552172e-1
diag956 value[100] = -4.12706839628218136e-1
diag956 value[101] = -4.95351658411373963e-1
diag956 value[102] = -5.75307332722989062e-1
diag956 value[103] = -6.51023798212929328e-1
diag956 value[104] = -7.20945074078219394e-1
diag956 value[105] = -7.83542434192544435e-1
diag956 value[106] = -8.37347779051752950e-1
diag956 value[107] = -8.80983707821319850e-1
diag956 value[108] = -9.13198208417193458e-1
diag956 value[109] = -9.32897138370038070e-1
diag956 value[110] = -9.39169529362367528e-1
diag956 value[111] = -9.31317170922134174e-1
diag956 value[112] = -9.08877325599332764e-1
diag956 value[113] = -8.71639412833073779e-1
diag956 value[114] = -8.19659871991567091e-1
diag956 value[115] = -7.53271968372445588e-1
diag956 value[116] = -6.73086414083078122e-1
diag956 value[117] = -5.79988773232287813e-1
diag956 value[118] = -4.75132288391972357e-1
diag956 value[119] = -3.59919627147178067e-1
diag956 value[120] = -2.35983954331062784e-1
diag956 value[121] = -1.05161947602487135e-1
diag956 value[122] = 3.05384205403714803e-2
diag956 value[123] = 1.68973000907881893e-1
diag956 value[124] = 3.07901919563997040e-1
diag956 value[125] = 4.45031801705340180e-1
diag956 value[126] = 5.78060193690340673e-1
diag956 value[127] = 7.04721120741948037e-1
diag956 value[128] = 8.22831410699925603e-1
diag956 value[129] = 9.30332710564861998e-1
diag956 value[130] = 1.02533608533585374e0
diag956 value[131] = 1.10616060861560217e0
diag956 value[132] = 1.17136597366772222e0
diag956 value[133] = 1.21978617515436127e0
diag956 value[134] = 1.25055218977135363e0
diag956 value[135] = 1.26310923021168353e0
diag956 value[136] = 1.25723076927420552e0
diag956 value[137] = 1.23302278475396654e0
diag956 value[138] = 1.19091930791977729e0
diag956 value[139] = 1.13167621815117125e0
diag956 value[140] = 1.05635474306511146e0
diag956 value[141] = 9.66296251658566807e-1
diag956 value[142] = 8.63098235487846588e-1
diag956 value[143] = 7.48579120996475167e-1
diag956 value[144] = 6.24738920069051185e-1
diag956 value[145] = 4.93721373925270934e-1
diag956 value[146] = 3.57768785582025461e-1
diag956 value[147] = 2.19175241526177650e-1
diag956 value[148] = 8.02439526699719463e-2
diag956 value[149] = -5.67587362356138520e-2
diag956 value[150] = -1.89649110868373605e-1
diag956 value[151] = -3.16363264487655949e-1
diag956 value[152] = -4.34996335237893883e-1
diag956 value[153] = -5.43837578392220244e-1
diag956 value[154] = -6.41395384102437460e-1
diag956 value[155] = -7.26422329033226788e-1
diag956 value[156] = -7.97933713713743997e-1
diag956 value[157] = -8.55216416753367348e-1
diag956 value[158] = -8.97835263276114293e-1
diag956 value[159] = -9.25634116152756592e-1
diag956 value[160] = -9.38726711195834396e-1
diag956 value[161] = -9.37485589181373258e-1
diag956 value[162] = -9.22527180553007198e-1
diag956 value[163] = -8.94687397055013545e-1
diag956 value[164] = -8.54997790655668499e-1
diag956 value[165] = -8.04658487745039896e-1
diag956 value[166] = -7.45005386548346138e-1
diag956 value[167] = -6.77478890916661802e-1
diag956 value[168] = -6.03591909789058745e-1
diag956 value[169] = -5.24895553999709996e-1
diag956 value[170] = -4.42947032833768073e-1
diag956 value[171] = -3.59280277137108917e-1
diag956 value[172] = -2.75375821139683230e-1
diag956 value[173] = -1.92634751848225011e-1
diag956 value[174] = -1.12356997449037252e-1
diag956 value[175] = -3.57202419795944678e-2
diag956 value[176] = 3.62357142973628241e-2
diag956 value[177] = 1.02620269201735587e-1
diag956 value[178] = 1.62701393428800939e-1
diag956 value[179] = 2.15909613387773786e-1
diag956 value[180] = 2.61838507121150921e-1
diag956 value[181] = 3.00242360639704553e-1
diag956 value[182] = 3.31030091754444811e-1
diag956 value[183] = 3.54256294040333874e-1
diag956 value[184] = 3.70109858940297576e-1
diag956 value[185] = 3.78901080282994518e-1
diag956 value[186] = 3.81045911479430899e-1
diag956 value[187] = 3.77050356231310835e-1
diag956 value[188] = 3.67493552861152095e-1
diag956 value[189] = 3.53010071629011934e-1
diag956 value[190] = 3.34273748092878353e-1
diag956 value[191] = 3.11980247232094499e-1
diag956 value[192] = 2.86832018614256667e-1
diag956 value[193] = 2.59523456032702771e-1
diag956 value[194] = 2.30727549894049894e-1
diag956 value[195] = 2.01084760633873205e-1
diag956 value[196] = 1.71192327475617329e-1
diag956 value[197] = 1.41596884393896921e-1
diag956 value[198] = 1.12787484505246019e-1
diag956 value[199] = 8.51913758470014548e-2
diag956 value[200] = 5.91712053756357700e-2
diag956 value[201] = 3.50235403056594480e-2
diag956 value[202] = 1.29798258090695201e-2
diag956 value[203] = -6.79262059713568907e-3
diag956 value[204] = -2.41868633803752030e-2
diag956 value[205] = -3.91529219478645024e-2
diag956 value[206] = -5.16928498758957300e-2
diag956 value[207] = -6.18548108794682930e-2
diag956 value[208] = -6.97280275076000294e-2
diag956 value[209] = -7.54356674538081418e-2
diag956 value[210] = -7.91291796293169675e-2
diag956 value[211] = -8.09819293385228289e-2
diag956 value[212] = -8.11829062489236031e-2
diag956 value[213] = -7.99314099427848312e-2
diag956 value[214] = -7.74313792335393908e-2
diag956 value[215] = -7.38869166462857024e-2
diag956 value[216] = -6.94975793496099697e-2
diag956 value[217] = -6.44552584395275685e-2
diag956 value[218] = -5.89407200689841190e-2
diag956 value[219] = -5.31209692011587672e-2
diag956 value[220] = -4.71482331762123758e-2
diag956 value[221] = -4.11575431081569465e-2
diag956 value[222] = -3.52666762940932535e-2
diag956 value[223] = -2.95760144624875564e-2
diag956 value[224] = -2.41679155549191643e-2
diag956 value[225] = -1.91080307440299468e-2
diag956 value[226] = -1.44458341911962822e-2
diag956 value[227] = -1.02156814289894159e-2
diag956 value[228] = -6.43802946841071696e-3
diag956 value[229] = -3.12130788622100915e-3
diag956 value[230] = -2.63062561349039134e-4
diag956 value[231] = 2.14883190679645121e-3
diag956 value[232] = 4.13328064861218439e-3
diag956 value[233] = 5.71611258169045337e-3
diag956 value[234] = 6.92767496568541183e-3
diag956 value[235] = 7.80115105470632550e-3
diag956 value[236] = 8.37254305687899943e-3
diag956 value[237] = 8.67834592832791331e-3
diag956 value[238] = 8.75527399148279609e-3
diag956 value[239] = 8.63899665975020013e-3
diag956 value[240] = 8.36419340162072172e-3
diag956 value[241] = 7.96294486292348745e-3
diag956 value[242] = 7.46494072296598112e-3
diag956 value[243] = 6.89786679041719947e-3
diag956 value[244] = 6.28519210788335957e-3
diag956 value[245] = 5.64849499680230866e-3
diag956 value[246] = 5.00590501425328405e-3
diag956 value[247] = 4.37237981273631837e-3
diag956 value[248] = 3.76050442700160813e-3
diag956 value[249] = 3.17993927817389289e-3
diag956 value[250] = 2.63819055191067331e-3
diag956 value[251] = 2.13998832324274833e-3
diag956 value[252] = 1.68917000299898977e-3
diag956 value[253] = 1.28687201758981512e-3
diag956 value[254] = 9.33147502964068454e-4
diag956 value[255] = 6.27569700090372198e-4
diag956 value[256] = 3.67432904643961793e-4
diag956 value[257] = 1.50511987379047890e-4
diag956 value[258] = -2.64680197722582339e-5
diag956 value[259] = -1.67205756928934647e-4
diag956 value[260] = -2.75418429732692991e-4
diag956 value[261] = -3.54877997110867260e-4
diag956 value[262] = -4.09327707801751528e-4
diag956 value[263] = -4.42848348889945118e-4
diag956 value[264] = -4.58228979281253667e-4
diag956 value[265] = -4.59288423168622184e-4
diag956 value[266] = -4.48891772826144045e-4
diag956 value[267] = -4.29225847186047969e-4
diag956 value[268] = -4.03332898881455495e-4
diag956 value[269] = -3.72750013822056490e-4
diag956 value[270] = -3.39322957609460507e-4
diag956 value[271] = -3.04607904518796647e-4
diag956 value[272] = -2.69760542528169815e-4
diag956 value[273] = -2.35569258809974246e-4
diag956 value[274] = -2.02893044798501846e-4
diag956 value[275] = -1.72425434656686515e-4
diag956 value[276] = -1.43999038248289316e-4
diag956 value[277] = -1.18473177264425905e-4
diag956 value[278] = -9.56021894132938574e-5
diag956 value[279] = -7.52579895451222495e-5
diag956 value[280] = -5.78368072029880720e-5
diag956 value[281] = -4.27872441176817733e-5
diag956 value[282] = -3.00802162016640512e-5
diag956 value[283] = -1.96229818899063903e-5
diag956 value[284] = -1.11295343374343266e-5
diag956 value[285] = -4.23379081197797983e-6
diag956 value[286] = 9.82598073194477728e-7
diag956 value[287] = 4.90064060825376690e-6
diag956 value[288] = 7.88220228303264510e-6
diag956 value[289] = 9.68521859308138805e-6
diag956 value[290] = 1.08718776797054870e-5
diag956 value[291] = 1.14932772846716572e-5
diag956 value[292] = 1.14819211413321077e-5
diag956 value[293] = 1.12120281354711211e-5
diag956 value[294] = 1.07123535638572367e-5
diag956 value[295] = 9.91492273784680121e-6
diag956 value[296] = 9.06065511751117427e-6
diag956 value[297] = 8.22809963673632404e-6
diag956 value[298] = 7.20786738907929269e-6
diag956 value[299] = 6.32708947289675196e-6
diag956 value[300] = 5.50373984528116151e-6
diag956 value[301] = 4.61075059339287145e-6
diag956 value[302] = 3.90509372814312507e-6
diag956 value[303] = 3.24633390216745259e-6
diag956 value[304] = 2.61646041340934109e-6
diag956 value[305] = 2.09283357584528301e-6
diag956 value[306] = 1.69156041898647958e-6
diag956 value[307] = 1.25456033323406148e-6
diag956 value[308] = 9.41631926369558457e-7
diag956 value[309] = 7.33450818088664705e-7
diag956 value[310] = 4.33723760841899110e-7
diag956 value[311] = 3.26389758555935327e-7
diag956 value[312] = 1.78127095211222930e-7
diag956 value[313] = 5.20458232956720851e-8
diag956 value[314] = 5.73665452272409178e-9
diag956 value[315] = -6.47832432895685361e-8
diag956 value[316] = -8.80114590875871810e-8
diag956 value[317] = -1.43081639000848037e-7
diag956 value[318] = -9.87112101562659159e-8
diag956 value[319] = -1.61573066288703942e-7
diag956 value[320] = -1.32119230049810150e-7
diag956 value[321] = -1.00235391135455391e-7
diag956 value[322] = -1.58970297484833260e-7
diag956 value[323] = -7.09693013473743511e-8
diag956 value[324] = -1.15791641140706933e-7
diag956 value[325] = -8.01124842255614907e-8
diag956 value[326] = -6.62354522062195238e-8
diag956 value[327] = -7.06916798008978640e-8
diag956 value[328] = -4.23362925851889473e-8
diag956 value[329] = -5.88806113119043729e-8
diag956 value[330] = -9.38962462126660790e-9
diag956 value[331] = -6.07422614197567154e-8
diag956 value[332] = 2.85273915753781729e-9
diag956 value[333] = -2.10850417292605231e-8
diag956 value[334] = -3.93675659340965613e-8
diag956 value[335] = 3.31145820207932111e-8
diag956 value[336] = -4.57521572676414063e-8
diag956 value[337] = 1.10126720196940359e-8
diag956 value[338] = 1.47380524149611722e-9
diag956 value[339] = -1.52596637139706630e-8
diag956 value[340] = 4.96195555354300226e-9
diag956 value[341] = 1.64742624940102633e-9
diag956 value[342] = 2.65858019531036465e-9
diag956 value[343] = -2.14765104396773332e-8
diag956 value[344] = 3.86154099683647260e-8
diag956 value[345] = -3.28595537246677131e-8
diag956 value[346] = 6.45868416654821339e-9
diag956 value[347] = 2.90917792387267889e-8
diag956 value[348] = -4.29170572173756747e-8
diag956 value[349] = 2.96350806397879164e-8
diag956 value[350] = 5.60326723208416292e-10
diag956 value[351] = -1.51180051696925343e-8
diag956 value[352] = 6.82470181751664297e-9
diag956 value[353] = 1.53591607965340706e-8
diag956 value[354] = -2.40112365661555628e-8
diag956 value[355] = 8.60620545264974364e-9
diag956 value[356] = 2.27963363553722187e-8
diag956 value[357] = -4.12640639899934823e-8
diag956 value[358] = 3.14875646670874850e-8
diag956 value[359] = -1.57643650999130070e-9
diag956 value[360] = -2.17348642064597467e-8
diag956 value[361] = 2.05712534030510994e-8
diag956 value[362] = 1.92249751843466744e-9
diag956 value[363] = -2.10987019819625229e-8
diag956 value[364] = 1.50287534521763586e-8
diag956 value[365] = 1.32341380369719448e-8
diag956 value[366] = -3.73640861052363897e-8
diag956 value[367] = 3.54068557459847265e-8
diag956 value[368] = -9.19200905660295527e-9
diag956 value[369] = -1.88097842556745310e-8
diag956 value[370] = 2.58910973040036233e-8
diag956 value[371] = -1.02118304058057024e-8
diag956 value[372] = -7.09745730055596627e-9
diag956 value[373] = 4.89862972611558167e-9
diag956 value[374] = 1.53893024498755566e-8
diag956 value[375] = -3.26760519600653191e-8
diag956 value[376] = 2.70002089179316104e-8
diag956 value[377] = 2.24901226462959134e-9
diag956 value[378] = -3.36426608264934998e-8
diag956 value[379] = 4.16228807661230463e-8
diag956 value[380] = -2.20191215005296479e-8
diag956 value[381] = -3.94431194812621071e-9
diag956 value[382] = 1.26008296965196145e-8
diag956 value[383] = -7.00687646402413323e-10
diag956 value[384] = -1.35253493554547086e-8
diag956 value[385] = 8.69940121059708479e-9
diag956 value[386] = 1.70441571257715357e-8
diag956 value[387] = -4.10449435711475662e-8
diag956 value[388] = 3.85663921912368870e-8
diag956 value[389] = -9.12273158186450067e-9
diag956 value[390] = -2.34050202308397814e-8
diag956 value[391] = 3.35835982288993869e-8
diag956 value[392] = -1.62945419319591909e-8
diag956 value[393] = -8.64868124006897911e-9
diag956 value[394] = 1.43343230333206945e-8
diag956 value[395] = 5.69431498021448153e-9
diag956 value[396] = -2.99228496573911750e-8
diag956 value[397] = 3.15805316951139381e-8
diag956 value[398] = -5.49454448722099437e-9
diag956 value[399] = -2.73318004765394245e-8
diag956 value[400] = 3.84977878022939838e-8
diag956 loadavg_1min_process_end=12.16
ok

test result: ok. 1 passed; 0 failed; 0 ignored; 0 measured; 0 filtered out; finished in 1.18s

