
running 1 test
test diag956_threading ... diag956 site=transient n=10
diag956 loadavg_1min_process_start=9.93
diag956 rayon_num_threads=1
diag956 interior_edges=6990
diag956 factor_user_s=0.116
diag956 factor_sys_s=0.004
diag956 factor_wall_s=0.120
diag956 run_user_s=0.725
diag956 run_sys_s=0.008
diag956 run_wall_s=0.732
diag956 value[0] = 0.00000000000000000e0
diag956 value[1] = -4.07705787097425730e-5
diag956 value[2] = -8.87430387543054023e-5
diag956 value[3] = -1.24132918271891492e-4
diag956 value[4] = -1.66472199636535142e-4
diag956 value[5] = -1.97939937265443673e-4
diag956 value[6] = -2.22895001162493793e-4
diag956 value[7] = -2.38809913991481143e-4
diag956 value[8] = -2.41278205078431792e-4
diag956 value[9] = -2.24045190507193517e-4
diag956 value[10] = -1.91099334940937095e-4
diag956 value[11] = -1.27056926772358114e-4
diag956 value[12] = -3.36237642598997369e-5
diag956 value[13] = 9.90946788158891974e-5
diag956 value[14] = 2.83949188178146759e-4
diag956 value[15] = 5.20330686450822563e-4
diag956 value[16] = 8.17124247873349686e-4
diag956 value[17] = 1.16364220152201793e-3
diag956 value[18] = 1.55280530920922548e-3
diag956 value[19] = 1.98120240615273953e-3
diag956 value[20] = 2.45321750642948011e-3
diag956 value[21] = 2.97744173392339466e-3
diag956 value[22] = 3.54754958660235663e-3
diag956 value[23] = 4.15034321610067893e-3
diag956 value[24] = 4.76993357780950387e-3
diag956 value[25] = 5.40349660951087996e-3
diag956 value[26] = 6.04307334696908404e-3
diag956 value[27] = 6.66534286518346251e-3
diag956 value[28] = 7.24517297275547277e-3
diag956 value[29] = 7.76262290618304554e-3
diag956 value[30] = 8.19876831193561834e-3
diag956 value[31] = 8.52020682187289678e-3
diag956 value[32] = 8.68999287144609812e-3
diag956 value[33] = 8.67938087628449505e-3
diag956 value[34] = 8.45741525534813958e-3
diag956 value[35] = 7.98246641603520338e-3
diag956 value[36] = 7.21568153289110607e-3
diag956 value[37] = 6.12677615891501093e-3
diag956 value[38] = 4.68144792546455486e-3
diag956 value[39] = 2.84322891821611095e-3
diag956 value[40] = 5.86572856649041790e-4
diag956 value[41] = -2.10562108530474353e-3
diag956 value[42] = -5.25166021717718944e-3
diag956 value[43] = -8.85912146267785541e-3
diag956 value[44] = -1.29201696919835594e-2
diag956 value[45] = -1.74188886850860161e-2
diag956 value[46] = -2.23284808830632696e-2
diag956 value[47] = -2.76040256911457352e-2
diag956 value[48] = -3.31837277739965505e-2
diag956 value[49] = -3.89942181130770379e-2
diag956 value[50] = -4.49417614581836614e-2
diag956 value[51] = -5.09125402934671456e-2
diag956 value[52] = -5.67793593260204413e-2
diag956 value[53] = -6.23981344302364516e-2
diag956 value[54] = -6.76054110808631675e-2
diag956 value[55] = -7.22246619469451012e-2
diag956 value[56] = -7.60710898337405156e-2
diag956 value[57] = -7.89470284850326554e-2
diag956 value[58] = -8.06484931736047433e-2
diag956 value[59] = -8.09736005464259112e-2
diag956 value[60] = -7.97215413133662010e-2
diag956 value[61] = -7.66979898960094830e-2
diag956 value[62] = -7.17251833904944958e-2
diag956 value[63] = -6.46441109391952817e-2
diag956 value[64] = -5.53196162922700158e-2
diag956 value[65] = -4.36512373119644567e-2
diag956 value[66] = -2.95761972611501556e-2
diag956 value[67] = -1.30737947871046225e-2
diag956 value[68] = 5.82446251754759493e-3
diag956 value[69] = 2.70312717378657051e-2
diag956 value[70] = 5.04036699335580693e-2
diag956 value[71] = 7.57336818831778058e-2
diag956 value[72] = 1.02746937253346785e-1
diag956 value[73] = 1.31106937292859965e-1
diag956 value[74] = 1.60410598343370958e-1
diag956 value[75] = 1.90190175508293813e-1
diag956 value[76] = 2.19920855164376011e-1
diag956 value[77] = 2.49025173264214805e-1
diag956 value[78] = 2.76877051373001559e-1
diag956 value[79] = 3.02815691265522047e-1
diag956 value[80] = 3.26155482663014473e-1
diag956 value[81] = 3.46195525684450778e-1
diag956 value[82] = 3.62237916320369058e-1
diag956 value[83] = 3.73600745906650267e-1
diag956 value[84] = 3.79634181050027497e-1
diag956 value[85] = 3.79738462906267282e-1
diag956 value[86] = 3.73380565468295733e-1
diag956 value[87] = 3.60110322605677879e-1
diag956 value[88] = 3.39578415327790095e-1
diag956 value[89] = 3.11551444769560149e-1
diag956 value[90] = 2.75923661637832718e-1
diag956 value[91] = 2.32733141393803467e-1
diag956 value[92] = 1.82168766467125404e-1
diag956 value[93] = 1.24576508937393249e-1
diag956 value[94] = 6.04664424528179936e-2
diag956 value[95] = -9.48856037877311015e-3
diag956 value[96] = -8.44567158370783944e-2
diag956 value[97] = -1.63452914931780408e-1
diag956 value[98] = -2.45348162286015664e-1
diag956 value[99] = -3.28887673672552283e-1
diag956 value[100] = -4.12706839628218136e-1
diag956 value[101] = -4.95351658411373963e-1
diag956 value[102] = -5.75307332722989395e-1
diag956 value[103] = -6.51023798212929661e-1
diag956 value[104] = -7.20945074078219172e-1
diag956 value[105] = -7.83542434192544324e-1
diag956 value[106] = -8.37347779051752616e-1
diag956 value[107] = -8.80983707821319517e-1
diag956 value[108] = -9.13198208417193458e-1
diag956 value[109] = -9.32897138370037515e-1
diag956 value[110] = -9.39169529362367306e-1
diag956 value[111] = -9.31317170922134174e-1
diag956 value[112] = -9.08877325599332653e-1
diag956 value[113] = -8.71639412833073668e-1
diag956 value[114] = -8.19659871991567313e-1
diag956 value[115] = -7.53271968372445588e-1
diag956 value[116] = -6.73086414083078122e-1
diag956 value[117] = -5.79988773232287702e-1
diag956 value[118] = -4.75132288391972357e-1
diag956 value[119] = -3.59919627147178400e-1
diag956 value[120] = -2.35983954331062729e-1
diag956 value[121] = -1.05161947602487135e-1
diag956 value[122] = 3.05384205403714179e-2
diag956 value[123] = 1.68973000907881810e-1
diag956 value[124] = 3.07901919563996762e-1
diag956 value[125] = 4.45031801705340124e-1
diag956 value[126] = 5.78060193690340451e-1
diag956 value[127] = 7.04721120741948259e-1
diag956 value[128] = 8.22831410699925159e-1
diag956 value[129] = 9.30332710564861776e-1
diag956 value[130] = 1.02533608533585374e0
diag956 value[131] = 1.10616060861560217e0
diag956 value[132] = 1.17136597366772199e0
diag956 value[133] = 1.21978617515436194e0
diag956 value[134] = 1.25055218977135452e0
diag956 value[135] = 1.26310923021168331e0
diag956 value[136] = 1.25723076927420530e0
diag956 value[137] = 1.23302278475396676e0
diag956 value[138] = 1.19091930791977729e0
diag956 value[139] = 1.13167621815117170e0
diag956 value[140] = 1.05635474306511146e0
diag956 value[141] = 9.66296251658567362e-1
diag956 value[142] = 8.63098235487846477e-1
diag956 value[143] = 7.48579120996475278e-1
diag956 value[144] = 6.24738920069051518e-1
diag956 value[145] = 4.93721373925271101e-1
diag956 value[146] = 3.57768785582025795e-1
diag956 value[147] = 2.19175241526177816e-1
diag956 value[148] = 8.02439526699717798e-2
diag956 value[149] = -5.67587362356139699e-2
diag956 value[150] = -1.89649110868373716e-1
diag956 value[151] = -3.16363264487655838e-1
diag956 value[152] = -4.34996335237893939e-1
diag956 value[153] = -5.43837578392220578e-1
diag956 value[154] = -6.41395384102437460e-1
diag956 value[155] = -7.26422329033226233e-1
diag956 value[156] = -7.97933713713743775e-1
diag956 value[157] = -8.55216416753367792e-1
diag956 value[158] = -8.97835263276113515e-1
diag956 value[159] = -9.25634116152756481e-1
diag956 value[160] = -9.38726711195834396e-1
diag956 value[161] = -9.37485589181372814e-1
diag956 value[162] = -9.22527180553006865e-1
diag956 value[163] = -8.94687397055013212e-1
diag956 value[164] = -8.54997790655668499e-1
diag956 value[165] = -8.04658487745039452e-1
diag956 value[166] = -7.45005386548345916e-1
diag956 value[167] = -6.77478890916662357e-1
diag956 value[168] = -6.03591909789058634e-1
diag956 value[169] = -5.24895553999710107e-1
diag956 value[170] = -4.42947032833768573e-1
diag956 value[171] = -3.59280277137108806e-1
diag956 value[172] = -2.75375821139683397e-1
diag956 value[173] = -1.92634751848225094e-1
diag956 value[174] = -1.12356997449037280e-1
diag956 value[175] = -3.57202419795946413e-2
diag956 value[176] = 3.62357142973628310e-2
diag956 value[177] = 1.02620269201735601e-1
diag956 value[178] = 1.62701393428800994e-1
diag956 value[179] = 2.15909613387773924e-1
diag956 value[180] = 2.61838507121150921e-1
diag956 value[181] = 3.00242360639704664e-1
diag956 value[182] = 3.31030091754444755e-1
diag956 value[183] = 3.54256294040333597e-1
diag956 value[184] = 3.70109858940297243e-1
diag956 value[185] = 3.78901080282994573e-1
diag956 value[186] = 3.81045911479431287e-1
diag956 value[187] = 3.77050356231311223e-1
diag956 value[188] = 3.67493552861151984e-1
diag956 value[189] = 3.53010071629011990e-1
diag956 value[190] = 3.34273748092878853e-1
diag956 value[191] = 3.11980247232094998e-1
diag956 value[192] = 2.86832018614256945e-1
diag956 value[193] = 2.59523456032702993e-1
diag956 value[194] = 2.30727549894050227e-1
diag956 value[195] = 2.01084760633873288e-1
diag956 value[196] = 1.71192327475617467e-1
diag956 value[197] = 1.41596884393896921e-1
diag956 value[198] = 1.12787484505246005e-1
diag956 value[199] = 8.51913758470015103e-2
diag956 value[200] = 5.91712053756358741e-2
diag956 value[201] = 3.50235403056595312e-2
diag956 value[202] = 1.29798258090696450e-2
diag956 value[203] = -6.79262059713556503e-3
diag956 value[204] = -2.41868633803751336e-2
diag956 value[205] = -3.91529219478644885e-2
diag956 value[206] = -5.16928498758957369e-2
diag956 value[207] = -6.18548108794682028e-2
diag956 value[208] = -6.97280275075999739e-2
diag956 value[209] = -7.54356674538081556e-2
diag956 value[210] = -7.91291796293169813e-2
diag956 value[211] = -8.09819293385227873e-2
diag956 value[212] = -8.11829062489235892e-2
diag956 value[213] = -7.99314099427848451e-2
diag956 value[214] = -7.74313792335394185e-2
diag956 value[215] = -7.38869166462857441e-2
diag956 value[216] = -6.94975793496099281e-2
diag956 value[217] = -6.44552584395275963e-2
diag956 value[218] = -5.89407200689841954e-2
diag956 value[219] = -5.31209692011587811e-2
diag956 value[220] = -4.71482331762123966e-2
diag956 value[221] = -4.11575431081569396e-2
diag956 value[222] = -3.52666762940932119e-2
diag956 value[223] = -2.95760144624875633e-2
diag956 value[224] = -2.41679155549192060e-2
diag956 value[225] = -1.91080307440299017e-2
diag956 value[226] = -1.44458341911963186e-2
diag956 value[227] = -1.02156814289894298e-2
diag956 value[228] = -6.43802946841070048e-3
diag956 value[229] = -3.12130788622101609e-3
diag956 value[230] = -2.63062561349106192e-4
diag956 value[231] = 2.14883190679648938e-3
diag956 value[232] = 4.13328064861217571e-3
diag956 value[233] = 5.71611258169040827e-3
diag956 value[234] = 6.92767496568548902e-3
diag956 value[235] = 7.80115105470629167e-3
diag956 value[236] = 8.37254305687899075e-3
diag956 value[237] = 8.67834592832793413e-3
diag956 value[238] = 8.75527399148281690e-3
diag956 value[239] = 8.63899665975018105e-3
diag956 value[240] = 8.36419340162071132e-3
diag956 value[241] = 7.96294486292351000e-3
diag956 value[242] = 7.46494072296593602e-3
diag956 value[243] = 6.89786679041723069e-3
diag956 value[244] = 6.28519210788334570e-3
diag956 value[245] = 5.64849499680228611e-3
diag956 value[246] = 5.00590501425331180e-3
diag956 value[247] = 4.37237981273630623e-3
diag956 value[248] = 3.76050442700161898e-3
diag956 value[249] = 3.17993927817386687e-3
diag956 value[250] = 2.63819055191070323e-3
diag956 value[251] = 2.13998832324273575e-3
diag956 value[252] = 1.68917000299897329e-3
diag956 value[253] = 1.28687201758984765e-3
diag956 value[254] = 9.33147502964032350e-4
diag956 value[255] = 6.27569700090384883e-4
diag956 value[256] = 3.67432904643957673e-4
diag956 value[257] = 1.50511987379043662e-4
diag956 value[258] = -2.64680197722497670e-5
diag956 value[259] = -1.67205756928944757e-4
diag956 value[260] = -2.75418429732684968e-4
diag956 value[261] = -3.54877997110882222e-4
diag956 value[262] = -4.09327707801737434e-4
diag956 value[263] = -4.42848348889950377e-4
diag956 value[264] = -4.58228979281267166e-4
diag956 value[265] = -4.59288423168597681e-4
diag956 value[266] = -4.48891772826165512e-4
diag956 value[267] = -4.29225847186041627e-4
diag956 value[268] = -4.03332898881443515e-4
diag956 value[269] = -3.72750013822080288e-4
diag956 value[270] = -3.39322957609436708e-4
diag956 value[271] = -3.04607904518815187e-4
diag956 value[272] = -2.69760542528158594e-4
diag956 value[273] = -2.35569258809974164e-4
diag956 value[274] = -2.02893044798518868e-4
diag956 value[275] = -1.72425434656656564e-4
diag956 value[276] = -1.43999038248321355e-4
diag956 value[277] = -1.18473177264401876e-4
diag956 value[278] = -9.56021894133057972e-5
diag956 value[279] = -7.52579895451218429e-5
diag956 value[280] = -5.78368072029775959e-5
diag956 value[281] = -4.27872441177055580e-5
diag956 value[282] = -3.00802162016282691e-5
diag956 value[283] = -1.96229818899434497e-5
diag956 value[284] = -1.11295343374112907e-5
diag956 value[285] = -4.23379081197833474e-6
diag956 value[286] = 9.82598073175135730e-7
diag956 value[287] = 4.90064060828168256e-6
diag956 value[288] = 7.88220228300693256e-6
diag956 value[289] = 9.68521859309955690e-6
diag956 value[290] = 1.08718776796934456e-5
diag956 value[291] = 1.14932772846781184e-5
diag956 value[292] = 1.14819211413344370e-5
diag956 value[293] = 1.12120281354569197e-5
diag956 value[294] = 1.07123535638816736e-5
diag956 value[295] = 9.91492273782039581e-6
diag956 value[296] = 9.06065511752909241e-6
diag956 value[297] = 8.22809963673408449e-6
diag956 value[298] = 7.20786738906646522e-6
diag956 value[299] = 6.32708947291866471e-6
diag956 value[300] = 5.50373984525659671e-6
diag956 value[301] = 4.61075059341340269e-6
diag956 value[302] = 3.90509372813248972e-6
diag956 value[303] = 3.24633390216570601e-6
diag956 value[304] = 2.61646041342091537e-6
diag956 value[305] = 2.09283357582893824e-6
diag956 value[306] = 1.69156041900382300e-6
diag956 value[307] = 1.25456033321690356e-6
diag956 value[308] = 9.41631926386684298e-7
diag956 value[309] = 7.33450818075289737e-7
diag956 value[310] = 4.33723760843489573e-7
diag956 value[311] = 3.26389758570972703e-7
diag956 value[312] = 1.78127095184033490e-7
diag956 value[313] = 5.20458233232658906e-8
diag956 value[314] = 5.73665450608562342e-9
diag956 value[315] = -6.47832432889493021e-8
diag956 value[316] = -8.80114590760663021e-8
diag956 value[317] = -1.43081639015449270e-7
diag956 value[318] = -9.87112101456450492e-8
diag956 value[319] = -1.61573066293304866e-7
diag956 value[320] = -1.32119230049358073e-7
diag956 value[321] = -1.00235391134280688e-7
diag956 value[322] = -1.58970297487018685e-7
diag956 value[323] = -7.09693013422275142e-8
diag956 value[324] = -1.15791641149354782e-7
diag956 value[325] = -8.01124842178797489e-8
diag956 value[326] = -6.62354522074618961e-8
diag956 value[327] = -7.06916798078733789e-8
diag956 value[328] = -4.23362925718768783e-8
diag956 value[329] = -5.88806113282575152e-8
diag956 value[330] = -9.38962460511962048e-9
diag956 value[331] = -6.07422614330048931e-8
diag956 value[332] = 2.85273916460151041e-9
diag956 value[333] = -2.10850417237287594e-8
diag956 value[334] = -3.93675659574578624e-8
diag956 value[335] = 3.31145820577502645e-8
diag956 value[336] = -4.57521573040910075e-8
diag956 value[337] = 1.10126720401370851e-8
diag956 value[338] = 1.47380524425217384e-9
diag956 value[339] = -1.52596637347453537e-8
diag956 value[340] = 4.96195557872136763e-9
diag956 value[341] = 1.64742623047755693e-9
diag956 value[342] = 2.65858020860171243e-9
diag956 value[343] = -2.14765104541311993e-8
diag956 value[344] = 3.86154099860292341e-8
diag956 value[345] = -3.28595537382801943e-8
diag956 value[346] = 6.45868416461571600e-9
diag956 value[347] = 2.90917792615297297e-8
diag956 value[348] = -4.29170572526335005e-8
diag956 value[349] = 2.96350806697059804e-8
diag956 value[350] = 5.60326711863844915e-10
diag956 value[351] = -1.51180051771749851e-8
diag956 value[352] = 6.82470183399547788e-9
diag956 value[353] = 1.53591607824060805e-8
diag956 value[354] = -2.40112365589930258e-8
diag956 value[355] = 8.60620544777300273e-9
diag956 value[356] = 2.27963363650549369e-8
diag956 value[357] = -4.12640640037424417e-8
diag956 value[358] = 3.14875646753129491e-8
diag956 value[359] = -1.57643650269839665e-9
diag956 value[360] = -2.17348642307502230e-8
diag956 value[361] = 2.05712534339859768e-8
diag956 value[362] = 1.92249749695233984e-9
diag956 value[363] = -2.10987019796513935e-8
diag956 value[364] = 1.50287534657494032e-8
diag956 value[365] = 1.32341380178974792e-8
diag956 value[366] = -3.73640860885391998e-8
diag956 value[367] = 3.54068557334333791e-8
diag956 value[368] = -9.19200904536786394e-9
diag956 value[369] = -1.88097842677013666e-8
diag956 value[370] = 2.58910973128929230e-8
diag956 value[371] = -1.02118304036756164e-8
diag956 value[372] = -7.09745731701267410e-9
diag956 value[373] = 4.89862975109529548e-9
diag956 value[374] = 1.53893024272821704e-8
diag956 value[375] = -3.26760519487940766e-8
diag956 value[376] = 2.70002089192658329e-8
diag956 value[377] = 2.24901225751265633e-9
diag956 value[378] = -3.36426608209643731e-8
diag956 value[379] = 4.16228807624785017e-8
diag956 value[380] = -2.20191214938933466e-8
diag956 value[381] = -3.94431195999798793e-9
diag956 value[382] = 1.26008297097235082e-8
diag956 value[383] = -7.00687653205623654e-10
diag956 value[384] = -1.35253493606885367e-8
diag956 value[385] = 8.69940122534333780e-9
diag956 value[386] = 1.70441571113762107e-8
diag956 value[387] = -4.10449435659028242e-8
diag956 value[388] = 3.85663921964129068e-8
diag956 value[389] = -9.12273159238685017e-9
diag956 value[390] = -2.34050202216273981e-8
diag956 value[391] = 3.35835982246437676e-8
diag956 value[392] = -1.62945419312940087e-8
diag956 value[393] = -8.64868123989810014e-9
diag956 value[394] = 1.43343230316322749e-8
diag956 value[395] = 5.69431498601674821e-9
diag956 value[396] = -2.99228496667605439e-8
diag956 value[397] = 3.15805317037611320e-8
diag956 value[398] = -5.49454449092247210e-9
diag956 value[399] = -2.73318004787959236e-8
diag956 value[400] = 3.84977878071576007e-8
diag956 loadavg_1min_process_end=9.85
ok

test result: ok. 1 passed; 0 failed; 0 ignored; 0 measured; 0 filtered out; finished in 0.91s

