
running 1 test
test diag956_threading ... diag956 site=transient n=10
diag956 loadavg_1min_process_start=16.43
diag956 rayon_num_threads=unset
diag956 interior_edges=6990
diag956 factor_user_s=0.277
diag956 factor_sys_s=2.083
diag956 factor_wall_s=0.131
diag956 run_user_s=3.340
diag956 run_sys_s=32.515
diag956 run_wall_s=1.924
diag956 value[0] = 0.00000000000000000e0
diag956 value[1] = -4.07705787097425594e-5
diag956 value[2] = -8.87430387543054023e-5
diag956 value[3] = -1.24132918271891465e-4
diag956 value[4] = -1.66472199636535196e-4
diag956 value[5] = -1.97939937265443781e-4
diag956 value[6] = -2.22895001162493848e-4
diag956 value[7] = -2.38809913991481251e-4
diag956 value[8] = -2.41278205078431846e-4
diag956 value[9] = -2.24045190507193544e-4
diag956 value[10] = -1.91099334940937230e-4
diag956 value[11] = -1.27056926772358141e-4
diag956 value[12] = -3.36237642598997369e-5
diag956 value[13] = 9.90946788158892516e-5
diag956 value[14] = 2.83949188178146705e-4
diag956 value[15] = 5.20330686450822671e-4
diag956 value[16] = 8.17124247873349360e-4
diag956 value[17] = 1.16364220152201771e-3
diag956 value[18] = 1.55280530920922527e-3
diag956 value[19] = 1.98120240615273953e-3
diag956 value[20] = 2.45321750642948054e-3
diag956 value[21] = 2.97744173392339466e-3
diag956 value[22] = 3.54754958660235750e-3
diag956 value[23] = 4.15034321610067893e-3
diag956 value[24] = 4.76993357780950301e-3
diag956 value[25] = 5.40349660951087822e-3
diag956 value[26] = 6.04307334696908404e-3
diag956 value[27] = 6.66534286518346338e-3
diag956 value[28] = 7.24517297275547364e-3
diag956 value[29] = 7.76262290618304641e-3
diag956 value[30] = 8.19876831193561834e-3
diag956 value[31] = 8.52020682187289852e-3
diag956 value[32] = 8.68999287144609812e-3
diag956 value[33] = 8.67938087628449852e-3
diag956 value[34] = 8.45741525534814305e-3
diag956 value[35] = 7.98246641603520858e-3
diag956 value[36] = 7.21568153289111041e-3
diag956 value[37] = 6.12677615891501440e-3
diag956 value[38] = 4.68144792546455572e-3
diag956 value[39] = 2.84322891821611355e-3
diag956 value[40] = 5.86572856649045151e-4
diag956 value[41] = -2.10562108530474050e-3
diag956 value[42] = -5.25166021717718857e-3
diag956 value[43] = -8.85912146267785541e-3
diag956 value[44] = -1.29201696919835508e-2
diag956 value[45] = -1.74188886850860127e-2
diag956 value[46] = -2.23284808830632696e-2
diag956 value[47] = -2.76040256911457282e-2
diag956 value[48] = -3.31837277739965575e-2
diag956 value[49] = -3.89942181130770310e-2
diag956 value[50] = -4.49417614581836475e-2
diag956 value[51] = -5.09125402934671317e-2
diag956 value[52] = -5.67793593260204274e-2
diag956 value[53] = -6.23981344302364654e-2
diag956 value[54] = -6.76054110808631675e-2
diag956 value[55] = -7.22246619469450873e-2
diag956 value[56] = -7.60710898337405433e-2
diag956 value[57] = -7.89470284850326831e-2
diag956 value[58] = -8.06484931736046878e-2
diag956 value[59] = -8.09736005464259112e-2
diag956 value[60] = -7.97215413133662010e-2
diag956 value[61] = -7.66979898960094275e-2
diag956 value[62] = -7.17251833904944958e-2
diag956 value[63] = -6.46441109391952679e-2
diag956 value[64] = -5.53196162922700088e-2
diag956 value[65] = -4.36512373119644081e-2
diag956 value[66] = -2.95761972611501521e-2
diag956 value[67] = -1.30737947871046173e-2
diag956 value[68] = 5.82446251754761227e-3
diag956 value[69] = 2.70312717378657329e-2
diag956 value[70] = 5.04036699335580762e-2
diag956 value[71] = 7.57336818831778197e-2
diag956 value[72] = 1.02746937253346771e-1
diag956 value[73] = 1.31106937292859965e-1
diag956 value[74] = 1.60410598343371069e-1
diag956 value[75] = 1.90190175508293868e-1
diag956 value[76] = 2.19920855164376011e-1
diag956 value[77] = 2.49025173264214861e-1
diag956 value[78] = 2.76877051373001726e-1
diag956 value[79] = 3.02815691265522102e-1
diag956 value[80] = 3.26155482663014473e-1
diag956 value[81] = 3.46195525684450611e-1
diag956 value[82] = 3.62237916320368891e-1
diag956 value[83] = 3.73600745906650322e-1
diag956 value[84] = 3.79634181050027553e-1
diag956 value[85] = 3.79738462906267449e-1
diag956 value[86] = 3.73380565468295900e-1
diag956 value[87] = 3.60110322605677990e-1
diag956 value[88] = 3.39578415327790206e-1
diag956 value[89] = 3.11551444769560093e-1
diag956 value[90] = 2.75923661637832607e-1
diag956 value[91] = 2.32733141393803494e-1
diag956 value[92] = 1.82168766467125459e-1
diag956 value[93] = 1.24576508937393443e-1
diag956 value[94] = 6.04664424528181185e-2
diag956 value[95] = -9.48856037877299045e-3
diag956 value[96] = -8.44567158370782833e-2
diag956 value[97] = -1.63452914931780324e-1
diag956 value[98] = -2.45348162286015636e-1
diag956 value[99] = -3.28887673672552283e-1
diag956 value[100] = -4.12706839628218247e-1
diag956 value[101] = -4.95351658411374074e-1
diag956 value[102] = -5.75307332722989284e-1
diag956 value[103] = -6.51023798212929439e-1
diag956 value[104] = -7.20945074078219172e-1
diag956 value[105] = -7.83542434192544324e-1
diag956 value[106] = -8.37347779051752727e-1
diag956 value[107] = -8.80983707821319739e-1
diag956 value[108] = -9.13198208417193236e-1
diag956 value[109] = -9.32897138370037848e-1
diag956 value[110] = -9.39169529362367306e-1
diag956 value[111] = -9.31317170922133619e-1
diag956 value[112] = -9.08877325599332542e-1
diag956 value[113] = -8.71639412833073113e-1
diag956 value[114] = -8.19659871991566646e-1
diag956 value[115] = -7.53271968372445255e-1
diag956 value[116] = -6.73086414083077567e-1
diag956 value[117] = -5.79988773232286925e-1
diag956 value[118] = -4.75132288391971858e-1
diag956 value[119] = -3.59919627147178123e-1
diag956 value[120] = -2.35983954331062562e-1
diag956 value[121] = -1.05161947602487302e-1
diag956 value[122] = 3.05384205403712618e-2
diag956 value[123] = 1.68973000907881699e-1
diag956 value[124] = 3.07901919563996540e-1
diag956 value[125] = 4.45031801705339625e-1
diag956 value[126] = 5.78060193690340340e-1
diag956 value[127] = 7.04721120741948037e-1
diag956 value[128] = 8.22831410699925270e-1
diag956 value[129] = 9.30332710564861554e-1
diag956 value[130] = 1.02533608533585352e0
diag956 value[131] = 1.10616060861560173e0
diag956 value[132] = 1.17136597366772177e0
diag956 value[133] = 1.21978617515436127e0
diag956 value[134] = 1.25055218977135318e0
diag956 value[135] = 1.26310923021168287e0
diag956 value[136] = 1.25723076927420507e0
diag956 value[137] = 1.23302278475396609e0
diag956 value[138] = 1.19091930791977663e0
diag956 value[139] = 1.13167621815117081e0
diag956 value[140] = 1.05635474306511035e0
diag956 value[141] = 9.66296251658567251e-1
diag956 value[142] = 8.63098235487846255e-1
diag956 value[143] = 7.48579120996474723e-1
diag956 value[144] = 6.24738920069050740e-1
diag956 value[145] = 4.93721373925270324e-1
diag956 value[146] = 3.57768785582025517e-1
diag956 value[147] = 2.19175241526177039e-1
diag956 value[148] = 8.02439526699713218e-2
diag956 value[149] = -5.67587362356142544e-2
diag956 value[150] = -1.89649110868373688e-1
diag956 value[151] = -3.16363264487655726e-1
diag956 value[152] = -4.34996335237893883e-1
diag956 value[153] = -5.43837578392220689e-1
diag956 value[154] = -6.41395384102438237e-1
diag956 value[155] = -7.26422329033226677e-1
diag956 value[156] = -7.97933713713744219e-1
diag956 value[157] = -8.55216416753367459e-1
diag956 value[158] = -8.97835263276114404e-1
diag956 value[159] = -9.25634116152755815e-1
diag956 value[160] = -9.38726711195834174e-1
diag956 value[161] = -9.37485589181372481e-1
diag956 value[162] = -9.22527180553006532e-1
diag956 value[163] = -8.94687397055013101e-1
diag956 value[164] = -8.54997790655668055e-1
diag956 value[165] = -8.04658487745039230e-1
diag956 value[166] = -7.45005386548345028e-1
diag956 value[167] = -6.77478890916661913e-1
diag956 value[168] = -6.03591909789057968e-1
diag956 value[169] = -5.24895553999709663e-1
diag956 value[170] = -4.42947032833768184e-1
diag956 value[171] = -3.59280277137108583e-1
diag956 value[172] = -2.75375821139683119e-1
diag956 value[173] = -1.92634751848224983e-1
diag956 value[174] = -1.12356997449037127e-1
diag956 value[175] = -3.57202419795945442e-2
diag956 value[176] = 3.62357142973629975e-2
diag956 value[177] = 1.02620269201735684e-1
diag956 value[178] = 1.62701393428801189e-1
diag956 value[179] = 2.15909613387773813e-1
diag956 value[180] = 2.61838507121150865e-1
diag956 value[181] = 3.00242360639705053e-1
diag956 value[182] = 3.31030091754444644e-1
diag956 value[183] = 3.54256294040333763e-1
diag956 value[184] = 3.70109858940297243e-1
diag956 value[185] = 3.78901080282994851e-1
diag956 value[186] = 3.81045911479431287e-1
diag956 value[187] = 3.77050356231311334e-1
diag956 value[188] = 3.67493552861152151e-1
diag956 value[189] = 3.53010071629012212e-1
diag956 value[190] = 3.34273748092878575e-1
diag956 value[191] = 3.11980247232094832e-1
diag956 value[192] = 2.86832018614257056e-1
diag956 value[193] = 2.59523456032702882e-1
diag956 value[194] = 2.30727549894050060e-1
diag956 value[195] = 2.01084760633873344e-1
diag956 value[196] = 1.71192327475617606e-1
diag956 value[197] = 1.41596884393896921e-1
diag956 value[198] = 1.12787484505245922e-1
diag956 value[199] = 8.51913758470015242e-2
diag956 value[200] = 5.91712053756358394e-2
diag956 value[201] = 3.50235403056595104e-2
diag956 value[202] = 1.29798258090696086e-2
diag956 value[203] = -6.79262059713569514e-3
diag956 value[204] = -2.41868633803751787e-2
diag956 value[205] = -3.91529219478645094e-2
diag956 value[206] = -5.16928498758957924e-2
diag956 value[207] = -6.18548108794683207e-2
diag956 value[208] = -6.97280275075999600e-2
diag956 value[209] = -7.54356674538081695e-2
diag956 value[210] = -7.91291796293168981e-2
diag956 value[211] = -8.09819293385228151e-2
diag956 value[212] = -8.11829062489235337e-2
diag956 value[213] = -7.99314099427848451e-2
diag956 value[214] = -7.74313792335394463e-2
diag956 value[215] = -7.38869166462857857e-2
diag956 value[216] = -6.94975793496099836e-2
diag956 value[217] = -6.44552584395275963e-2
diag956 value[218] = -5.89407200689842023e-2
diag956 value[219] = -5.31209692011588297e-2
diag956 value[220] = -4.71482331762123896e-2
diag956 value[221] = -4.11575431081569049e-2
diag956 value[222] = -3.52666762940932466e-2
diag956 value[223] = -2.95760144624875460e-2
diag956 value[224] = -2.41679155549192025e-2
diag956 value[225] = -1.91080307440299087e-2
diag956 value[226] = -1.44458341911962787e-2
diag956 value[227] = -1.02156814289894281e-2
diag956 value[228] = -6.43802946841071262e-3
diag956 value[229] = -3.12130788622098010e-3
diag956 value[230] = -2.63062561349100554e-4
diag956 value[231] = 2.14883190679645338e-3
diag956 value[232] = 4.13328064861220781e-3
diag956 value[233] = 5.71611258169039699e-3
diag956 value[234] = 6.92767496568544132e-3
diag956 value[235] = 7.80115105470635412e-3
diag956 value[236] = 8.37254305687894392e-3
diag956 value[237] = 8.67834592832791678e-3
diag956 value[238] = 8.75527399148282731e-3
diag956 value[239] = 8.63899665975016370e-3
diag956 value[240] = 8.36419340162070438e-3
diag956 value[241] = 7.96294486292351868e-3
diag956 value[242] = 7.46494072296593515e-3
diag956 value[243] = 6.89786679041720033e-3
diag956 value[244] = 6.28519210788337866e-3
diag956 value[245] = 5.64849499680227223e-3
diag956 value[246] = 5.00590501425329272e-3
diag956 value[247] = 4.37237981273632965e-3
diag956 value[248] = 3.76050442700158472e-3
diag956 value[249] = 3.17993927817388508e-3
diag956 value[250] = 2.63819055191070150e-3
diag956 value[251] = 2.13998832324272838e-3
diag956 value[252] = 1.68917000299897524e-3
diag956 value[253] = 1.28687201758985416e-3
diag956 value[254] = 9.33147502964027362e-4
diag956 value[255] = 6.27569700090380980e-4
diag956 value[256] = 3.67432904643973611e-4
diag956 value[257] = 1.50511987379026721e-4
diag956 value[258] = -2.64680197722472631e-5
diag956 value[259] = -1.67205756928936843e-4
diag956 value[260] = -2.75418429732689630e-4
diag956 value[261] = -3.54877997110884932e-4
diag956 value[262] = -4.09327707801729682e-4
diag956 value[263] = -4.42848348889955093e-4
diag956 value[264] = -4.58228979281271665e-4
diag956 value[265] = -4.59288423168584725e-4
diag956 value[266] = -4.48891772826176300e-4
diag956 value[267] = -4.29225847186043090e-4
diag956 value[268] = -4.03332898881432348e-4
diag956 value[269] = -3.72750013822088474e-4
diag956 value[270] = -3.39322957609442617e-4
diag956 value[271] = -3.04607904518796268e-4
diag956 value[272] = -2.69760542528177621e-4
diag956 value[273] = -2.35569258809972077e-4
diag956 value[274] = -2.02893044798498892e-4
diag956 value[275] = -1.72425434656683560e-4
diag956 value[276] = -1.43999038248305823e-4
diag956 value[277] = -1.18473177264399315e-4
diag956 value[278] = -9.56021894133186315e-5
diag956 value[279] = -7.52579895451137521e-5
diag956 value[280] = -5.78368072029731574e-5
diag956 value[281] = -4.27872441177145366e-5
diag956 value[282] = -3.00802162016298175e-5
diag956 value[283] = -1.96229818899261397e-5
diag956 value[284] = -1.11295343374347670e-5
diag956 value[285] = -4.23379081196375053e-6
diag956 value[286] = 9.82598073179466610e-7
diag956 value[287] = 4.90064060826257265e-6
diag956 value[288] = 7.88220228302688358e-6
diag956 value[289] = 9.68521859309010740e-6
diag956 value[290] = 1.08718776796944011e-5
diag956 value[291] = 1.14932772846771900e-5
diag956 value[292] = 1.14819211413392550e-5
diag956 value[293] = 1.12120281354512412e-5
diag956 value[294] = 1.07123535638802353e-5
diag956 value[295] = 9.91492273783414315e-6
diag956 value[296] = 9.06065511750729994e-6
diag956 value[297] = 8.22809963675241767e-6
diag956 value[298] = 7.20786738906065881e-6
diag956 value[299] = 6.32708947291054251e-6
diag956 value[300] = 5.50373984527414638e-6
diag956 value[301] = 4.61075059339587588e-6
diag956 value[302] = 3.90509372814176135e-6
diag956 value[303] = 3.24633390216507582e-6
diag956 value[304] = 2.61646041341763143e-6
diag956 value[305] = 2.09283357583280410e-6
diag956 value[306] = 1.69156041899921472e-6
diag956 value[307] = 1.25456033322364827e-6
diag956 value[308] = 9.41631926376334509e-7
diag956 value[309] = 7.33450818086811926e-7
diag956 value[310] = 4.33723760839208986e-7
diag956 value[311] = 3.26389758561348026e-7
diag956 value[312] = 1.78127095205395820e-7
diag956 value[313] = 5.20458233000704227e-8
diag956 value[314] = 5.73665451945001910e-9
diag956 value[315] = -6.47832432850216765e-8
diag956 value[316] = -8.80114590948126500e-8
diag956 value[317] = -1.43081638992526441e-7
diag956 value[318] = -9.87112101637384009e-8
diag956 value[319] = -1.61573066283492175e-7
diag956 value[320] = -1.32119230050750410e-7
diag956 value[321] = -1.00235391139671722e-7
diag956 value[322] = -1.58970297476777077e-7
diag956 value[323] = -7.09693013572715737e-8
diag956 value[324] = -1.15791641129583617e-7
diag956 value[325] = -8.01124842371412782e-8
diag956 value[326] = -6.62354521970058567e-8
diag956 value[327] = -7.06916798037510283e-8
diag956 value[328] = -4.23362925913957004e-8
diag956 value[329] = -5.88806112993527475e-8
diag956 value[330] = -9.38962463170626250e-9
diag956 value[331] = -6.07422614188443551e-8
diag956 value[332] = 2.85273916524254974e-9
diag956 value[333] = -2.10850417368083279e-8
diag956 value[334] = -3.93675659353232106e-8
diag956 value[335] = 3.31145820318762931e-8
diag956 value[336] = -4.57521572804499937e-8
diag956 value[337] = 1.10126720245485141e-8
diag956 value[338] = 1.47380524523789023e-9
diag956 value[339] = -1.52596637173501987e-8
diag956 value[340] = 4.96195554806751493e-9
diag956 value[341] = 1.64742626222688131e-9
diag956 value[342] = 2.65858018634195706e-9
diag956 value[343] = -2.14765104464897876e-8
diag956 value[344] = 3.86154099928365865e-8
diag956 value[345] = -3.28595537548867120e-8
diag956 value[346] = 6.45868418598328263e-9
diag956 value[347] = 2.90917792377265720e-8
diag956 value[348] = -4.29170572293304595e-8
diag956 value[349] = 2.96350806534241278e-8
diag956 value[350] = 5.60326714852411038e-10
diag956 value[351] = -1.51180051642334367e-8
diag956 value[352] = 6.82470180728436503e-9
diag956 value[353] = 1.53591608137495487e-8
diag956 value[354] = -2.40112365824902326e-8
diag956 value[355] = 8.60620545679929022e-9
diag956 value[356] = 2.27963363683717095e-8
diag956 value[357] = -4.12640640142973193e-8
diag956 value[358] = 3.14875646895867976e-8
diag956 value[359] = -1.57643651991756793e-9
diag956 value[360] = -2.17348642095153783e-8
diag956 value[361] = 2.05712534115501122e-8
diag956 value[362] = 1.92249751030569142e-9
diag956 value[363] = -2.10987019737528049e-8
diag956 value[364] = 1.50287534413932321e-8
diag956 value[365] = 1.32341380487690938e-8
diag956 value[366] = -3.73640861118168695e-8
diag956 value[367] = 3.54068557414873786e-8
diag956 value[368] = -9.19200904160382488e-9
diag956 value[369] = -1.88097842736621525e-8
diag956 value[370] = 2.58910973170544819e-8
diag956 value[371] = -1.02118304109099229e-8
diag956 value[372] = -7.09745730164616633e-9
diag956 value[373] = 4.89862972960632273e-9
diag956 value[374] = 1.53893024460699468e-8
diag956 value[375] = -3.26760519537602043e-8
diag956 value[376] = 2.70002089057433224e-8
diag956 value[377] = 2.24901228094494352e-9
diag956 value[378] = -3.36426608393276967e-8
diag956 value[379] = 4.16228807681801253e-8
diag956 value[380] = -2.20191214910293098e-8
diag956 value[381] = -3.94431196238020936e-9
diag956 value[382] = 1.26008297065422957e-8
diag956 value[383] = -7.00687648958645434e-10
diag956 value[384] = -1.35253493555863544e-8
diag956 value[385] = 8.69940120740786844e-9
diag956 value[386] = 1.70441571322518109e-8
diag956 value[387] = -4.10449435752418124e-8
diag956 value[388] = 3.85663921868351942e-8
diag956 value[389] = -9.12273156796913693e-9
diag956 value[390] = -2.34050202471982772e-8
diag956 value[391] = 3.35835982364407793e-8
diag956 value[392] = -1.62945419248155996e-8
diag956 value[393] = -8.64868125673133976e-9
diag956 value[394] = 1.43343230477614978e-8
diag956 value[395] = 5.69431497642437223e-9
diag956 value[396] = -2.99228496621467753e-8
diag956 value[397] = 3.15805316981035011e-8
diag956 value[398] = -5.49454448180553058e-9
diag956 value[399] = -2.73318004842393709e-8
diag956 value[400] = 3.84977877990105532e-8
diag956 loadavg_1min_process_end=17.99
ok

test result: ok. 1 passed; 0 failed; 0 ignored; 0 measured; 0 filtered out; finished in 2.12s

