
running 1 test
test diag956_threading ... diag956 site=transient n=10
diag956 loadavg_1min_process_start=12.95
diag956 rayon_num_threads=unset
diag956 interior_edges=6990
diag956 factor_user_s=0.276
diag956 factor_sys_s=1.876
diag956 factor_wall_s=0.132
diag956 run_user_s=0.920
diag956 run_sys_s=1.802
diag956 run_wall_s=0.786
diag956 value[0] = 0.00000000000000000e0
diag956 value[1] = -4.07705787097425594e-5
diag956 value[2] = -8.87430387543053888e-5
diag956 value[3] = -1.24132918271891492e-4
diag956 value[4] = -1.66472199636535223e-4
diag956 value[5] = -1.97939937265443727e-4
diag956 value[6] = -2.22895001162493766e-4
diag956 value[7] = -2.38809913991481143e-4
diag956 value[8] = -2.41278205078431738e-4
diag956 value[9] = -2.24045190507193463e-4
diag956 value[10] = -1.91099334940936851e-4
diag956 value[11] = -1.27056926772358005e-4
diag956 value[12] = -3.36237642598996217e-5
diag956 value[13] = 9.90946788158894414e-5
diag956 value[14] = 2.83949188178146922e-4
diag956 value[15] = 5.20330686450822671e-4
diag956 value[16] = 8.17124247873349360e-4
diag956 value[17] = 1.16364220152201880e-3
diag956 value[18] = 1.55280530920922548e-3
diag956 value[19] = 1.98120240615273953e-3
diag956 value[20] = 2.45321750642947967e-3
diag956 value[21] = 2.97744173392339379e-3
diag956 value[22] = 3.54754958660235577e-3
diag956 value[23] = 4.15034321610067893e-3
diag956 value[24] = 4.76993357780950301e-3
diag956 value[25] = 5.40349660951087996e-3
diag956 value[26] = 6.04307334696908491e-3
diag956 value[27] = 6.66534286518346165e-3
diag956 value[28] = 7.24517297275547624e-3
diag956 value[29] = 7.76262290618304641e-3
diag956 value[30] = 8.19876831193562007e-3
diag956 value[31] = 8.52020682187289852e-3
diag956 value[32] = 8.68999287144610333e-3
diag956 value[33] = 8.67938087628449505e-3
diag956 value[34] = 8.45741525534814305e-3
diag956 value[35] = 7.98246641603521205e-3
diag956 value[36] = 7.21568153289111128e-3
diag956 value[37] = 6.12677615891501961e-3
diag956 value[38] = 4.68144792546455833e-3
diag956 value[39] = 2.84322891821611658e-3
diag956 value[40] = 5.86572856649046018e-4
diag956 value[41] = -2.10562108530473920e-3
diag956 value[42] = -5.25166021717718770e-3
diag956 value[43] = -8.85912146267785715e-3
diag956 value[44] = -1.29201696919835560e-2
diag956 value[45] = -1.74188886850860161e-2
diag956 value[46] = -2.23284808830632696e-2
diag956 value[47] = -2.76040256911457282e-2
diag956 value[48] = -3.31837277739965505e-2
diag956 value[49] = -3.89942181130770449e-2
diag956 value[50] = -4.49417614581836475e-2
diag956 value[51] = -5.09125402934671456e-2
diag956 value[52] = -5.67793593260204205e-2
diag956 value[53] = -6.23981344302364793e-2
diag956 value[54] = -6.76054110808631537e-2
diag956 value[55] = -7.22246619469450596e-2
diag956 value[56] = -7.60710898337405572e-2
diag956 value[57] = -7.89470284850326415e-2
diag956 value[58] = -8.06484931736047156e-2
diag956 value[59] = -8.09736005464259112e-2
diag956 value[60] = -7.97215413133661871e-2
diag956 value[61] = -7.66979898960094275e-2
diag956 value[62] = -7.17251833904944958e-2
diag956 value[63] = -6.46441109391952540e-2
diag956 value[64] = -5.53196162922700019e-2
diag956 value[65] = -4.36512373119644290e-2
diag956 value[66] = -2.95761972611501452e-2
diag956 value[67] = -1.30737947871046051e-2
diag956 value[68] = 5.82446251754764437e-3
diag956 value[69] = 2.70312717378657467e-2
diag956 value[70] = 5.04036699335580901e-2
diag956 value[71] = 7.57336818831778336e-2
diag956 value[72] = 1.02746937253346771e-1
diag956 value[73] = 1.31106937292860048e-1
diag956 value[74] = 1.60410598343371014e-1
diag956 value[75] = 1.90190175508293924e-1
diag956 value[76] = 2.19920855164376122e-1
diag956 value[77] = 2.49025173264214861e-1
diag956 value[78] = 2.76877051373001781e-1
diag956 value[79] = 3.02815691265522158e-1
diag956 value[80] = 3.26155482663014473e-1
diag956 value[81] = 3.46195525684450833e-1
diag956 value[82] = 3.62237916320368947e-1
diag956 value[83] = 3.73600745906650489e-1
diag956 value[84] = 3.79634181050027497e-1
diag956 value[85] = 3.79738462906267560e-1
diag956 value[86] = 3.73380565468296177e-1
diag956 value[87] = 3.60110322605678101e-1
diag956 value[88] = 3.39578415327790373e-1
diag956 value[89] = 3.11551444769560315e-1
diag956 value[90] = 2.75923661637832940e-1
diag956 value[91] = 2.32733141393803689e-1
diag956 value[92] = 1.82168766467125515e-1
diag956 value[93] = 1.24576508937393540e-1
diag956 value[94] = 6.04664424528180561e-2
diag956 value[95] = -9.48856037877308413e-3
diag956 value[96] = -8.44567158370783250e-2
diag956 value[97] = -1.63452914931780324e-1
diag956 value[98] = -2.45348162286015858e-1
diag956 value[99] = -3.28887673672552283e-1
diag956 value[100] = -4.12706839628218414e-1
diag956 value[101] = -4.95351658411373741e-1
diag956 value[102] = -5.75307332722989062e-1
diag956 value[103] = -6.51023798212929217e-1
diag956 value[104] = -7.20945074078219506e-1
diag956 value[105] = -7.83542434192544213e-1
diag956 value[106] = -8.37347779051752727e-1
diag956 value[107] = -8.80983707821319628e-1
diag956 value[108] = -9.13198208417193236e-1
diag956 value[109] = -9.32897138370037404e-1
diag956 value[110] = -9.39169529362366973e-1
diag956 value[111] = -9.31317170922134174e-1
diag956 value[112] = -9.08877325599332209e-1
diag956 value[113] = -8.71639412833072891e-1
diag956 value[114] = -8.19659871991566868e-1
diag956 value[115] = -7.53271968372445699e-1
diag956 value[116] = -6.73086414083078344e-1
diag956 value[117] = -5.79988773232287036e-1
diag956 value[118] = -4.75132288391972302e-1
diag956 value[119] = -3.59919627147178234e-1
diag956 value[120] = -2.35983954331062867e-1
diag956 value[121] = -1.05161947602487385e-1
diag956 value[122] = 3.05384205403712791e-2
diag956 value[123] = 1.68973000907882004e-1
diag956 value[124] = 3.07901919563996707e-1
diag956 value[125] = 4.45031801705340180e-1
diag956 value[126] = 5.78060193690340673e-1
diag956 value[127] = 7.04721120741948481e-1
diag956 value[128] = 8.22831410699925603e-1
diag956 value[129] = 9.30332710564862220e-1
diag956 value[130] = 1.02533608533585441e0
diag956 value[131] = 1.10616060861560150e0
diag956 value[132] = 1.17136597366772222e0
diag956 value[133] = 1.21978617515436194e0
diag956 value[134] = 1.25055218977135318e0
diag956 value[135] = 1.26310923021168309e0
diag956 value[136] = 1.25723076927420485e0
diag956 value[137] = 1.23302278475396565e0
diag956 value[138] = 1.19091930791977707e0
diag956 value[139] = 1.13167621815117236e0
diag956 value[140] = 1.05635474306511101e0
diag956 value[141] = 9.66296251658567362e-1
diag956 value[142] = 8.63098235487846810e-1
diag956 value[143] = 7.48579120996474834e-1
diag956 value[144] = 6.24738920069051185e-1
diag956 value[145] = 4.93721373925270657e-1
diag956 value[146] = 3.57768785582025461e-1
diag956 value[147] = 2.19175241526177400e-1
diag956 value[148] = 8.02439526699716688e-2
diag956 value[149] = -5.67587362356141781e-2
diag956 value[150] = -1.89649110868373827e-1
diag956 value[151] = -3.16363264487656004e-1
diag956 value[152] = -4.34996335237894161e-1
diag956 value[153] = -5.43837578392220578e-1
diag956 value[154] = -6.41395384102437571e-1
diag956 value[155] = -7.26422329033226455e-1
diag956 value[156] = -7.97933713713744330e-1
diag956 value[157] = -8.55216416753367459e-1
diag956 value[158] = -8.97835263276114737e-1
diag956 value[159] = -9.25634116152755926e-1
diag956 value[160] = -9.38726711195833730e-1
diag956 value[161] = -9.37485589181372703e-1
diag956 value[162] = -9.22527180553007087e-1
diag956 value[163] = -8.94687397055013101e-1
diag956 value[164] = -8.54997790655667833e-1
diag956 value[165] = -8.04658487745039674e-1
diag956 value[166] = -7.45005386548345472e-1
diag956 value[167] = -6.77478890916662246e-1
diag956 value[168] = -6.03591909789058190e-1
diag956 value[169] = -5.24895553999709885e-1
diag956 value[170] = -4.42947032833768350e-1
diag956 value[171] = -3.59280277137108695e-1
diag956 value[172] = -2.75375821139683508e-1
diag956 value[173] = -1.92634751848225177e-1
diag956 value[174] = -1.12356997449037224e-1
diag956 value[175] = -3.57202419795946829e-2
diag956 value[176] = 3.62357142973629351e-2
diag956 value[177] = 1.02620269201735753e-1
diag956 value[178] = 1.62701393428801050e-1
diag956 value[179] = 2.15909613387774119e-1
diag956 value[180] = 2.61838507121150976e-1
diag956 value[181] = 3.00242360639704886e-1
diag956 value[182] = 3.31030091754444977e-1
diag956 value[183] = 3.54256294040333819e-1
diag956 value[184] = 3.70109858940297132e-1
diag956 value[185] = 3.78901080282994518e-1
diag956 value[186] = 3.81045911479431343e-1
diag956 value[187] = 3.77050356231310835e-1
diag956 value[188] = 3.67493552861152262e-1
diag956 value[189] = 3.53010071629012490e-1
diag956 value[190] = 3.34273748092878853e-1
diag956 value[191] = 3.11980247232094887e-1
diag956 value[192] = 2.86832018614256889e-1
diag956 value[193] = 2.59523456032702493e-1
diag956 value[194] = 2.30727549894049894e-1
diag956 value[195] = 2.01084760633873122e-1
diag956 value[196] = 1.71192327475617412e-1
diag956 value[197] = 1.41596884393896866e-1
diag956 value[198] = 1.12787484505245922e-1
diag956 value[199] = 8.51913758470013438e-2
diag956 value[200] = 5.91712053756357562e-2
diag956 value[201] = 3.50235403056595243e-2
diag956 value[202] = 1.29798258090695201e-2
diag956 value[203] = -6.79262059713561100e-3
diag956 value[204] = -2.41868633803751475e-2
diag956 value[205] = -3.91529219478645163e-2
diag956 value[206] = -5.16928498758957300e-2
diag956 value[207] = -6.18548108794682514e-2
diag956 value[208] = -6.97280275076000572e-2
diag956 value[209] = -7.54356674538082667e-2
diag956 value[210] = -7.91291796293168981e-2
diag956 value[211] = -8.09819293385228844e-2
diag956 value[212] = -8.11829062489235892e-2
diag956 value[213] = -7.99314099427847896e-2
diag956 value[214] = -7.74313792335393908e-2
diag956 value[215] = -7.38869166462857996e-2
diag956 value[216] = -6.94975793496099142e-2
diag956 value[217] = -6.44552584395275546e-2
diag956 value[218] = -5.89407200689842301e-2
diag956 value[219] = -5.31209692011587672e-2
diag956 value[220] = -4.71482331762123480e-2
diag956 value[221] = -4.11575431081569812e-2
diag956 value[222] = -3.52666762940932327e-2
diag956 value[223] = -2.95760144624875494e-2
diag956 value[224] = -2.41679155549192441e-2
diag956 value[225] = -1.91080307440299434e-2
diag956 value[226] = -1.44458341911963273e-2
diag956 value[227] = -1.02156814289894524e-2
diag956 value[228] = -6.43802946841070915e-3
diag956 value[229] = -3.12130788622101652e-3
diag956 value[230] = -2.63062561349090471e-4
diag956 value[231] = 2.14883190679645729e-3
diag956 value[232] = 4.13328064861217658e-3
diag956 value[233] = 5.71611258169041087e-3
diag956 value[234] = 6.92767496568545086e-3
diag956 value[235] = 7.80115105470634024e-3
diag956 value[236] = 8.37254305687896300e-3
diag956 value[237] = 8.67834592832793413e-3
diag956 value[238] = 8.75527399148279782e-3
diag956 value[239] = 8.63899665975017411e-3
diag956 value[240] = 8.36419340162073387e-3
diag956 value[241] = 7.96294486292349092e-3
diag956 value[242] = 7.46494072296595337e-3
diag956 value[243] = 6.89786679041720033e-3
diag956 value[244] = 6.28519210788337692e-3
diag956 value[245] = 5.64849499680226963e-3
diag956 value[246] = 5.00590501425330573e-3
diag956 value[247] = 4.37237981273632791e-3
diag956 value[248] = 3.76050442700156043e-3
diag956 value[249] = 3.17993927817391414e-3
diag956 value[250] = 2.63819055191067157e-3
diag956 value[251] = 2.13998832324272361e-3
diag956 value[252] = 1.68917000299900039e-3
diag956 value[253] = 1.28687201758981426e-3
diag956 value[254] = 9.33147502964046878e-4
diag956 value[255] = 6.27569700090374692e-4
diag956 value[256] = 3.67432904643972473e-4
diag956 value[257] = 1.50511987379028727e-4
diag956 value[258] = -2.64680197722480323e-5
diag956 value[259] = -1.67205756928930039e-4
diag956 value[260] = -2.75418429732719608e-4
diag956 value[261] = -3.54877997110838040e-4
diag956 value[262] = -4.09327707801768930e-4
diag956 value[263] = -4.42848348889949889e-4
diag956 value[264] = -4.58228979281235127e-4
diag956 value[265] = -4.59288423168645711e-4
diag956 value[266] = -4.48891772826127348e-4
diag956 value[267] = -4.29225847186053987e-4
diag956 value[268] = -4.03332898881450508e-4
diag956 value[269] = -3.72750013822069608e-4
diag956 value[270] = -3.39322957609446629e-4
diag956 value[271] = -3.04607904518797569e-4
diag956 value[272] = -2.69760542528185428e-4
diag956 value[273] = -2.35569258809944539e-4
diag956 value[274] = -2.02893044798536730e-4
diag956 value[275] = -1.72425434656662608e-4
diag956 value[276] = -1.43999038248290699e-4
diag956 value[277] = -1.18473177264442168e-4
diag956 value[278] = -9.56021894132705064e-5
diag956 value[279] = -7.52579895451395154e-5
diag956 value[280] = -5.78368072029865473e-5
diag956 value[281] = -4.27872441176718732e-5
diag956 value[282] = -3.00802162016681915e-5
diag956 value[283] = -1.96229818899161278e-5
diag956 value[284] = -1.11295343374187022e-5
diag956 value[285] = -4.23379081198648743e-6
diag956 value[286] = 9.82598073187972726e-7
diag956 value[287] = 4.90064060827389494e-6
diag956 value[288] = 7.88220228301606358e-6
diag956 value[289] = 9.68521859307537242e-6
diag956 value[290] = 1.08718776797311606e-5
diag956 value[291] = 1.14932772846482554e-5
diag956 value[292] = 1.14819211413341440e-5
diag956 value[293] = 1.12120281354942010e-5
diag956 value[294] = 1.07123535638237416e-5
diag956 value[295] = 9.91492273786487181e-6
diag956 value[296] = 9.06065511752059328e-6
diag956 value[297] = 8.22809963671531763e-6
diag956 value[298] = 7.20786738908962479e-6
diag956 value[299] = 6.32708947290296580e-6
diag956 value[300] = 5.50373984526617411e-6
diag956 value[301] = 4.61075059340340346e-6
diag956 value[302] = 3.90509372814948205e-6
diag956 value[303] = 3.24633390214513115e-6
diag956 value[304] = 2.61646041343104885e-6
diag956 value[305] = 2.09283357583887097e-6
diag956 value[306] = 1.69156041897610470e-6
diag956 value[307] = 1.25456033325249758e-6
diag956 value[308] = 9.41631926358099689e-7
diag956 value[309] = 7.33450818082758027e-7
diag956 value[310] = 4.33723760856472788e-7
diag956 value[311] = 3.26389758551125185e-7
diag956 value[312] = 1.78127095201145117e-7
diag956 value[313] = 5.20458233106373308e-8
diag956 value[314] = 5.73665451429369941e-9
diag956 value[315] = -6.47832432937631491e-8
diag956 value[316] = -8.80114590733273813e-8
diag956 value[317] = -1.43081639012853167e-7
diag956 value[318] = -9.87112101561949107e-8
diag956 value[319] = -1.61573066281079560e-7
diag956 value[320] = -1.32119230056026922e-7
diag956 value[321] = -1.00235391133891464e-7
diag956 value[322] = -1.58970297482953509e-7
diag956 value[323] = -7.09693013477906016e-8
diag956 value[324] = -1.15791641147645602e-7
diag956 value[325] = -8.01124842147852861e-8
diag956 value[326] = -6.62354522093853359e-8
diag956 value[327] = -7.06916798086950670e-8
diag956 value[328] = -4.23362925740233855e-8
diag956 value[329] = -5.88806113200556224e-8
diag956 value[330] = -9.38962461672692985e-9
diag956 value[331] = -6.07422614242841462e-8
diag956 value[332] = 2.85273916724581327e-9
diag956 value[333] = -2.10850417421222751e-8
diag956 value[334] = -3.93675659302731803e-8
diag956 value[335] = 3.31145820351985880e-8
diag956 value[336] = -4.57521572962401900e-8
diag956 value[337] = 1.10126720503970479e-8
diag956 value[338] = 1.47380522208267753e-9
diag956 value[339] = -1.52596637155344215e-8
diag956 value[340] = 4.96195557220276337e-9
diag956 value[341] = 1.64742622971540492e-9
diag956 value[342] = 2.65858020662563915e-9
diag956 value[343] = -2.14765104481305698e-8
diag956 value[344] = 3.86154099821261129e-8
diag956 value[345] = -3.28595537434880308e-8
diag956 value[346] = 6.45868417984721548e-9
diag956 value[347] = 2.90917792460332752e-8
diag956 value[348] = -4.29170572489954742e-8
diag956 value[349] = 2.96350806788591243e-8
diag956 value[350] = 5.60326698498285083e-10
diag956 value[351] = -1.51180051670998557e-8
diag956 value[352] = 6.82470183183728178e-9
diag956 value[353] = 1.53591607753210172e-8
diag956 value[354] = -2.40112365487649176e-8
diag956 value[355] = 8.60620544270515828e-9
diag956 value[356] = 2.27963363639744901e-8
diag956 value[357] = -4.12640640024080935e-8
diag956 value[358] = 3.14875646795565379e-8
diag956 value[359] = -1.57643651415447053e-9
diag956 value[360] = -2.17348642181374921e-8
diag956 value[361] = 2.05712534318174534e-8
diag956 value[362] = 1.92249748376625494e-9
diag956 value[363] = -2.10987019577638338e-8
diag956 value[364] = 1.50287534447277229e-8
diag956 value[365] = 1.32341380305738632e-8
diag956 value[366] = -3.73640860876793488e-8
diag956 value[367] = 3.54068557216653981e-8
diag956 value[368] = -9.19200903383918139e-9
diag956 value[369] = -1.88097842716880231e-8
diag956 value[370] = 2.58910973131069808e-8
diag956 value[371] = -1.02118304077216165e-8
diag956 value[372] = -7.09745730565960778e-9
diag956 value[373] = 4.89862973634947013e-9
diag956 value[374] = 1.53893024351600102e-8
diag956 value[375] = -3.26760519428680819e-8
diag956 value[376] = 2.70002089044274865e-8
diag956 value[377] = 2.24901227161086502e-9
diag956 value[378] = -3.36426608299071418e-8
diag956 value[379] = 4.16228807650660153e-8
diag956 value[380] = -2.20191214897232313e-8
diag956 value[381] = -3.94431196757958545e-9
diag956 value[382] = 1.26008297162058365e-8
diag956 value[383] = -7.00687658260253682e-10
diag956 value[384] = -1.35253493556080017e-8
diag956 value[385] = 8.69940122048385850e-9
diag956 value[386] = 1.70441571144099056e-8
diag956 value[387] = -4.10449435628242631e-8
diag956 value[388] = 3.85663921825212223e-8
diag956 value[389] = -9.12273157031961034e-9
diag956 value[390] = -2.34050202427312868e-8
diag956 value[391] = 3.35835982384122551e-8
diag956 value[392] = -1.62945419345120787e-8
diag956 value[393] = -8.64868125228119409e-9
diag956 value[394] = 1.43343230609441892e-8
diag956 value[395] = 5.69431494888926010e-9
diag956 value[396] = -2.99228496352976109e-8
diag956 value[397] = 3.15805316874802455e-8
diag956 value[398] = -5.49454449239708864e-9
diag956 value[399] = -2.73318004643585745e-8
diag956 value[400] = 3.84977877866333703e-8
diag956 loadavg_1min_process_end=12.95
ok

test result: ok. 1 passed; 0 failed; 0 ignored; 0 measured; 0 filtered out; finished in 0.99s

