=== transmon_bench (Epic #547 scale-benchmark gate) ===
config: inner = direct (faer COLAMD sparse LU), σ = 4.5 GHz, n_modes = 30, GEODE_NUM_THREADS = 1
gauge: none (ungauged pencil)
mesh: embedded transmon smoke fixture (no CLI arg given)
fixture: 22684 nodes, 133314 tets (loaded in 0.055 s)
setup/assembly: 156863 edges → 133108 interior DOFs, pencil nnz = 2561711 (2.113 s)
eigenvalues / frequencies (sorted by λ):
  mode[0]: λ = -2.505760e-16, f = 0.000000 GHz, participation p = 0.0000
  mode[1]: λ = -2.160209e-16, f = 0.000000 GHz, participation p = 0.0000
  mode[2]: λ = -1.691795e-16, f = 0.000000 GHz, participation p = 0.0000
  mode[3]: λ = -1.540170e-16, f = 0.000000 GHz, participation p = 0.0000
  mode[4]: λ = -1.311404e-16, f = 0.000000 GHz, participation p = 0.0000
  mode[5]: λ = -1.095238e-16, f = 0.000000 GHz, participation p = 0.0000
  mode[6]: λ = -8.616501e-17, f = 0.000000 GHz, participation p = 0.0000
  mode[7]: λ = -7.671965e-17, f = 0.000000 GHz, participation p = 0.0000
  mode[8]: λ = -6.006604e-17, f = 0.000000 GHz, participation p = 0.0000
  mode[9]: λ = -4.166022e-17, f = 0.000000 GHz, participation p = 0.0000
  mode[10]: λ = -2.183182e-17, f = 0.000000 GHz, participation p = 0.0000
  mode[11]: λ = -5.144008e-18, f = 0.000000 GHz, participation p = 0.0000
  mode[12]: λ = 8.581668e-20, f = 0.000014 GHz, participation p = 0.0000
  mode[13]: λ = 1.168733e-17, f = 0.000163 GHz, participation p = 0.0000
  mode[14]: λ = 2.618580e-17, f = 0.000244 GHz, participation p = 0.0000
  mode[15]: λ = 4.686643e-17, f = 0.000327 GHz, participation p = 0.0000
  mode[16]: λ = 5.986765e-17, f = 0.000369 GHz, participation p = 0.0000
  mode[17]: λ = 7.184806e-17, f = 0.000404 GHz, participation p = 0.0000
  mode[18]: λ = 9.411982e-17, f = 0.000463 GHz, participation p = 0.0000
  mode[19]: λ = 9.761094e-17, f = 0.000471 GHz, participation p = 0.0000
  mode[20]: λ = 1.191843e-16, f = 0.000521 GHz, participation p = 0.0000
  mode[21]: λ = 1.671263e-16, f = 0.000617 GHz, participation p = 0.0000
  mode[22]: λ = 2.483156e-16, f = 0.000752 GHz, participation p = 0.0000
  mode[23]: λ = 5.236594e-9, f = 3.452751 GHz, participation p = 0.9942
  mode[24]: λ = 1.166297e-8, f = 5.152825 GHz, participation p = 0.0005
  mode[25]: λ = 1.050551e-7, f = 15.464979 GHz, participation p = 0.0000
  mode[26]: λ = 1.343703e-7, f = 17.490109 GHz, participation p = 1.0000
  mode[27]: λ = 1.534838e-7, f = 18.692705 GHz, participation p = 0.0000
  mode[28]: λ = 1.882785e-7, f = 20.703377 GHz, participation p = 0.0000
  mode[29]: λ = 2.989575e-7, f = 26.088287 GHz, participation p = 0.0000
--- wall-clock ---
  fixture-load : 0.055 s
  setup+assembly : 2.113 s
  solve (direct (faer COLAMD sparse LU)) : 22.049 s
  TOTAL : 24.217 s (133108 interior DOFs, 30 modes)
