=== transmon_bench (Epic #547 scale-benchmark gate) ===
config: inner = direct (faer COLAMD sparse LU), σ = 4.5 GHz, n_modes = 48, GEODE_NUM_THREADS = 1
gauge: none (ungauged pencil)
mesh: embedded transmon smoke fixture (no CLI arg given)
fixture: 22684 nodes, 133314 tets (loaded in 0.054 s)
setup/assembly: 156863 edges → 133108 interior DOFs, pencil nnz = 2561711 (1.993 s)
eigenvalues / frequencies (sorted by λ):
  mode[0]: λ = -2.505760e-16, f = 0.000000 GHz, participation p = 0.0000
  mode[1]: λ = -2.160209e-16, f = 0.000000 GHz, participation p = 0.0000
  mode[2]: λ = -1.691795e-16, f = 0.000000 GHz, participation p = 0.0000
  mode[3]: λ = -1.540170e-16, f = 0.000000 GHz, participation p = 0.0000
  mode[4]: λ = -1.311404e-16, f = 0.000000 GHz, participation p = 0.0000
  mode[5]: λ = -1.095238e-16, f = 0.000000 GHz, participation p = 0.0000
  mode[6]: λ = -8.616501e-17, f = 0.000000 GHz, participation p = 0.0000
  mode[7]: λ = -7.671965e-17, f = 0.000000 GHz, participation p = 0.0000
  mode[8]: λ = -6.006604e-17, f = 0.000000 GHz, participation p = 0.0000
  mode[9]: λ = -4.166022e-17, f = 0.000000 GHz, participation p = 0.0000
  mode[10]: λ = -2.183182e-17, f = 0.000000 GHz, participation p = 0.0000
  mode[11]: λ = -5.144008e-18, f = 0.000000 GHz, participation p = 0.0000
  mode[12]: λ = 8.581668e-20, f = 0.000014 GHz, participation p = 0.0000
  mode[13]: λ = 1.168733e-17, f = 0.000163 GHz, participation p = 0.0000
  mode[14]: λ = 2.618580e-17, f = 0.000244 GHz, participation p = 0.0000
  mode[15]: λ = 4.686643e-17, f = 0.000327 GHz, participation p = 0.0000
  mode[16]: λ = 5.986765e-17, f = 0.000369 GHz, participation p = 0.0000
  mode[17]: λ = 7.184806e-17, f = 0.000404 GHz, participation p = 0.0000
  mode[18]: λ = 9.411982e-17, f = 0.000463 GHz, participation p = 0.0000
  mode[19]: λ = 9.761094e-17, f = 0.000471 GHz, participation p = 0.0000
  mode[20]: λ = 1.191843e-16, f = 0.000521 GHz, participation p = 0.0000
  mode[21]: λ = 1.671263e-16, f = 0.000617 GHz, participation p = 0.0000
  mode[22]: λ = 2.483156e-16, f = 0.000752 GHz, participation p = 0.0000
  mode[23]: λ = 5.236594e-9, f = 3.452751 GHz, participation p = 0.9942
  mode[24]: λ = 1.166297e-8, f = 5.152825 GHz, participation p = 0.0005
  mode[25]: λ = 1.050551e-7, f = 15.464979 GHz, participation p = 0.0000
  mode[26]: λ = 1.343703e-7, f = 17.490109 GHz, participation p = 1.0000
  mode[27]: λ = 1.534838e-7, f = 18.692705 GHz, participation p = 0.0000
  mode[28]: λ = 1.882785e-7, f = 20.703377 GHz, participation p = 0.0000
  mode[29]: λ = 2.989575e-7, f = 26.088287 GHz, participation p = 0.0000
  mode[30]: λ = 4.896155e-7, f = 33.386308 GHz, participation p = 0.0000
  mode[31]: λ = 5.046754e-7, f = 33.895880 GHz, participation p = 0.0000
  mode[32]: λ = 5.892699e-7, f = 36.626714 GHz, participation p = 0.0000
  mode[33]: λ = 7.698277e-7, f = 41.863699 GHz, participation p = 0.0000
  mode[34]: λ = 7.986395e-7, f = 42.639905 GHz, participation p = 0.0000
  mode[35]: λ = 8.689221e-7, f = 44.476568 GHz, participation p = 0.0000
  mode[36]: λ = 9.327834e-7, f = 46.081990 GHz, participation p = 0.0000
  mode[37]: λ = 9.710652e-7, f = 47.018096 GHz, participation p = 0.0000
  mode[38]: λ = 9.838515e-7, f = 47.326634 GHz, participation p = 0.0000
  mode[39]: λ = 1.166719e-6, f = 51.537578 GHz, participation p = 0.0000
  mode[40]: λ = 1.290017e-6, f = 54.192414 GHz, participation p = 0.0000
  mode[41]: λ = 1.323071e-6, f = 54.882307 GHz, participation p = 0.0000
  mode[42]: λ = 1.342930e-6, f = 55.292663 GHz, participation p = 0.0000
  mode[43]: λ = 1.398871e-6, f = 56.432556 GHz, participation p = 0.0000
  mode[44]: λ = 1.476402e-6, f = 57.975328 GHz, participation p = 0.0000
  mode[45]: λ = 1.497918e-6, f = 58.396228 GHz, participation p = 0.0000
  mode[46]: λ = 1.543436e-6, f = 59.276859 GHz, participation p = 0.0000
  mode[47]: λ = 1.580054e-6, f = 59.975900 GHz, participation p = 0.0000
--- wall-clock ---
  fixture-load : 0.054 s
  setup+assembly : 1.993 s
  solve (direct (faer COLAMD sparse LU)) : 19.849 s
  TOTAL : 21.897 s (133108 interior DOFs, 48 modes)
