
running 1 test
test diag946_eigen_loop ... diag946 solve_user_s=2.668 solve_sys_s=0.130
diag946 n=30 dofs=24389 nev=20 seq_loop=false solve_s=5.249 par_after=Rayon(1)
diag946 lambda[0] = 2.97441741738863357e1
diag946 lambda[1] = 5.96267818050721914e1
diag946 lambda[2] = 5.96267818050725964e1
diag946 lambda[3] = 5.98622553014320928e1
diag946 lambda[4] = 8.98715561920853503e1
diag946 lambda[5] = 8.98715561920853645e1
diag946 lambda[6] = 9.02172147070226629e1
diag946 lambda[7] = 1.10004376289225348e2
diag946 lambda[8] = 1.10004376334356763e2
diag946 lambda[9] = 1.10016834562729969e2
diag946 lambda[10] = 1.20578827378915591e2
diag946 lambda[11] = 1.40055009612044103e2
diag946 lambda[12] = 1.40293249421055521e2
diag946 lambda[13] = 1.41356098227026649e2
diag946 lambda[14] = 1.41637396046188940e2
diag946 lambda[15] = 1.71236666967054731e2
diag946 lambda[16] = 1.73394332956949370e2
diag946 lambda[17] = 1.81159148734756087e2
diag946 lambda[18] = 1.81274455290002919e2
diag946 lambda[19] = 1.92442694127407549e2
ok

test result: ok. 1 passed; 0 failed; 0 ignored; 0 measured; 0 filtered out; finished in 25.59s

