>> /usr/lib64/mpich/bin/mpirun -n 8 /opt/palace/bin/palace-x86_64.bin /work/config.json

_____________     _______
_____   __   \____ __   /____ ____________
____   /_/  /  __ ` /  /  __ ` /  ___/  _ \
___   _____/  /_/  /  /  /_/  /  /__/  ___/
  /__/     \___,__/__/\___,__/\_____\_____/

Git changeset ID: v0.17.0-99-gfba6a5b9d
Running with 8 MPI processes, 1 OpenMP thread
Detected 1 CUDA device
Device configuration: omp,cpu
Memory configuration: host-umpire
libCEED backend: /cpu/self/opt/blocked


[38;2;255;255;000m--> Warning![0m
1350 mesh faces with no associated boundary element exist on the domain boundary!

Added 1350 boundary elements for exterior boundaries to the mesh

Characteristic length and time scales:
 Lc = 1.000e+00 m, tc = 3.336e+00 ns
Finished partitioning mesh into 8 subdomains

Mesh curvature order: 1
Mesh bounding box:
 (Xmin, Ymin, Zmin) = (+0.000e+00, +0.000e+00, +0.000e+00) m
 (Xmax, Ymax, Zmax) = (+1.000e+00, +1.000e+00, +1.000e+00) m

Parallel Mesh Stats:

                minimum     average     maximum       total
 vertices           366         512         638        4096
 edges             2803        3211        3531       25695
 faces             4999        5231        5411       41850
 elements          2510        2531        2562       20250
 neighbors            3           4           7

            minimum     maximum
 h        0.0748308   0.0748308
 kappa      2.41421     2.41421

Estimated current per-rank memory usage is: Min. 280.3M, Max. 420.1M, Avg. 299.0M, Total 2.3G
Estimated current per-node memory usage is: Min. 2.3G, Max. 2.3G, Avg. 2.3G, Total 2.3G

Configuring Robin impedance BC for lumped ports at attributes:
 3: Rs = 3.767e+02 Ω/sq, n = (+0.0,+0.0,-1.0)

Configuring lumped port circuit properties:
 Index = 1: R = 3.767e+02 Ω

Configuring lumped port excitation source term at attributes:
 3: Index = 1

Configuring Dirichlet PEC BC at attributes:
 2

Computing frequency response for:
Excitation with index 1 has contributions from:
 Lumped port  1

Assembling system matrices, number of global unknowns:
 H1 (p = 1): 4096, ND (p = 1): 25695, RT (p = 1): 41850
 Operator assembly level: Partial
 Mesh geometries:
  Tetrahedron: P = 6, Q = 4 (quadrature order = 2)

Assembling multigrid hierarchy:
 Level 0 (p = 1): 25695 unknowns
 Level 0 (auxiliary) (p = 1): 4096 unknowns

It 1/1: ω/2π = 4.771e-03 GHz (total elapsed time = 4.01e-02 s)

   Residual norms for GMRES solve
   0 (restart 0) KSP residual norm 5.408636e+00
   1 (restart 0) KSP residual norm 2.152092e-01
   2 (restart 0) KSP residual norm 1.420979e-03
   3 (restart 0) KSP residual norm 3.495957e-06
   4 (restart 0) KSP residual norm 4.159950e-07
   5 (restart 0) KSP residual norm 1.421659e-08
GMRES solver converged in 5 iterations (avg. reduction factor: 1.923e-02)
 Sol. ||E|| = 5.334626e+00 (||RHS|| = 1.605546e-01)
 Field energy E (7.408e-10 J) + H (9.897e-10 J) = 1.731e-09 J
 S[1][1] = -3.340e-01+7.461e-03i, |S[1][1]| = -9.523e+00, arg(S[1][1]) = +1.787e+02
 Updating solution error estimates

Completed 0 iterations of adaptive mesh refinement (AMR):
 Indicator norm = 3.084e-02, global unknowns = 25695
 Max. iterations = 0, tol. = 1.000e-02

Estimated peak per-rank memory usage is: Min. 373.8M, Max. 486.2M, Avg. 396.4M, Total 3.1G
Estimated peak per-node memory usage is: Min. 3.1G, Max. 3.1G, Avg. 3.1G, Total 3.1G

Elapsed Time Report (s)           Min.        Max.        Avg.
==============================================================
Initialization                   0.901       1.292       1.243
  Mesh Preprocessing             0.306       0.697       0.355
Operator Construction            0.103       0.106       0.104
Linear Solve                     0.028       0.029       0.028
  Setup                          0.039       0.040       0.039
  Preconditioner                 0.640       0.641       0.641
Estimation                       0.003       0.004       0.004
  Construction                   0.158       0.158       0.158
  Solve                          0.039       0.040       0.040
Postprocessing                   0.045       0.046       0.045
Disk IO                          0.107       0.108       0.107
--------------------------------------------------------------
Total                            2.819       2.819       2.819

Peak Memory                   Per-Node       Total   Total HWM
==============================================================
Initialization                  279.8M      279.8M      279.8M
  Mesh Preprocessing            478.1M      478.1M      758.0M
Operator Construction           206.7M      206.7M      964.7M
Linear Solve                      1.4M        1.4M      966.1M
  Setup                          61.0M       61.0M        1.0G
  Preconditioner                419.5M      419.5M        1.4G
Estimation                        3.1M        3.1M        1.4G
  Construction                   62.0M       62.0M        1.5G
  Solve                           2.3M        2.3M        1.5G
Postprocessing                   15.4M       15.4M        1.5G
Disk IO                          22.3M       22.3M        1.5G
--------------------------------------------------------------
Total                             1.6G        1.6G        1.6G

