>> /usr/lib64/mpich/bin/mpirun -n 8 /opt/palace/bin/palace-x86_64.bin /work/config.json

_____________     _______
_____   __   \____ __   /____ ____________
____   /_/  /  __ ` /  /  __ ` /  ___/  _ \
___   _____/  /_/  /  /  /_/  /  /__/  ___/
  /__/     \___,__/__/\___,__/\_____\_____/

Git changeset ID: v0.17.0-99-gfba6a5b9d
Running with 8 MPI processes, 1 OpenMP thread
Detected 1 CUDA device
Device configuration: omp,cpu
Memory configuration: host-umpire
libCEED backend: /cpu/self/opt/blocked


[38;2;255;255;000m--> Warning![0m
5400 mesh faces with no associated boundary element exist on the domain boundary!

Added 5400 boundary elements for exterior boundaries to the mesh

Characteristic length and time scales:
 Lc = 1.000e+00 m, tc = 3.336e+00 ns
Finished partitioning mesh into 8 subdomains

Mesh curvature order: 1
Mesh bounding box:
 (Xmin, Ymin, Zmin) = (+0.000e+00, +0.000e+00, +0.000e+00) m
 (Xmax, Ymax, Zmax) = (+1.000e+00, +1.000e+00, +1.000e+00) m

Parallel Mesh Stats:

                minimum     average     maximum       total
 vertices          3075        3723        4196       29791
 edges            22761       24648       26001      197190
 faces            39969       41175       42087      329400
 elements         19886       20250       20567      162000
 neighbors            3           4           7

            minimum     maximum
 h        0.0374154   0.0374154
 kappa      2.41421     2.41421

Estimated current per-rank memory usage is: Min. 413.1M, Max. 520.7M, Avg. 427.4M, Total 3.3G
Estimated current per-node memory usage is: Min. 3.3G, Max. 3.3G, Avg. 3.3G, Total 3.3G

Configuring Robin impedance BC for lumped ports at attributes:
 3: Rs = 3.767e+02 Ω/sq, n = (+0.0,+0.0,-1.0)

Configuring lumped port circuit properties:
 Index = 1: R = 3.767e+02 Ω

Configuring lumped port excitation source term at attributes:
 3: Index = 1

Configuring Dirichlet PEC BC at attributes:
 2

Computing frequency response for:
Excitation with index 1 has contributions from:
 Lumped port  1

Assembling system matrices, number of global unknowns:
 H1 (p = 1): 29791, ND (p = 1): 197190, RT (p = 1): 329400
 Operator assembly level: Partial
 Mesh geometries:
  Tetrahedron: P = 6, Q = 4 (quadrature order = 2)

Assembling multigrid hierarchy:
 Level 0 (p = 1): 197190 unknowns
 Level 0 (auxiliary) (p = 1): 29791 unknowns

It 1/1: ω/2π = 4.771e-03 GHz (total elapsed time = 3.06e-01 s)

   Residual norms for GMRES solve
   0 (restart 0) KSP residual norm 7.523537e+00
   1 (restart 0) KSP residual norm 2.943971e-01
   2 (restart 0) KSP residual norm 1.920040e-03
   3 (restart 0) KSP residual norm 4.659307e-06
   4 (restart 0) KSP residual norm 1.427577e-07
   5 (restart 0) KSP residual norm 9.503707e-09
GMRES solver converged in 5 iterations (avg. reduction factor: 1.661e-02)
 Sol. ||E|| = 7.422599e+00 (||RHS|| = 1.619328e-01)
 Field energy E (7.408e-10 J) + H (9.903e-10 J) = 1.731e-09 J
 S[1][1] = -3.340e-01+7.477e-03i, |S[1][1]| = -9.523e+00, arg(S[1][1]) = +1.787e+02
 Updating solution error estimates

Completed 0 iterations of adaptive mesh refinement (AMR):
 Indicator norm = 1.582e-02, global unknowns = 197190
 Max. iterations = 0, tol. = 1.000e-02

Estimated peak per-rank memory usage is: Min. 996.4M, Max. 1.1G, Avg. 1.0G, Total 8.1G
Estimated peak per-node memory usage is: Min. 8.1G, Max. 8.1G, Avg. 8.1G, Total 8.1G

Elapsed Time Report (s)           Min.        Max.        Avg.
==============================================================
Initialization                   5.584       8.175       7.851
  Mesh Preprocessing             2.127       4.719       2.452
Operator Construction            0.571       0.591       0.581
Linear Solve                     0.225       0.229       0.227
  Setup                          0.303       0.305       0.304
  Preconditioner                 7.984       7.989       7.987
Estimation                       0.026       0.029       0.027
  Construction                   1.411       1.412       1.412
  Solve                          0.304       0.305       0.304
Postprocessing                   0.147       0.149       0.148
Disk IO                          0.833       0.833       0.833
--------------------------------------------------------------
Total                           22.186      22.186      22.186

Peak Memory                   Per-Node       Total   Total HWM
==============================================================
Initialization                   65.6M       65.6M       65.6M
  Mesh Preprocessing              1.6G        1.6G        1.6G
Operator Construction           144.6M      144.6M        1.8G
Linear Solve                     16.2M       16.2M        1.8G
  Setup                         431.4M      431.4M        2.2G
  Preconditioner                  3.9G        3.9G        6.1G
Estimation                        0.0K        0.0K        6.1G
  Construction                  256.5M      256.5M        6.3G
  Solve                           0.0K        0.0K        6.3G
Postprocessing                    0.0K        0.0K        6.3G
Disk IO                         152.4M      152.4M        6.5G
--------------------------------------------------------------
Total                             6.6G        6.6G        6.6G

