>> /usr/lib64/mpich/bin/mpirun -n 1 /opt/palace/bin/palace-x86_64.bin /work/config.json

_____________     _______
_____   __   \____ __   /____ ____________
____   /_/  /  __ ` /  /  __ ` /  ___/  _ \
___   _____/  /_/  /  /  /_/  /  /__/  ___/
  /__/     \___,__/__/\___,__/\_____\_____/

Git changeset ID: v0.17.0-99-gfba6a5b9d
Running with 1 MPI process, 1 OpenMP thread
Detected 1 CUDA device
Device configuration: cuda,omp,cpu
Memory configuration: host-umpire,cuda-umpire
Use GPU-aware MPI:    no
libCEED backend: /gpu/cuda/magma


[38;2;255;255;000m--> Warning![0m
3456 mesh faces with no associated boundary element exist on the domain boundary!

Added 3456 boundary elements for exterior boundaries to the mesh

Characteristic length and time scales:
 Lc = 1.000e+00 m, tc = 3.336e+00 ns
Finished partitioning mesh into 1 subdomain

Mesh curvature order: 1
Mesh bounding box:
 (Xmin, Ymin, Zmin) = (+0.000e+00, +0.000e+00, +0.000e+00) m
 (Xmax, Ymax, Zmax) = (+1.000e+00, +1.000e+00, +1.000e+00) m

Parallel Mesh Stats:

                minimum     average     maximum       total
 vertices         15625       15625       15625       15625
 edges           102024      102024      102024      102024
 faces           169344      169344      169344      169344
 elements         82944       82944       82944       82944
 neighbors            0           0           0

            minimum     maximum
 h        0.0467693   0.0467693
 kappa      2.41421     2.41421

Estimated current per-rank memory usage is: Min. 590.3M, Max. 590.3M, Avg. 590.3M, Total 590.3M
Estimated current per-node memory usage is: Min. 590.3M, Max. 590.3M, Avg. 590.3M, Total 590.3M

Configuring Robin impedance BC for lumped ports at attributes:
 3: Rs = 3.767e+02 Ω/sq, n = (+0.0,+0.0,-1.0)

Configuring lumped port circuit properties:
 Index = 1: R = 3.767e+02 Ω

Configuring lumped port excitation source term at attributes:
 3: Index = 1

Configuring Dirichlet PEC BC at attributes:
 2

Computing frequency response for:
Excitation with index 1 has contributions from:
 Lumped port  1

Assembling system matrices, number of global unknowns:
 H1 (p = 1): 15625, ND (p = 1): 102024, RT (p = 1): 169344
 Operator assembly level: Partial
 Mesh geometries:
  Tetrahedron: P = 6, Q = 4 (quadrature order = 2)

Assembling multigrid hierarchy:
 Level 0 (p = 1): 102024 unknowns
 Level 0 (auxiliary) (p = 1): 15625 unknowns

It 1/1: ω/2π = 4.771e-03 GHz (total elapsed time = 1.28e+00 s)

   Residual norms for GMRES solve
   0 (restart 0) KSP residual norm 6.757299e+00
   1 (restart 0) KSP residual norm 2.655392e-01
   2 (restart 0) KSP residual norm 1.737630e-03
   3 (restart 0) KSP residual norm 4.230712e-06
   4 (restart 0) KSP residual norm 2.018858e-07
   5 (restart 0) KSP residual norm 9.832879e-09
GMRES solver converged in 5 iterations (avg. reduction factor: 1.708e-02)
 Sol. ||E|| = 6.666188e+00 (||RHS|| = 1.615893e-01)
 Field energy E (7.408e-10 J) + H (9.902e-10 J) = 1.731e-09 J
 S[1][1] = -3.340e-01+7.474e-03i, |S[1][1]| = -9.523e+00, arg(S[1][1]) = +1.787e+02
 Updating solution error estimates

Completed 0 iterations of adaptive mesh refinement (AMR):
 Indicator norm = 1.965e-02, global unknowns = 102024
 Max. iterations = 0, tol. = 1.000e-02

Estimated peak per-rank memory usage is: Min. 1.9G, Max. 1.9G, Avg. 1.9G, Total 1.9G
Estimated peak per-node memory usage is: Min. 1.9G, Max. 1.9G, Avg. 1.9G, Total 1.9G

Elapsed Time Report (s)           Min.        Max.        Avg.
==============================================================
Initialization                   4.657       4.657       4.657
  Mesh Preprocessing             6.623       6.623       6.623
Operator Construction            3.309       3.309       3.309
Linear Solve                     0.445       0.445       0.445
  Setup                          1.266       1.266       1.266
  Preconditioner                 8.506       8.506       8.506
Estimation                       0.588       0.588       0.588
  Construction                   0.935       0.935       0.935
  Solve                          0.124       0.124       0.124
Postprocessing                   0.559       0.559       0.559
Disk IO                          0.421       0.421       0.421
--------------------------------------------------------------
Total                           27.479      27.479      27.479

Peak Memory                   Per-Node       Total   Total HWM
==============================================================
Initialization                  123.7M      123.7M      123.7M
  Mesh Preprocessing            188.7M      188.7M      312.4M
Operator Construction            46.8M       46.8M      359.2M
Linear Solve                    240.0K      240.0K      359.4M
  Setup                         103.2M      103.2M      462.7M
  Preconditioner                  1.1G        1.1G        1.5G
Estimation                        0.0K        0.0K        1.5G
  Construction                  122.6M      122.6M        1.6G
  Solve                           0.0K        0.0K        1.6G
Postprocessing                    0.0K        0.0K        1.6G
Disk IO                          79.7M       79.7M        1.7G
--------------------------------------------------------------
Total                             1.7G        1.7G        1.7G

