>> /usr/lib64/mpich/bin/mpirun -n 1 /opt/palace/bin/palace-x86_64.bin /work/config.json

_____________     _______
_____   __   \____ __   /____ ____________
____   /_/  /  __ ` /  /  __ ` /  ___/  _ \
___   _____/  /_/  /  /  /_/  /  /__/  ___/
  /__/     \___,__/__/\___,__/\_____\_____/

Git changeset ID: v0.17.0-99-gfba6a5b9d
Running with 1 MPI process, 1 OpenMP thread
Detected 1 CUDA device
Device configuration: cuda,omp,cpu
Memory configuration: host-umpire,cuda-umpire
Use GPU-aware MPI:    no
libCEED backend: /gpu/cuda/magma


[38;2;255;255;000m--> Warning![0m
5400 mesh faces with no associated boundary element exist on the domain boundary!

Added 5400 boundary elements for exterior boundaries to the mesh

Characteristic length and time scales:
 Lc = 1.000e+00 m, tc = 3.336e+00 ns
Finished partitioning mesh into 1 subdomain

Mesh curvature order: 1
Mesh bounding box:
 (Xmin, Ymin, Zmin) = (+0.000e+00, +0.000e+00, +0.000e+00) m
 (Xmax, Ymax, Zmax) = (+1.000e+00, +1.000e+00, +1.000e+00) m

Parallel Mesh Stats:

                minimum     average     maximum       total
 vertices         29791       29791       29791       29791
 edges           197190      197190      197190      197190
 faces           329400      329400      329400      329400
 elements        162000      162000      162000      162000
 neighbors            0           0           0

            minimum     maximum
 h        0.0374154   0.0374154
 kappa      2.41421     2.41421

Estimated current per-rank memory usage is: Min. 651.8M, Max. 651.8M, Avg. 651.8M, Total 651.8M
Estimated current per-node memory usage is: Min. 651.8M, Max. 651.8M, Avg. 651.8M, Total 651.8M

Configuring Robin impedance BC for lumped ports at attributes:
 3: Rs = 3.767e+02 Ω/sq, n = (+0.0,+0.0,-1.0)

Configuring lumped port circuit properties:
 Index = 1: R = 3.767e+02 Ω

Configuring lumped port excitation source term at attributes:
 3: Index = 1

Configuring Dirichlet PEC BC at attributes:
 2

Computing frequency response for:
Excitation with index 1 has contributions from:
 Lumped port  1

Assembling system matrices, number of global unknowns:
 H1 (p = 1): 29791, ND (p = 1): 197190, RT (p = 1): 329400
 Operator assembly level: Partial
 Mesh geometries:
  Tetrahedron: P = 6, Q = 4 (quadrature order = 2)

Assembling multigrid hierarchy:
 Level 0 (p = 1): 197190 unknowns
 Level 0 (auxiliary) (p = 1): 29791 unknowns

It 1/1: ω/2π = 4.771e-03 GHz (total elapsed time = 1.72e+00 s)

   Residual norms for GMRES solve
   0 (restart 0) KSP residual norm 7.523537e+00
   1 (restart 0) KSP residual norm 2.943971e-01
   2 (restart 0) KSP residual norm 1.920040e-03
   3 (restart 0) KSP residual norm 4.659301e-06
   4 (restart 0) KSP residual norm 1.427502e-07
   5 (restart 0) KSP residual norm 9.504501e-09
GMRES solver converged in 5 iterations (avg. reduction factor: 1.661e-02)
 Sol. ||E|| = 7.422599e+00 (||RHS|| = 1.619328e-01)
 Field energy E (7.408e-10 J) + H (9.903e-10 J) = 1.731e-09 J
 S[1][1] = -3.340e-01+7.477e-03i, |S[1][1]| = -9.523e+00, arg(S[1][1]) = +1.787e+02
 Updating solution error estimates

Completed 0 iterations of adaptive mesh refinement (AMR):
 Indicator norm = 1.582e-02, global unknowns = 197190
 Max. iterations = 0, tol. = 1.000e-02

Estimated peak per-rank memory usage is: Min. 3.5G, Max. 3.5G, Avg. 3.5G, Total 3.5G
Estimated peak per-node memory usage is: Min. 3.5G, Max. 3.5G, Avg. 3.5G, Total 3.5G

Elapsed Time Report (s)           Min.        Max.        Avg.
==============================================================
Initialization                   8.610       8.610       8.610
  Mesh Preprocessing            12.274      12.274      12.274
Operator Construction            4.898       4.898       4.898
Linear Solve                     0.450       0.450       0.450
  Setup                          1.698       1.698       1.698
  Preconditioner                23.863      23.863      23.863
Estimation                       0.590       0.590       0.590
  Construction                   0.955       0.955       0.955
  Solve                          0.129       0.129       0.129
Postprocessing                   0.709       0.709       0.709
Disk IO                          0.816       0.816       0.816
--------------------------------------------------------------
Total                           55.038      55.038      55.038

Peak Memory                   Per-Node       Total   Total HWM
==============================================================
Initialization                  122.5M      122.5M      122.5M
  Mesh Preprocessing            183.5M      183.5M      306.0M
Operator Construction            41.9M       41.9M      347.9M
Linear Solve                      0.0K        0.0K      347.9M
  Setup                         167.6M      167.6M      515.5M
  Preconditioner                  2.5G        2.5G        3.0G
Estimation                        0.0K        0.0K        3.0G
  Construction                  119.5M      119.5M        3.2G
  Solve                           0.0K        0.0K        3.2G
Postprocessing                    0.0K        0.0K        3.2G
Disk IO                         153.4M      153.4M        3.3G
--------------------------------------------------------------
Total                             3.3G        3.3G        3.3G

