
running 1 test
test gpu_driven_scaling_benchmark ... # ---- gpu_driven_scaling TOML fragment (issue #501 / #520) ----
# matrix-free backend/dtype for this run: ndarray / f64
# configs: 1=Direct(faer LU, CPU f64)  2=Iterative(assembled COCG+Jacobi, CPU f64)  3=IterativeMatrixFree(ndarray f64)
# single-ω = 0.1; sweep ω = [0.05, 0.075, 0.1, 0.15, 0.2]
# iter tol: f64 configs = 1e-8, matrix-free (f64) = 1e-8; iter max = 20000
# knobs: sizes = [50], reps = 0, configs = [direct=false, iterative=true, matrix_free=false], skip_e2e = true, skip_sweep = true
# split_setup = true: every cell carries warmup_setup_s / warmup_krylov_s

[[cell]]
size_n = 50
n_edges = 897650
n_interior = 882450
config = "2_iterative_csr"
method = "cocg_jacobi"
device = "cpu"
dtype = "f64"
tol = 1e-8
converged = true
flaky = false
reps = 0
solve_reps_ok = 0
e2e_reps_ok = 0
warmup_solve_s = 624.333460
warmup_setup_s = 1.023155
warmup_krylov_s = 623.296691
solve_only_s = nan
end_to_end_s = nan
iterations = 13662
residual_rel = 9.426e-9
accuracy_rel_l2_vs_direct = nan
port_v = [6.659957593e-1, 7.480882015e-3]  # Re, Im of port-1 voltage (v_inc = 1)
sweep5_skipped = true

# ---- end fragment ----
ok

test result: ok. 1 passed; 0 failed; 0 ignored; 0 measured; 0 filtered out; finished in 660.07s

