=== transmon_bench (Epic #547 scale-benchmark gate) ===
config: inner = direct (faer COLAMD sparse LU), σ = 4.5 GHz, n_modes = 7, GEODE_NUM_THREADS = 1
gauge: port_aware (#514 port-aware divergence-free projection; junction extract at 17.6047 GHz)
mesh: embedded transmon smoke fixture (no CLI arg given)
fixture: 22684 nodes, 133314 tets (loaded in 0.117 s)
setup/assembly: 156863 edges → 133108 interior DOFs, pencil nnz = 2561711 (5.054 s)
port-aware projection: 96 Lanczos iterations, 0 extra re-projections
eigenvalues / frequencies (sorted by λ):
  mode[0]: λ = -3.852676e-20, f = 0.000000 GHz, participation p = 0.0000
  mode[1]: λ = 5.236594e-9, f = 3.452751 GHz, participation p = 0.9942
  mode[2]: λ = 1.166297e-8, f = 5.152825 GHz, participation p = 0.0005
  mode[3]: λ = 1.050551e-7, f = 15.464979 GHz, participation p = 0.0000
  mode[4]: λ = 1.343703e-7, f = 17.490109 GHz, participation p = 1.0000
  mode[5]: λ = 1.534838e-7, f = 18.692705 GHz, participation p = 0.0000
  mode[6]: λ = 1.882785e-7, f = 20.703377 GHz, participation p = 0.0000
--- wall-clock ---
  fixture-load : 0.117 s
  setup+assembly : 5.054 s
  solve (direct (faer COLAMD sparse LU)) : 150.589 s
  TOTAL : 155.761 s (133108 interior DOFs, 7 modes)
