geode_s4p5_n6_t1 run 1: exit 0 0:30.90
geode_s4p5_n6_t8 run 1: exit 0 0:25.37
geode_s4p5_n30_t1 run 1: exit 0 0:32.20
geode_s4p5_n30_t8 run 1: exit 0 0:26.73
geode_s20_n6_t1 run 1: exit 0 0:30.84
geode_s20_n6_t8 run 1: exit 0 0:25.34
geode_pa_s4p5_n8_t1 run 1: exit 0 1:03.06
geode_pa_s4p5_n8_t8 run 1: exit 0 0:46.94
palace_s4p5_n6_np1 run 1: exit 0 2:55.30
palace_s4p5_n6_np8 run 1: exit 0 0:31.74
palace_s4p5_n6_np1_nosave run 1: exit 0 1:42.08
palace_s4p5_n6_np8_nosave run 1: exit 0 0:22.09
palace_s4p5_n6_np8_nosave_lindefault run 1: exit 0 0:22.12
geode_s4p5_n6_t1 run 2: exit 0 0:30.87
geode_s4p5_n6_t8 run 2: exit 0 0:25.06
geode_s4p5_n30_t1 run 2: exit 0 0:32.23
geode_s4p5_n30_t8 run 2: exit 0 0:26.68
geode_s20_n6_t1 run 2: exit 0 0:30.86
geode_s20_n6_t8 run 2: exit 0 0:24.99
geode_pa_s4p5_n8_t1 run 2: exit 0 1:03.21
geode_pa_s4p5_n8_t8 run 2: exit 0 0:47.28
palace_s4p5_n6_np1 run 2: exit 0 2:55.57
palace_s4p5_n6_np8 run 2: exit 0 0:31.56
palace_s4p5_n6_np1_nosave run 2: exit 0 1:42.08
palace_s4p5_n6_np8_nosave run 2: exit 0 0:22.25
palace_s4p5_n6_np1 run 3: exit 0 2:54.72
palace_s4p5_n6_np8 run 3: exit 0 0:31.52
palace_s4p5_n6_np1_nosave run 3: exit 0 1:42.12
palace_s4p5_n6_np8_nosave run 3: exit 0 0:22.41
done: <home>/tuned-palace/run
