
running 1 test
test gpu_driven_scaling_benchmark ... # ---- gpu_driven_scaling TOML fragment (issue #501 / #520) ----
# matrix-free backend/dtype for this run: ndarray / f64
# configs: 1=Direct(faer LU, CPU f64)  2=Iterative(assembled COCG+Jacobi, CPU f64)  3=IterativeMatrixFree(ndarray f64)
# single-ω = 0.05; sweep ω = [0.05, 0.075, 0.1, 0.15, 0.2]
# iter tol: f64 configs = 1e-8, matrix-free (f64) = 1e-8; iter max = 20000
# knobs: sizes = [20], reps = 0, configs = [direct=true, iterative=false, matrix_free=false], skip_e2e = true, skip_sweep = true
# split_setup = true: every cell carries warmup_setup_s / warmup_krylov_s

[[cell]]
size_n = 20
n_edges = 59660
n_interior = 57180
config = "1_direct"
method = "faer_lu"
device = "cpu"
dtype = "f64"
tol = nan
converged = true
flaky = false
reps = 0
solve_reps_ok = 0
e2e_reps_ok = 0
warmup_solve_s = 7.114714
warmup_setup_s = 6.934717
warmup_krylov_s = 0.151891
solve_only_s = nan
end_to_end_s = nan
iterations = 0
residual_rel = 3.100e-12
accuracy_rel_l2_vs_direct = 0.000e0
port_v = [6.664984557e-1, 3.707102225e-3]  # Re, Im of port-1 voltage (v_inc = 1)
sweep5_skipped = true

# ---- end fragment ----
ok

test result: ok. 1 passed; 0 failed; 0 ignored; 0 measured; 0 filtered out; finished in 7.79s

