# start 2026-10-09T22:08:22Z commit 8a76c20a5a61699872436594c8921fd8044812ac uptime: 15:08  up  3:57, 13 users, load averages: 23.69 19.80 16.54
    Finished `release` profile [optimized] target(s) in 0.42s
     Running tests/silvermuller_self_consistent_vector_tracking.rs (/Volumes/Stripe/cargo-target-issue-1021/release/deps/silvermuller_self_consistent_vector_tracking-25c7203f084052f0)

running 3 tests
test vector_tracked_beats_frozen_int_idx ... [dense frozen index, k0=20] it  1 k0 = 20.000000 n = 1104 pick λ = 1.417260+0.078003i overlap = n/a best unpicked = n/a
[dense frozen index, k0=20] it  2 k0 = 10.595469 n = 1104 pick λ = 1.411434+0.147491i overlap = 1.0005 best unpicked = 0.0240
[dense frozen index, k0=20] it  3 k0 = 5.892561 n = 1104 pick λ = 1.392544+0.266774i overlap = 1.0017 best unpicked = 0.0442
[dense frozen index, k0=20] it  4 k0 = 3.538987 n = 1104 pick λ = 1.337497+0.449636i overlap = 1.0033 best unpicked = 0.0809
[dense frozen index, k0=20] it  5 k0 = 1.172295 n = 1104 pick λ = 0.169982+2.692028i overlap = 0.0007 best unpicked = 0.8791
[dense frozen index, k0=20] it  6 k0 = 1.197366 n = 1104 pick λ = 0.177087+2.749479i overlap = 1.0000 best unpicked = 0.0017
[dense frozen index, k0=20] it  7 k0 = 1.210839 n = 1104 pick λ = 0.180964+2.780347i overlap = 1.0000 best unpicked = 0.0009
[dense frozen index, k0=20] it  8 k0 = 1.218030 n = 1104 pick λ = 0.183051+2.796823i overlap = 1.0000 best unpicked = 0.0005
[dense frozen index, k0=20] it  9 k0 = 1.221855 n = 1104 pick λ = 0.184166+2.805585i overlap = 1.0000 best unpicked = 0.0003
[dense frozen index, k0=20] it 10 k0 = 1.223885 n = 1104 pick λ = 0.184759+2.810236i overlap = 1.0000 best unpicked = 0.0001
[dense frozen index, k0=20] it 11 k0 = 1.224962 n = 1104 pick λ = 0.185074+2.812703i overlap = 1.0000 best unpicked = 0.0001
[dense frozen index, k0=20] it 12 k0 = 1.225532 n = 1104 pick λ = 0.185241+2.814010i overlap = 1.0000 best unpicked = 0.0000
[dense frozen index, k0=20] it 13 k0 = 1.225835 n = 1104 pick λ = 0.185329+2.814703i overlap = 1.0000 best unpicked = 0.0000
[dense frozen index, k0=20] it 14 k0 = 1.225995 n = 1104 pick λ = 0.185376+2.815070i overlap = 1.0000 best unpicked = 0.0000
[dense frozen index, k0=20] it 15 k0 = 1.226080 n = 1104 pick λ = 0.185401+2.815264i overlap = 1.0000 best unpicked = 0.0000
[dense frozen index, k0=20] it 16 k0 = 1.226125 n = 1104 pick λ = 0.185414+2.815367i overlap = 1.0000 best unpicked = 0.0000
[dense frozen index, k0=20] it 17 k0 = 1.226148 n = 1104 pick λ = 0.185421+2.815422i overlap = 1.0000 best unpicked = 0.0000
[dense frozen index, k0=20] it 18 k0 = 1.226161 n = 1104 pick λ = 0.185425+2.815451i overlap = 1.0000 best unpicked = 0.0000
[dense frozen index, k0=20] it 19 k0 = 1.226168 n = 1104 pick λ = 0.185427+2.815466i overlap = 1.0000 best unpicked = 0.0000
[dense frozen index, k0=20] it 20 k0 = 1.226171 n = 1104 pick λ = 0.185428+2.815474i overlap = 1.0000 best unpicked = 0.0000
frozen: MaxIterations { last_k: Complex { re: 1.2261731982965933, im: 1.1480735821695596 }, iterations: 20 } after 975.404798875s
[dense frozen index, k0=20 (report)] it  1 k0 = 20.000000 n = 1104 pick idx 368 λ = 1.417260+0.078003i k = 1.190937+0.032749i Q = 18.1831 (seed)
[dense frozen index, k0=20 (report)] it  2 k0 = 10.595469 n = 1104 pick idx 368 λ = 1.411434+0.147491i k = 1.189654+0.061989i Q = 9.5957 new = 1.0005 legacy = 1.6727 | next: idx 386 λ = 6.358395+0.450784i new = 0.0240 legacy = 0.0491; idx 369 λ = 1.412310+0.147768i new = 0.0179 legacy = 0.0469 | legacy argmax: idx 368 legacy = 1.6727 (the pick)
[dense frozen index, k0=20 (report)] it  3 k0 = 5.892561 n = 1104 pick idx 368 λ = 1.392544+0.266774i k = 1.185413+0.112524i Q = 5.2674 new = 1.0017 legacy = 1.2662 | next: idx 619 λ = 6.305926+0.844975i new = 0.0442 legacy = 0.2163; idx 857 λ = 20.248786+30.362947i new = 0.0352 legacy = 0.0439 | legacy argmax: idx 368 legacy = 1.2662 (the pick)
[dense frozen index, k0=20 (report)] it  4 k0 = 3.538987 n = 1104 pick idx 368 λ = 1.337497+0.449636i k = 1.172295+0.191776i Q = 3.0564 new = 1.0033 legacy = 2.4878 | next: idx 776 λ = 6.058539+1.550207i new = 0.0809 legacy = 0.0825; idx 813 λ = 13.022499+3.092583i new = 0.0686 legacy = 0.1652 | legacy argmax: idx 368 legacy = 2.4878 (the pick)
[dense frozen index, k0=20 (report)] it  5 k0 = 1.172295 n = 1104 pick idx 368 λ = 0.169982+2.692028i k = 1.197366+1.124146i Q = 0.5326 new = 0.0007 legacy = 0.0021 | next: idx 767 λ = 0.531113+0.833302i new = 0.8791 legacy = 2.1681; idx 776 λ = 3.717350+1.093503i new = 0.3762 legacy = 0.9706 | legacy argmax: idx 767 legacy = 2.1681 (NOT the pick)
[dense frozen index, k0=20 (report)] it  6 k0 = 1.197366 n = 1104 pick idx 368 λ = 0.177087+2.749479i k = 1.210839+1.135361i Q = 0.5332 new = 1.0000 legacy = 1.1565 | next: idx 753 λ = 0.474827+2.669060i new = 0.0017 legacy = 0.0051; idx 743 λ = 0.381777+3.054931i new = 0.0015 legacy = 0.0120 | legacy argmax: idx 368 legacy = 1.1565 (the pick)
[dense frozen index, k0=20 (report)] it  7 k0 = 1.210839 n = 1104 pick idx 368 λ = 0.180964+2.780347i k = 1.218030+1.141330i Q = 0.5336 new = 1.0000 legacy = 2.3783 | next: idx 746 λ = 0.396136+3.046887i new = 0.0009 legacy = 0.0150; idx 753 λ = 0.485870+2.698530i new = 0.0009 legacy = 0.0009 | legacy argmax: idx 368 legacy = 2.3783 (the pick)
[dense frozen index, k0=20 (report)] it  8 k0 = 1.218030 n = 1104 pick idx 368 λ = 0.183051+2.796823i k = 1.221855+1.144499i Q = 0.5338 new = 1.0000 legacy = 2.6238 | next: idx 746 λ = 0.400980+3.064499i new = 0.0005 legacy = 0.0012; idx 753 λ = 0.491819+2.714250i new = 0.0005 legacy = 0.0025 | legacy argmax: idx 368 legacy = 2.6238 (the pick)
[dense frozen index, k0=20 (report)] it  9 k0 = 1.221855 n = 1104 pick idx 368 λ = 0.184166+2.805585i k = 1.223885+1.146180i Q = 0.5339 new = 1.0000 legacy = 1.1588 | next: idx 746 λ = 0.403589+3.073839i new = 0.0003 legacy = 0.0003; idx 753 λ = 0.494998+2.722608i new = 0.0002 legacy = 0.0014 | legacy argmax: idx 368 legacy = 1.1588 (the pick)
[dense frozen index, k0=20 (report)] it 10 k0 = 1.223885 n = 1104 pick idx 368 λ = 0.184759+2.810236i k = 1.224962+1.147071i Q = 0.5340 new = 1.0000 legacy = 1.0813 | next: idx 746 λ = 0.404985+3.078790i new = 0.0001 legacy = 0.0003; idx 753 λ = 0.496691+2.727044i new = 0.0001 legacy = 0.0003 | legacy argmax: idx 368 legacy = 1.0813 (the pick)
[dense frozen index, k0=20 (report)] it 11 k0 = 1.224962 n = 1104 pick idx 368 λ = 0.185074+2.812703i k = 1.225532+1.147543i Q = 0.5340 new = 1.0000 legacy = 1.2543 | next: idx 746 λ = 0.405730+3.081413i new = 0.0001 legacy = 0.0003; idx 753 λ = 0.497589+2.729397i new = 0.0001 legacy = 0.0001 | legacy argmax: idx 368 legacy = 1.2543 (the pick)
[dense frozen index, k0=20 (report)] it 12 k0 = 1.225532 n = 1104 pick idx 368 λ = 0.185241+2.814010i k = 1.225835+1.147793i Q = 0.5340 new = 1.0000 legacy = 2.6643 | next: idx 746 λ = 0.406125+3.082803i new = 0.0000 legacy = 0.0001; idx 753 λ = 0.498066+2.730643i new = 0.0000 legacy = 0.0001 | legacy argmax: idx 368 legacy = 2.6643 (the pick)
[dense frozen index, k0=20 (report)] it 13 k0 = 1.225835 n = 1104 pick idx 368 λ = 0.185329+2.814703i k = 1.225995+1.147926i Q = 0.5340 new = 1.0000 legacy = 2.5997 | next: idx 746 λ = 0.406335+3.083540i new = 0.0000 legacy = 0.0001; idx 753 λ = 0.498319+2.731304i new = 0.0000 legacy = 0.0000 | legacy argmax: idx 368 legacy = 2.5997 (the pick)
[dense frozen index, k0=20 (report)] it 14 k0 = 1.225995 n = 1104 pick idx 368 λ = 0.185376+2.815070i k = 1.226080+1.147996i Q = 0.5340 new = 1.0000 legacy = 2.2896 | next: idx 746 λ = 0.406447+3.083930i new = 0.0000 legacy = 0.0000; idx 753 λ = 0.498452+2.731654i new = 0.0000 legacy = 0.0000 | legacy argmax: idx 368 legacy = 2.2896 (the pick)
[dense frozen index, k0=20 (report)] it 15 k0 = 1.226080 n = 1104 pick idx 368 λ = 0.185401+2.815264i k = 1.226125+1.148033i Q = 0.5340 new = 1.0000 legacy = 1.9367 | next: idx 746 λ = 0.406506+3.084137i new = 0.0000 legacy = 0.0000; idx 753 λ = 0.498523+2.731839i new = 0.0000 legacy = 0.0000 | legacy argmax: idx 368 legacy = 1.9367 (the pick)
[dense frozen index, k0=20 (report)] it 16 k0 = 1.226125 n = 1104 pick idx 368 λ = 0.185414+2.815367i k = 1.226148+1.148053i Q = 0.5340 new = 1.0000 legacy = 1.6446 | next: idx 746 λ = 0.406537+3.084246i new = 0.0000 legacy = 0.0000; idx 753 λ = 0.498561+2.731937i new = 0.0000 legacy = 0.0000 | legacy argmax: idx 368 legacy = 1.6446 (the pick)
[dense frozen index, k0=20 (report)] it 17 k0 = 1.226148 n = 1104 pick idx 368 λ = 0.185421+2.815422i k = 1.226161+1.148064i Q = 0.5340 new = 1.0000 legacy = 1.7799 | next: idx 746 λ = 0.406553+3.084304i new = 0.0000 legacy = 0.0000; idx 753 λ = 0.498581+2.731989i new = 0.0000 legacy = 0.0000 | legacy argmax: idx 368 legacy = 1.7799 (the pick)
[dense frozen index, k0=20 (report)] it 18 k0 = 1.226161 n = 1104 pick idx 368 λ = 0.185425+2.815451i k = 1.226168+1.148069i Q = 0.5340 new = 1.0000 legacy = 1.1875 | next: idx 746 λ = 0.406562+3.084335i new = 0.0000 legacy = 0.0000; idx 753 λ = 0.498591+2.732017i new = 0.0000 legacy = 0.0000 | legacy argmax: idx 368 legacy = 1.1875 (the pick)
[dense frozen index, k0=20 (report)] it 19 k0 = 1.226168 n = 1104 pick idx 368 λ = 0.185427+2.815466i k = 1.226171+1.148072i Q = 0.5340 new = 1.0000 legacy = 1.2365 | next: idx 746 λ = 0.406567+3.084351i new = 0.0000 legacy = 0.0000; idx 753 λ = 0.498597+2.732032i new = 0.0000 legacy = 0.0000 | legacy argmax: idx 368 legacy = 1.2365 (the pick)
[dense frozen index, k0=20 (report)] it 20 k0 = 1.226171 n = 1104 pick idx 368 λ = 0.185428+2.815474i k = 1.226173+1.148074i Q = 0.5340 new = 1.0000 legacy = 1.3964 | next: idx 746 λ = 0.406569+3.084360i new = 0.0000 legacy = 0.0000; idx 753 λ = 0.498600+2.732039i new = 0.0000 legacy = 0.0000 | legacy argmax: idx 368 legacy = 1.3964 (the pick)
