    Finished `release` profile [optimized] target(s) in 0.71s
     Running tests/silvermuller_self_consistent_vector_tracking.rs (/Volumes/Stripe/cargo-target-issue-1021/release/deps/silvermuller_self_consistent_vector_tracking-25c7203f084052f0)

running 3 tests
test vector_tracked_beats_frozen_int_idx ... [dense frozen index, k0=20] it  1 k0 = 20.000000 n = 1104 pick λ = 1.417260+0.078003i overlap = n/a best unpicked = n/a
[dense frozen index, k0=20] it  2 k0 = 10.595469 n = 1104 pick λ = 1.411434+0.147491i overlap = 1.0005 best unpicked = 0.0240
[dense frozen index, k0=20] it  3 k0 = 5.892561 n = 1104 pick λ = 1.392544+0.266774i overlap = 1.0017 best unpicked = 0.0442
[dense frozen index, k0=20] it  4 k0 = 3.538987 n = 1104 pick λ = 1.337497+0.449636i overlap = 1.0033 best unpicked = 0.0809
[dense frozen index, k0=20] it  5 k0 = 1.172295 n = 1104 pick λ = 0.169982+2.692028i overlap = 0.0007 best unpicked = 0.8791
[dense frozen index, k0=20] it  6 k0 = 1.197366 n = 1104 pick λ = 0.177087+2.749479i overlap = 1.0000 best unpicked = 0.0017
[dense frozen index, k0=20] it  7 k0 = 1.210839 n = 1104 pick λ = 0.180964+2.780347i overlap = 1.0000 best unpicked = 0.0009
[dense frozen index, k0=20] it  8 k0 = 1.218030 n = 1104 pick λ = 0.183051+2.796823i overlap = 1.0000 best unpicked = 0.0005
[dense frozen index, k0=20] it  9 k0 = 1.221855 n = 1104 pick λ = 0.184166+2.805585i overlap = 1.0000 best unpicked = 0.0003
[dense frozen index, k0=20] it 10 k0 = 1.223885 n = 1104 pick λ = 0.184759+2.810236i overlap = 1.0000 best unpicked = 0.0001
[dense frozen index, k0=20] it 11 k0 = 1.224962 n = 1104 pick λ = 0.185074+2.812703i overlap = 1.0000 best unpicked = 0.0001
[dense frozen index, k0=20] it 12 k0 = 1.225532 n = 1104 pick λ = 0.185241+2.814010i overlap = 1.0000 best unpicked = 0.0000
[dense frozen index, k0=20] it 13 k0 = 1.225835 n = 1104 pick λ = 0.185329+2.814703i overlap = 1.0000 best unpicked = 0.0000
[dense frozen index, k0=20] it 14 k0 = 1.225995 n = 1104 pick λ = 0.185376+2.815070i overlap = 1.0000 best unpicked = 0.0000
[dense frozen index, k0=20] it 15 k0 = 1.226080 n = 1104 pick λ = 0.185401+2.815264i overlap = 1.0000 best unpicked = 0.0000
[dense frozen index, k0=20] it 16 k0 = 1.226125 n = 1104 pick λ = 0.185414+2.815367i overlap = 1.0000 best unpicked = 0.0000
[dense frozen index, k0=20] it 17 k0 = 1.226148 n = 1104 pick λ = 0.185421+2.815422i overlap = 1.0000 best unpicked = 0.0000
[dense frozen index, k0=20] it 18 k0 = 1.226161 n = 1104 pick λ = 0.185425+2.815451i overlap = 1.0000 best unpicked = 0.0000
[dense frozen index, k0=20] it 19 k0 = 1.226168 n = 1104 pick λ = 0.185427+2.815466i overlap = 1.0000 best unpicked = 0.0000
[dense frozen index, k0=20] it 20 k0 = 1.226171 n = 1104 pick λ = 0.185428+2.815474i overlap = 1.0000 best unpicked = 0.0000
frozen: MaxIterations { last_k: Complex { re: 1.2261731982965933, im: 1.1480735821695596 }, iterations: 20 } after 1435.846338042s
[dense frozen index, k0=20 (report)] it  1 k0 = 20.000000 n = 1104 pick idx 368 λ = 1.417260+0.078003i k = 1.190937+0.032749i Q = 18.1831 (seed)
[dense frozen index, k0=20 (report)] it  2 k0 = 10.595469 n = 1104 pick idx 368 λ = 1.411434+0.147491i k = 1.189654+0.061989i Q = 9.5957 new = 1.0005 legacy = 1.6727 | next: idx 386 λ = 6.358395+0.450784i new = 0.0240 legacy = 0.0491; idx 369 λ = 1.412310+0.147768i new = 0.0179 legacy = 0.0469 | legacy argmax: idx 368 legacy = 1.6727 (the pick)
[dense frozen index, k0=20 (report)] it  3 k0 = 5.892561 n = 1104 pick idx 368 λ = 1.392544+0.266774i k = 1.185413+0.112524i Q = 5.2674 new = 1.0017 legacy = 1.2662 | next: idx 619 λ = 6.305926+0.844975i new = 0.0442 legacy = 0.2163; idx 857 λ = 20.248786+30.362947i new = 0.0352 legacy = 0.0439 | legacy argmax: idx 368 legacy = 1.2662 (the pick)
[dense frozen index, k0=20 (report)] it  4 k0 = 3.538987 n = 1104 pick idx 368 λ = 1.337497+0.449636i k = 1.172295+0.191776i Q = 3.0564 new = 1.0033 legacy = 2.4878 | next: idx 776 λ = 6.058539+1.550207i new = 0.0809 legacy = 0.0825; idx 813 λ = 13.022499+3.092583i new = 0.0686 legacy = 0.1652 | legacy argmax: idx 368 legacy = 2.4878 (the pick)
[dense frozen index, k0=20 (report)] it  5 k0 = 1.172295 n = 1104 pick idx 368 λ = 0.169982+2.692028i k = 1.197366+1.124146i Q = 0.5326 new = 0.0007 legacy = 0.0021 | next: idx 767 λ = 0.531113+0.833302i new = 0.8791 legacy = 2.1681; idx 776 λ = 3.717350+1.093503i new = 0.3762 legacy = 0.9706 | legacy argmax: idx 767 legacy = 2.1681 (NOT the pick)
[dense frozen index, k0=20 (report)] it  6 k0 = 1.197366 n = 1104 pick idx 368 λ = 0.177087+2.749479i k = 1.210839+1.135361i Q = 0.5332 new = 1.0000 legacy = 1.1565 | next: idx 753 λ = 0.474827+2.669060i new = 0.0017 legacy = 0.0051; idx 743 λ = 0.381777+3.054931i new = 0.0015 legacy = 0.0120 | legacy argmax: idx 368 legacy = 1.1565 (the pick)
[dense frozen index, k0=20 (report)] it  7 k0 = 1.210839 n = 1104 pick idx 368 λ = 0.180964+2.780347i k = 1.218030+1.141330i Q = 0.5336 new = 1.0000 legacy = 2.3783 | next: idx 746 λ = 0.396136+3.046887i new = 0.0009 legacy = 0.0150; idx 753 λ = 0.485870+2.698530i new = 0.0009 legacy = 0.0009 | legacy argmax: idx 368 legacy = 2.3783 (the pick)
[dense frozen index, k0=20 (report)] it  8 k0 = 1.218030 n = 1104 pick idx 368 λ = 0.183051+2.796823i k = 1.221855+1.144499i Q = 0.5338 new = 1.0000 legacy = 2.6238 | next: idx 746 λ = 0.400980+3.064499i new = 0.0005 legacy = 0.0012; idx 753 λ = 0.491819+2.714250i new = 0.0005 legacy = 0.0025 | legacy argmax: idx 368 legacy = 2.6238 (the pick)
[dense frozen index, k0=20 (report)] it  9 k0 = 1.221855 n = 1104 pick idx 368 λ = 0.184166+2.805585i k = 1.223885+1.146180i Q = 0.5339 new = 1.0000 legacy = 1.1588 | next: idx 746 λ = 0.403589+3.073839i new = 0.0003 legacy = 0.0003; idx 753 λ = 0.494998+2.722608i new = 0.0002 legacy = 0.0014 | legacy argmax: idx 368 legacy = 1.1588 (the pick)
[dense frozen index, k0=20 (report)] it 10 k0 = 1.223885 n = 1104 pick idx 368 λ = 0.184759+2.810236i k = 1.224962+1.147071i Q = 0.5340 new = 1.0000 legacy = 1.0813 | next: idx 746 λ = 0.404985+3.078790i new = 0.0001 legacy = 0.0003; idx 753 λ = 0.496691+2.727044i new = 0.0001 legacy = 0.0003 | legacy argmax: idx 368 legacy = 1.0813 (the pick)
[dense frozen index, k0=20 (report)] it 11 k0 = 1.224962 n = 1104 pick idx 368 λ = 0.185074+2.812703i k = 1.225532+1.147543i Q = 0.5340 new = 1.0000 legacy = 1.2543 | next: idx 746 λ = 0.405730+3.081413i new = 0.0001 legacy = 0.0003; idx 753 λ = 0.497589+2.729397i new = 0.0001 legacy = 0.0001 | legacy argmax: idx 368 legacy = 1.2543 (the pick)
[dense frozen index, k0=20 (report)] it 12 k0 = 1.225532 n = 1104 pick idx 368 λ = 0.185241+2.814010i k = 1.225835+1.147793i Q = 0.5340 new = 1.0000 legacy = 2.6643 | next: idx 746 λ = 0.406125+3.082803i new = 0.0000 legacy = 0.0001; idx 753 λ = 0.498066+2.730643i new = 0.0000 legacy = 0.0001 | legacy argmax: idx 368 legacy = 2.6643 (the pick)
[dense frozen index, k0=20 (report)] it 13 k0 = 1.225835 n = 1104 pick idx 368 λ = 0.185329+2.814703i k = 1.225995+1.147926i Q = 0.5340 new = 1.0000 legacy = 2.5997 | next: idx 746 λ = 0.406335+3.083540i new = 0.0000 legacy = 0.0001; idx 753 λ = 0.498319+2.731304i new = 0.0000 legacy = 0.0000 | legacy argmax: idx 368 legacy = 2.5997 (the pick)
[dense frozen index, k0=20 (report)] it 14 k0 = 1.225995 n = 1104 pick idx 368 λ = 0.185376+2.815070i k = 1.226080+1.147996i Q = 0.5340 new = 1.0000 legacy = 2.2896 | next: idx 746 λ = 0.406447+3.083930i new = 0.0000 legacy = 0.0000; idx 753 λ = 0.498452+2.731654i new = 0.0000 legacy = 0.0000 | legacy argmax: idx 368 legacy = 2.2896 (the pick)
[dense frozen index, k0=20 (report)] it 15 k0 = 1.226080 n = 1104 pick idx 368 λ = 0.185401+2.815264i k = 1.226125+1.148033i Q = 0.5340 new = 1.0000 legacy = 1.9367 | next: idx 746 λ = 0.406506+3.084137i new = 0.0000 legacy = 0.0000; idx 753 λ = 0.498523+2.731839i new = 0.0000 legacy = 0.0000 | legacy argmax: idx 368 legacy = 1.9367 (the pick)
[dense frozen index, k0=20 (report)] it 16 k0 = 1.226125 n = 1104 pick idx 368 λ = 0.185414+2.815367i k = 1.226148+1.148053i Q = 0.5340 new = 1.0000 legacy = 1.6446 | next: idx 746 λ = 0.406537+3.084246i new = 0.0000 legacy = 0.0000; idx 753 λ = 0.498561+2.731937i new = 0.0000 legacy = 0.0000 | legacy argmax: idx 368 legacy = 1.6446 (the pick)
[dense frozen index, k0=20 (report)] it 17 k0 = 1.226148 n = 1104 pick idx 368 λ = 0.185421+2.815422i k = 1.226161+1.148064i Q = 0.5340 new = 1.0000 legacy = 1.7799 | next: idx 746 λ = 0.406553+3.084304i new = 0.0000 legacy = 0.0000; idx 753 λ = 0.498581+2.731989i new = 0.0000 legacy = 0.0000 | legacy argmax: idx 368 legacy = 1.7799 (the pick)
[dense frozen index, k0=20 (report)] it 18 k0 = 1.226161 n = 1104 pick idx 368 λ = 0.185425+2.815451i k = 1.226168+1.148069i Q = 0.5340 new = 1.0000 legacy = 1.1875 | next: idx 746 λ = 0.406562+3.084335i new = 0.0000 legacy = 0.0000; idx 753 λ = 0.498591+2.732017i new = 0.0000 legacy = 0.0000 | legacy argmax: idx 368 legacy = 1.1875 (the pick)
[dense frozen index, k0=20 (report)] it 19 k0 = 1.226168 n = 1104 pick idx 368 λ = 0.185427+2.815466i k = 1.226171+1.148072i Q = 0.5340 new = 1.0000 legacy = 1.2365 | next: idx 746 λ = 0.406567+3.084351i new = 0.0000 legacy = 0.0000; idx 753 λ = 0.498597+2.732032i new = 0.0000 legacy = 0.0000 | legacy argmax: idx 368 legacy = 1.2365 (the pick)
[dense frozen index, k0=20 (report)] it 20 k0 = 1.226171 n = 1104 pick idx 368 λ = 0.185428+2.815474i k = 1.226173+1.148074i Q = 0.5340 new = 1.0000 legacy = 1.3964 | next: idx 746 λ = 0.406569+3.084360i new = 0.0000 legacy = 0.0000; idx 753 λ = 0.498600+2.732039i new = 0.0000 legacy = 0.0000 | legacy argmax: idx 368 legacy = 1.3964 (the pick)
[dense vector-tracked, k0=20] it  1 k0 = 20.000000 n = 1104 pick λ = 1.417260+0.078003i overlap = n/a best unpicked = n/a
[dense vector-tracked, k0=20] it  2 k0 = 10.595469 n = 1104 pick λ = 1.411434+0.147491i overlap = 1.0005 best unpicked = 0.0240
[dense vector-tracked, k0=20] it  3 k0 = 5.892561 n = 1104 pick λ = 1.392544+0.266774i overlap = 1.0017 best unpicked = 0.0442
[dense vector-tracked, k0=20] it  4 k0 = 3.538987 n = 1104 pick λ = 1.337497+0.449636i overlap = 1.0033 best unpicked = 0.0809
[dense vector-tracked, k0=20] it  5 k0 = 1.172295 n = 1104 pick λ = 0.531113+0.833302i overlap = 0.8791 best unpicked = 0.3762
[dense vector-tracked, k0=20] it  6 k0 = 0.871573 n = 1104 pick λ = 0.306996+0.697554i overlap = 1.0063 best unpicked = 0.1635
[dense vector-tracked, k0=20] it  7 k0 = 0.731135 n = 1104 pick λ = 0.218731+0.608332i overlap = 1.0003 best unpicked = 0.1025
[dense vector-tracked, k0=20] it  8 k0 = 0.657720 n = 1104 pick λ = 0.177899+0.556519i overlap = 0.9990 best unpicked = 0.0643
[dense vector-tracked, k0=20] it  9 k0 = 0.617317 n = 1104 pick λ = 0.157090+0.526688i overlap = 0.9994 best unpicked = 0.0385
[dense vector-tracked, k0=20] it 10 k0 = 0.594435 n = 1104 pick λ = 0.145842+0.509411i overlap = 0.9998 best unpicked = 0.0226
[dense vector-tracked, k0=20] it 11 k0 = 0.581257 n = 1104 pick λ = 0.139544+0.499342i overlap = 0.9999 best unpicked = 0.0132
[dense vector-tracked, k0=20] it 12 k0 = 0.573593 n = 1104 pick λ = 0.135941+0.493447i overlap = 1.0000 best unpicked = 0.0077
[dense vector-tracked, k0=20] it 13 k0 = 0.569109 n = 1104 pick λ = 0.133854+0.489985i overlap = 1.0000 best unpicked = 0.0045
[dense vector-tracked, k0=20] it 14 k0 = 0.566477 n = 1104 pick λ = 0.132636+0.487948i overlap = 1.0000 best unpicked = 0.0027
[dense vector-tracked, k0=20] it 15 k0 = 0.564929 n = 1104 pick λ = 0.131922+0.486749i overlap = 1.0000 best unpicked = 0.0016
[dense vector-tracked, k0=20] it 16 k0 = 0.564018 n = 1104 pick λ = 0.131503+0.486042i overlap = 1.0000 best unpicked = 0.0009
[dense vector-tracked, k0=20] it 17 k0 = 0.563480 n = 1104 pick λ = 0.131256+0.485625i overlap = 1.0000 best unpicked = 0.0005
[dense vector-tracked, k0=20] it 18 k0 = 0.563164 n = 1104 pick λ = 0.131110+0.485379i overlap = 1.0000 best unpicked = 0.0003
[dense vector-tracked, k0=20] it 19 k0 = 0.562977 n = 1104 pick λ = 0.131025+0.485234i overlap = 1.0000 best unpicked = 0.0002
[dense vector-tracked, k0=20] it 20 k0 = 0.562867 n = 1104 pick λ = 0.130974+0.485149i overlap = 1.0000 best unpicked = 0.0001
[dense vector-tracked, k0=20] it 21 k0 = 0.562802 n = 1104 pick λ = 0.130944+0.485098i overlap = 1.0000 best unpicked = 0.0001
[dense vector-tracked, k0=20] it 22 k0 = 0.562763 n = 1104 pick λ = 0.130927+0.485069i overlap = 1.0000 best unpicked = 0.0000
[dense vector-tracked, k0=20] it 23 k0 = 0.562741 n = 1104 pick λ = 0.130916+0.485051i overlap = 1.0000 best unpicked = 0.0000
[dense vector-tracked, k0=20] it 24 k0 = 0.562727 n = 1104 pick λ = 0.130910+0.485041i overlap = 1.0000 best unpicked = 0.0000
[dense vector-tracked, k0=20] it 25 k0 = 0.562719 n = 1104 pick λ = 0.130907+0.485035i overlap = 1.0000 best unpicked = 0.0000
[dense vector-tracked, k0=20] it 26 k0 = 0.562715 n = 1104 pick λ = 0.130904+0.485031i overlap = 1.0000 best unpicked = 0.0000
[dense vector-tracked, k0=20] it 27 k0 = 0.562712 n = 1104 pick λ = 0.130903+0.485029i overlap = 1.0000 best unpicked = 0.0000
[dense vector-tracked, k0=20] it 28 k0 = 0.562710 n = 1104 pick λ = 0.130902+0.485028i overlap = 1.0000 best unpicked = 0.0000
tracked: Converged { k: Complex { re: 0.5627095163378618, im: 0.4309751814196383 }, q: 0.6528328551127802, iterations: 28 } after 3842.499555709s
[dense vector-tracked, k0=20 (report)] it  1 k0 = 20.000000 n = 1104 pick idx 368 λ = 1.417260+0.078003i k = 1.190937+0.032749i Q = 18.1831 (seed)
[dense vector-tracked, k0=20 (report)] it  2 k0 = 10.595469 n = 1104 pick idx 368 λ = 1.411434+0.147491i k = 1.189654+0.061989i Q = 9.5957 new = 1.0005 legacy = 1.6727 | next: idx 386 λ = 6.358395+0.450784i new = 0.0240 legacy = 0.0491; idx 369 λ = 1.412310+0.147768i new = 0.0179 legacy = 0.0469 | legacy argmax: idx 368 legacy = 1.6727 (the pick)
[dense vector-tracked, k0=20 (report)] it  3 k0 = 5.892561 n = 1104 pick idx 368 λ = 1.392544+0.266774i k = 1.185413+0.112524i Q = 5.2674 new = 1.0017 legacy = 1.2662 | next: idx 619 λ = 6.305926+0.844975i new = 0.0442 legacy = 0.2163; idx 857 λ = 20.248786+30.362947i new = 0.0352 legacy = 0.0439 | legacy argmax: idx 368 legacy = 1.2662 (the pick)
[dense vector-tracked, k0=20 (report)] it  4 k0 = 3.538987 n = 1104 pick idx 368 λ = 1.337497+0.449636i k = 1.172295+0.191776i Q = 3.0564 new = 1.0033 legacy = 2.4878 | next: idx 776 λ = 6.058539+1.550207i new = 0.0809 legacy = 0.0825; idx 813 λ = 13.022499+3.092583i new = 0.0686 legacy = 0.1652 | legacy argmax: idx 368 legacy = 2.4878 (the pick)
[dense vector-tracked, k0=20 (report)] it  5 k0 = 1.172295 n = 1104 pick idx 767 λ = 0.531113+0.833302i k = 0.871573+0.478045i Q = 0.9116 new = 0.8791 legacy = 2.1681 | next: idx 776 λ = 3.717350+1.093503i new = 0.3762 legacy = 0.9706; idx 766 λ = 0.530862+0.833407i new = 0.3138 legacy = 1.7664 | legacy argmax: idx 767 legacy = 2.1681 (the pick)
[dense vector-tracked, k0=20 (report)] it  6 k0 = 0.871573 n = 1104 pick idx 767 λ = 0.306996+0.697554i k = 0.731135+0.477035i Q = 0.7663 new = 1.0063 legacy = 1.4334 | next: idx 766 λ = 0.306863+0.697554i new = 0.1635 legacy = 0.2320; idx 776 λ = 3.650252+0.774418i new = 0.0751 legacy = 0.6778 | legacy argmax: idx 767 legacy = 1.4334 (the pick)
[dense vector-tracked, k0=20 (report)] it  7 k0 = 0.731135 n = 1104 pick idx 767 λ = 0.218731+0.608332i k = 0.657720+0.462455i Q = 0.7111 new = 1.0003 legacy = 1.7332 | next: idx 766 λ = 0.218646+0.608310i new = 0.1025 legacy = 0.2364; idx 776 λ = 3.632823+0.637951i new = 0.0319 legacy = 0.0457 | legacy argmax: idx 767 legacy = 1.7332 (the pick)
[dense vector-tracked, k0=20 (report)] it  8 k0 = 0.657720 n = 1104 pick idx 767 λ = 0.177899+0.556519i k = 0.617317+0.450756i Q = 0.6848 new = 0.9990 legacy = 1.3939 | next: idx 766 λ = 0.177835+0.556491i new = 0.0643 legacy = 0.0800; idx 776 λ = 3.625965+0.569219i new = 0.0157 legacy = 0.0193 | legacy argmax: idx 767 legacy = 1.3939 (the pick)
[dense vector-tracked, k0=20 (report)] it  9 k0 = 0.617317 n = 1104 pick idx 767 λ = 0.157090+0.526688i k = 0.594435+0.443016i Q = 0.6709 new = 0.9994 legacy = 2.8647 | next: idx 766 λ = 0.157036+0.526657i new = 0.0385 legacy = 0.0502; idx 778 λ = 3.636275+0.537573i new = 0.0086 legacy = 0.0099 | legacy argmax: idx 767 legacy = 2.8647 (the pick)
[dense vector-tracked, k0=20 (report)] it 10 k0 = 0.594435 n = 1104 pick idx 767 λ = 0.145842+0.509411i k = 0.581257+0.438198i Q = 0.6632 new = 0.9998 legacy = 4.0167 | next: idx 766 λ = 0.145793+0.509379i new = 0.0226 legacy = 0.0942; idx 778 λ = 3.634635+0.516505i new = 0.0050 legacy = 0.0126 | legacy argmax: idx 767 legacy = 4.0167 (the pick)
[dense vector-tracked, k0=20 (report)] it 11 k0 = 0.581257 n = 1104 pick idx 767 λ = 0.139544+0.499342i k = 0.573593+0.435276i Q = 0.6589 new = 0.9999 legacy = 2.6265 | next: idx 766 λ = 0.139498+0.499309i new = 0.0132 legacy = 0.0230; idx 778 λ = 3.633737+0.504432i new = 0.0029 legacy = 0.0052 | legacy argmax: idx 767 legacy = 2.6265 (the pick)
[dense vector-tracked, k0=20 (report)] it 12 k0 = 0.573593 n = 1104 pick idx 767 λ = 0.135941+0.493447i k = 0.569109+0.433525i Q = 0.6564 new = 1.0000 legacy = 2.7877 | next: idx 766 λ = 0.135897+0.493414i new = 0.0077 legacy = 0.0250; idx 778 λ = 3.633230+0.497431i new = 0.0017 legacy = 0.0028 | legacy argmax: idx 767 legacy = 2.7877 (the pick)
[dense vector-tracked, k0=20 (report)] it 13 k0 = 0.569109 n = 1104 pick idx 767 λ = 0.133854+0.489985i k = 0.566477+0.432484i Q = 0.6549 new = 1.0000 legacy = 1.9597 | next: idx 766 λ = 0.133811+0.489952i new = 0.0045 legacy = 0.0112; idx 778 λ = 3.632938+0.493342i new = 0.0010 legacy = 0.0025 | legacy argmax: idx 767 legacy = 1.9597 (the pick)
[dense vector-tracked, k0=20 (report)] it 14 k0 = 0.566477 n = 1104 pick idx 767 λ = 0.132636+0.487948i k = 0.564929+0.431867i Q = 0.6541 new = 1.0000 legacy = 1.4156 | next: idx 766 λ = 0.132593+0.487915i new = 0.0027 legacy = 0.0032; idx 778 λ = 3.632768+0.490944i new = 0.0006 legacy = 0.0012 | legacy argmax: idx 767 legacy = 1.4156 (the pick)
[dense vector-tracked, k0=20 (report)] it 15 k0 = 0.564929 n = 1104 pick idx 767 λ = 0.131922+0.486749i k = 0.564018+0.431501i Q = 0.6536 new = 1.0000 legacy = 1.6392 | next: idx 766 λ = 0.131880+0.486716i new = 0.0016 legacy = 0.0019; idx 778 λ = 3.632669+0.489535i new = 0.0003 legacy = 0.0004 | legacy argmax: idx 767 legacy = 1.6392 (the pick)
[dense vector-tracked, k0=20 (report)] it 16 k0 = 0.564018 n = 1104 pick idx 767 λ = 0.131503+0.486042i k = 0.563480+0.431286i Q = 0.6533 new = 1.0000 legacy = 2.1834 | next: idx 766 λ = 0.131460+0.486009i new = 0.0009 legacy = 0.0019; idx 778 λ = 3.632611+0.488705i new = 0.0002 legacy = 0.0003 | legacy argmax: idx 767 legacy = 2.1834 (the pick)
[dense vector-tracked, k0=20 (report)] it 17 k0 = 0.563480 n = 1104 pick idx 767 λ = 0.131256+0.485625i k = 0.563164+0.431158i Q = 0.6531 new = 1.0000 legacy = 1.6535 | next: idx 766 λ = 0.131214+0.485592i new = 0.0005 legacy = 0.0012; idx 778 λ = 3.632577+0.488216i new = 0.0001 legacy = 0.0002 | legacy argmax: idx 767 legacy = 1.6535 (the pick)
[dense vector-tracked, k0=20 (report)] it 18 k0 = 0.563164 n = 1104 pick idx 767 λ = 0.131110+0.485379i k = 0.562977+0.431083i Q = 0.6530 new = 1.0000 legacy = 1.0450 | next: idx 766 λ = 0.131068+0.485346i new = 0.0003 legacy = 0.0006; idx 778 λ = 3.632557+0.487928i new = 0.0001 legacy = 0.0002 | legacy argmax: idx 767 legacy = 1.0450 (the pick)
[dense vector-tracked, k0=20 (report)] it 19 k0 = 0.562977 n = 1104 pick idx 767 λ = 0.131025+0.485234i k = 0.562867+0.431039i Q = 0.6529 new = 1.0000 legacy = 1.3933 | next: idx 766 λ = 0.130982+0.485201i new = 0.0002 legacy = 0.0002; idx 778 λ = 3.632545+0.487758i new = 0.0000 legacy = 0.0000 | legacy argmax: idx 767 legacy = 1.3933 (the pick)
[dense vector-tracked, k0=20 (report)] it 20 k0 = 0.562867 n = 1104 pick idx 767 λ = 0.130974+0.485149i k = 0.562802+0.431012i Q = 0.6529 new = 1.0000 legacy = 1.5924 | next: idx 766 λ = 0.130932+0.485116i new = 0.0001 legacy = 0.0003; idx 778 λ = 3.632538+0.487657i new = 0.0000 legacy = 0.0000 | legacy argmax: idx 767 legacy = 1.5924 (the pick)
[dense vector-tracked, k0=20 (report)] it 21 k0 = 0.562802 n = 1104 pick idx 767 λ = 0.130944+0.485098i k = 0.562763+0.430997i Q = 0.6529 new = 1.0000 legacy = 1.2128 | next: idx 766 λ = 0.130902+0.485065i new = 0.0001 legacy = 0.0001; idx 778 λ = 3.632534+0.487598i new = 0.0000 legacy = 0.0000 | legacy argmax: idx 767 legacy = 1.2128 (the pick)
[dense vector-tracked, k0=20 (report)] it 22 k0 = 0.562763 n = 1104 pick idx 767 λ = 0.130927+0.485069i k = 0.562741+0.430988i Q = 0.6528 new = 1.0000 legacy = 1.3314 | next: idx 766 λ = 0.130884+0.485035i new = 0.0000 legacy = 0.0001; idx 778 λ = 3.632531+0.487563i new = 0.0000 legacy = 0.0000 | legacy argmax: idx 767 legacy = 1.3314 (the pick)
[dense vector-tracked, k0=20 (report)] it 23 k0 = 0.562741 n = 1104 pick idx 767 λ = 0.130916+0.485051i k = 0.562727+0.430982i Q = 0.6528 new = 1.0000 legacy = 1.2914 | next: idx 766 λ = 0.130874+0.485018i new = 0.0000 legacy = 0.0000; idx 778 λ = 3.632530+0.487543i new = 0.0000 legacy = 0.0000 | legacy argmax: idx 767 legacy = 1.2914 (the pick)
[dense vector-tracked, k0=20 (report)] it 24 k0 = 0.562727 n = 1104 pick idx 767 λ = 0.130910+0.485041i k = 0.562719+0.430979i Q = 0.6528 new = 1.0000 legacy = 3.5436 | next: idx 766 λ = 0.130868+0.485008i new = 0.0000 legacy = 0.0001; idx 778 λ = 3.632529+0.487531i new = 0.0000 legacy = 0.0000 | legacy argmax: idx 767 legacy = 3.5436 (the pick)
[dense vector-tracked, k0=20 (report)] it 25 k0 = 0.562719 n = 1104 pick idx 767 λ = 0.130907+0.485035i k = 0.562715+0.430977i Q = 0.6528 new = 1.0000 legacy = 5.9840 | next: idx 766 λ = 0.130864+0.485001i new = 0.0000 legacy = 0.0000; idx 778 λ = 3.632528+0.487523i new = 0.0000 legacy = 0.0000 | legacy argmax: idx 767 legacy = 5.9840 (the pick)
[dense vector-tracked, k0=20 (report)] it 26 k0 = 0.562715 n = 1104 pick idx 767 λ = 0.130904+0.485031i k = 0.562712+0.430976i Q = 0.6528 new = 1.0000 legacy = 1.7879 | next: idx 766 λ = 0.130862+0.484998i new = 0.0000 legacy = 0.0000; idx 778 λ = 3.632528+0.487519i new = 0.0000 legacy = 0.0000 | legacy argmax: idx 767 legacy = 1.7879 (the pick)
[dense vector-tracked, k0=20 (report)] it 27 k0 = 0.562712 n = 1104 pick idx 767 λ = 0.130903+0.485029i k = 0.562710+0.430976i Q = 0.6528 new = 1.0000 legacy = 5.1151 | next: idx 766 λ = 0.130861+0.484996i new = 0.0000 legacy = 0.0000; idx 778 λ = 3.632528+0.487517i new = 0.0000 legacy = 0.0000 | legacy argmax: idx 767 legacy = 5.1151 (the pick)
[dense vector-tracked, k0=20 (report)] it 28 k0 = 0.562710 n = 1104 pick idx 767 λ = 0.130902+0.485028i k = 0.562710+0.430975i Q = 0.6528 new = 1.0000 legacy = 5.7937 | next: idx 766 λ = 0.130860+0.484994i new = 0.0000 legacy = 0.0000; idx 778 λ = 3.632528+0.487515i new = 0.0000 legacy = 0.0000 | legacy argmax: idx 767 legacy = 5.7937 (the pick)
tracked k = 0.562710+0.430975i (Q = 0.6528), 0.88 % from k* = 0.557836+0.427141i; min overlap 0.8791
frozen k = 1.226173+1.148074i (Q = 0.5340); changes eigenvector at iterations [5]
ok
test vector_tracked_converges_on_lowest_mode ... vector-tracked: n_eigs=736, first physical idx=368
lowest-mode: MaxIterations { last_k: Complex { re: 1.22612214288618, im: 1.1480313470421648 }, iterations: 15 } after 829.890809917s
[dense vector-tracked, k0=1] it  1 k0 = 1.000000 n = 736 pick idx 368 λ = 0.125079+2.297035i k = 1.101253+1.042919i Q = 0.5280 (seed)
[dense vector-tracked, k0=1] it  2 k0 = 1.050627 n = 736 pick idx 368 λ = 0.137562+2.413129i k = 1.130179+1.067587i Q = 0.5293 new = 1.0000 legacy = 3.0740 | next: idx 716 λ = 0.216515+2.472140i new = 0.0032 legacy = 0.0070; idx 506 λ = 0.185735+2.558313i new = 0.0019 legacy = 0.0092 | legacy argmax: idx 368 legacy = 3.0740 (the pick)
[dense vector-tracked, k0=1] it  3 k0 = 1.090403 n = 736 pick idx 368 λ = 0.147785+2.504325i k = 1.152490+1.086484i Q = 0.5304 new = 1.0000 legacy = 2.0794 | next: idx 714 λ = 0.231951+2.565401i new = 0.0025 legacy = 0.0039; idx 499 λ = 0.199360+2.654355i new = 0.0015 legacy = 0.0032 | legacy argmax: idx 368 legacy = 2.0794 (the pick)
[dense vector-tracked, k0=1] it  4 k0 = 1.121446 n = 736 pick idx 368 λ = 0.156018+2.575489i k = 1.169664+1.100952i Q = 0.5312 new = 1.0000 legacy = 1.4648 | next: idx 714 λ = 0.244292+2.638230i new = 0.0019 legacy = 0.0026; idx 497 λ = 0.210319+2.729248i new = 0.0012 legacy = 0.0016 | legacy argmax: idx 368 legacy = 1.4648 (the pick)
[dense vector-tracked, k0=1] it  5 k0 = 1.169664 n = 736 pick idx 368 λ = 0.169245+2.686000i k = 1.195946+1.122961i Q = 0.5325 new = 1.0000 legacy = 2.5159 | next: idx 711 λ = 0.263966+2.751442i new = 0.0030 legacy = 0.0034; idx 488 λ = 0.227910+2.845455i new = 0.0019 legacy = 0.0023 | legacy argmax: idx 368 legacy = 2.5159 (the pick)
[dense vector-tracked, k0=1] it  6 k0 = 1.195946 n = 736 pick idx 368 λ = 0.176680+2.746223i k = 1.210079+1.134729i Q = 0.5332 new = 1.0000 legacy = 2.9824 | next: idx 711 λ = 0.274947+2.813204i new = 0.0016 legacy = 0.0039; idx 485 λ = 0.237788+2.908732i new = 0.0010 legacy = 0.0024 | legacy argmax: idx 368 legacy = 2.9824 (the pick)
[dense vector-tracked, k0=1] it  7 k0 = 1.210079 n = 736 pick idx 368 λ = 0.180744+2.778606i k = 1.217625+1.140994i Q = 0.5336 new = 1.0000 legacy = 1.6590 | next: idx 712 λ = 0.280927+2.846435i new = 0.0009 legacy = 0.0014; idx 484 λ = 0.243185+2.942742i new = 0.0006 legacy = 0.0007 | legacy argmax: idx 368 legacy = 1.6590 (the pick)
[dense vector-tracked, k0=1] it  8 k0 = 1.217625 n = 736 pick idx 368 λ = 0.182933+2.795895i k = 1.221640+1.144321i Q = 0.5338 new = 1.0000 legacy = 1.3930 | next: idx 711 λ = 0.284142+2.864184i new = 0.0005 legacy = 0.0007; idx 483 λ = 0.246092+2.960895i new = 0.0003 legacy = 0.0004 | legacy argmax: idx 368 legacy = 1.3930 (the pick)
[dense vector-tracked, k0=1] it  9 k0 = 1.221640 n = 736 pick idx 368 λ = 0.184103+2.805092i k = 1.223771+1.146086i Q = 0.5339 new = 1.0000 legacy = 1.0832 | next: idx 711 λ = 0.285858+2.873627i new = 0.0002 legacy = 0.0004; idx 483 λ = 0.247644+2.970551i new = 0.0002 legacy = 0.0002 | legacy argmax: idx 368 legacy = 1.0832 (the pick)
[dense vector-tracked, k0=1] it 10 k0 = 1.223771 n = 736 pick idx 368 λ = 0.184725+2.809975i k = 1.224901+1.147021i Q = 0.5339 new = 1.0000 legacy = 1.5707 | next: idx 711 λ = 0.286771+2.878640i new = 0.0001 legacy = 0.0002; idx 483 λ = 0.248471+2.975676i new = 0.0001 legacy = 0.0006 | legacy argmax: idx 368 legacy = 1.5707 (the pick)
[dense vector-tracked, k0=1] it 11 k0 = 1.224901 n = 736 pick idx 368 λ = 0.185056+2.812564i k = 1.225500+1.147517i Q = 0.5340 new = 1.0000 legacy = 1.9670 | next: idx 711 λ = 0.287255+2.881300i new = 0.0001 legacy = 0.0001; idx 483 λ = 0.248910+2.978395i new = 0.0000 legacy = 0.0001 | legacy argmax: idx 368 legacy = 1.9670 (the pick)
[dense vector-tracked, k0=1] it 12 k0 = 1.225500 n = 736 pick idx 368 λ = 0.185231+2.813937i k = 1.225818+1.147779i Q = 0.5340 new = 1.0000 legacy = 1.6929 | next: idx 711 λ = 0.287512+2.882709i new = 0.0000 legacy = 0.0001; idx 483 λ = 0.249142+2.979835i new = 0.0000 legacy = 0.0001 | legacy argmax: idx 368 legacy = 1.6929 (the pick)
[dense vector-tracked, k0=1] it 13 k0 = 1.225818 n = 736 pick idx 368 λ = 0.185324+2.814664i k = 1.225986+1.147919i Q = 0.5340 new = 1.0000 legacy = 1.5623 | next: idx 711 λ = 0.287648+2.883456i new = 0.0000 legacy = 0.0000; idx 483 λ = 0.249266+2.980599i new = 0.0000 legacy = 0.0000 | legacy argmax: idx 368 legacy = 1.5623 (the pick)
[dense vector-tracked, k0=1] it 14 k0 = 1.225986 n = 736 pick idx 368 λ = 0.185373+2.815049i k = 1.226075+1.147992i Q = 0.5340 new = 1.0000 legacy = 1.2650 | next: idx 711 λ = 0.287721+2.883852i new = 0.0000 legacy = 0.0000; idx 483 λ = 0.249331+2.981003i new = 0.0000 legacy = 0.0000 | legacy argmax: idx 368 legacy = 1.2650 (the pick)
[dense vector-tracked, k0=1] it 15 k0 = 1.226075 n = 736 pick idx 368 λ = 0.185400+2.815253i k = 1.226122+1.148031i Q = 0.5340 new = 1.0000 legacy = 1.3109 | next: idx 711 λ = 0.287759+2.884061i new = 0.0000 legacy = 0.0000; idx 483 λ = 0.249366+2.981217i new = 0.0000 legacy = 0.0000 | legacy argmax: idx 368 legacy = 1.3109 (the pick)
[dense vector-tracked, k0=1 (trace)] it  1 k0 = 1.000000 n = 736 pick λ = 0.125079+2.297035i overlap = n/a best unpicked = n/a
[dense vector-tracked, k0=1 (trace)] it  2 k0 = 1.050627 n = 736 pick λ = 0.137562+2.413129i overlap = 1.0000 best unpicked = 0.0032
[dense vector-tracked, k0=1 (trace)] it  3 k0 = 1.090403 n = 736 pick λ = 0.147785+2.504325i overlap = 1.0000 best unpicked = 0.0025
[dense vector-tracked, k0=1 (trace)] it  4 k0 = 1.121446 n = 736 pick λ = 0.156018+2.575489i overlap = 1.0000 best unpicked = 0.0019
[dense vector-tracked, k0=1 (trace)] it  5 k0 = 1.169664 n = 736 pick λ = 0.169245+2.686000i overlap = 1.0000 best unpicked = 0.0030
[dense vector-tracked, k0=1 (trace)] it  6 k0 = 1.195946 n = 736 pick λ = 0.176680+2.746223i overlap = 1.0000 best unpicked = 0.0016
[dense vector-tracked, k0=1 (trace)] it  7 k0 = 1.210079 n = 736 pick λ = 0.180744+2.778606i overlap = 1.0000 best unpicked = 0.0009
[dense vector-tracked, k0=1 (trace)] it  8 k0 = 1.217625 n = 736 pick λ = 0.182933+2.795895i overlap = 1.0000 best unpicked = 0.0005
[dense vector-tracked, k0=1 (trace)] it  9 k0 = 1.221640 n = 736 pick λ = 0.184103+2.805092i overlap = 1.0000 best unpicked = 0.0002
[dense vector-tracked, k0=1 (trace)] it 10 k0 = 1.223771 n = 736 pick λ = 0.184725+2.809975i overlap = 1.0000 best unpicked = 0.0001
[dense vector-tracked, k0=1 (trace)] it 11 k0 = 1.224901 n = 736 pick λ = 0.185056+2.812564i overlap = 1.0000 best unpicked = 0.0001
[dense vector-tracked, k0=1 (trace)] it 12 k0 = 1.225500 n = 736 pick λ = 0.185231+2.813937i overlap = 1.0000 best unpicked = 0.0000
[dense vector-tracked, k0=1 (trace)] it 13 k0 = 1.225818 n = 736 pick λ = 0.185324+2.814664i overlap = 1.0000 best unpicked = 0.0000
[dense vector-tracked, k0=1 (trace)] it 14 k0 = 1.225986 n = 736 pick λ = 0.185373+2.815049i overlap = 1.0000 best unpicked = 0.0000
[dense vector-tracked, k0=1 (trace)] it 15 k0 = 1.226075 n = 736 pick λ = 0.185400+2.815253i overlap = 1.0000 best unpicked = 0.0000
lowest-mode: min overlap 1.0000
vector-tracked MaxIterations in 15 iters: k = 1.226122 + 1.148031e0i, Q = 0.5340
ok
test vector_tracked_handles_mode_death ... mode-death: ModeLost { last_k: Complex { re: 6.1456583574800945, im: 0.5248824697779967 }, iterations: 2, best_overlap: 0.1041515798529459 } after 182.000298333s
[dense vector-tracked, k0=25] it  1 k0 = 25.000000 n = 736 pick idx 735 λ = 37.493615+6.451497i k = 6.145658+0.524882i Q = 5.8543 (seed)
[dense vector-tracked, k0=25] it  2 k0 = 15.572829 n = 736 pick idx 700 λ = 33.126392+5.809028i k = 5.777467+0.502731i Q = 5.7461 new = 0.1042 legacy = 0.4825 | next: idx 649 λ = 31.328902+4.221981i new = 0.0915 legacy = 0.2094; idx 592 λ = 27.161032+23.104840i new = 0.0791 legacy = 0.1722 | legacy argmax: idx 675 legacy = 1.0322 (NOT the pick)
[dense vector-tracked, k0=25 (trace)] it  1 k0 = 25.000000 n = 736 pick λ = 37.493615+6.451497i overlap = n/a best unpicked = n/a
[dense vector-tracked, k0=25 (trace)] it  2 k0 = 15.572829 n = 736 pick λ = 33.126392+5.809028i overlap = 0.1042 best unpicked = 0.0915
mode-death: min overlap 0.1042
ModeLost at iter 2: last k = 6.1457 + 5.2488e-1i, best_overlap = 0.104 — expected clean signal
ok

test result: ok. 3 passed; 0 failed; 0 ignored; 0 measured; 7 filtered out; finished in 4942.45s

real 4943.34
user 18766.65
sys 24263.55
EXIT 0
