
running 1 test
test gpu_driven_scaling_benchmark ... # ---- gpu_driven_scaling TOML fragment (issue #501 / #520) ----
# matrix-free backend/dtype for this run: Cuda / f32
# configs: 1=Direct(faer LU, CPU f64)  2=Iterative(assembled COCG+Jacobi, CPU f64)  3=IterativeMatrixFree(Cuda f32)
# single-ω = 0.1; sweep ω = [0.05, 0.075, 0.1, 0.15, 0.2]
# iter tol: f64 configs = 1e-8, matrix-free (f32) = 1e-6; iter max = 20000
# knobs: sizes = [15, 20, 24, 30, 36, 40], reps = 1, configs = [direct=false, iterative=false, matrix_free=true], skip_e2e = true, skip_sweep = true

[[cell]]
size_n = 15
n_edges = 25695
n_interior = 24285
config = "3_matrix_free"
method = "burn_cocg"
device = "gpu"
dtype = "f32"
tol = 1e-6
converged = false
recursion_converged = true  # issue #744 drift: COCG recursion met tol, the explicit residual (residual_rel) did not; timed as a completed solve
flaky = false
reps = 1
solve_reps_ok = 1
e2e_reps_ok = 0
warmup_solve_s = 109.345790
solve_only_s = 106.752513
end_to_end_s = nan
iterations = 2989
residual_rel = 5.477e-3
accuracy_rel_l2_vs_direct = nan
port_v = [nan, nan]  # Re, Im of port-1 voltage (v_inc = 1)
sweep5_skipped = true

