
running 1 test
test gpu_driven_scaling_benchmark ... # ---- gpu_driven_scaling TOML fragment (issue #501 / #520) ----
# matrix-free backend/dtype for this run: ndarray / f64
# configs: 1=Direct(faer LU, CPU f64)  2=Iterative(assembled COCG+Jacobi, CPU f64)  3=IterativeMatrixFree(ndarray f64)
# single-ω = 0.1; sweep ω = [0.05, 0.075, 0.1, 0.15, 0.2]
# iter tol: f64 configs = 1e-8, matrix-free (f64) = 1e-8; iter max = 20000
# knobs: sizes = [20], reps = 0, configs = [direct=true, iterative=false, matrix_free=false], skip_e2e = true, skip_sweep = true, max_replacements = 0
# config 5=Iterative(assembled COCG+AMS, CPU f64, tol 1e-8); opt-in (issue #930)
# config 6=IterativeMatrixFree(ndarray f64) + host-side AMS, tol 1e-8; opt-in (issue #966)
# split_setup = true: every cell carries warmup_setup_s / warmup_krylov_s

[[cell]]
size_n = 20
n_edges = 59660
n_interior = 57180
config = "1_direct"
method = "faer_lu"
device = "cpu"
dtype = "f64"
tol = nan
converged = true
flaky = false
reps = 0
solve_reps_ok = 0
e2e_reps_ok = 0
warmup_solve_s = 49.030699
warmup_setup_s = 48.753399
warmup_krylov_s = 0.205290
solve_only_s = nan
end_to_end_s = nan
iterations = 0
residual_rel = 1.720e-12
accuracy_rel_l2_vs_direct = 0.000e0
port_v = [6.659966841e-1, 7.470749827e-3]  # Re, Im of port-1 voltage (v_inc = 1)
sweep5_skipped = true

[[cell]]
size_n = 20
n_edges = 59660
n_interior = 57180
config = "5_iterative_ams"
method = "cocg_ams"
device = "cpu"
dtype = "f64"
tol = 1e-8
converged = true
flaky = false
reps = 0
solve_reps_ok = 0
e2e_reps_ok = 0
warmup_solve_s = 1.422314
warmup_setup_s = 0.265339
warmup_krylov_s = 1.156877
solve_only_s = nan
end_to_end_s = nan
iterations = 49
residual_rel = 7.390e-9
accuracy_rel_l2_vs_direct = 1.106e-11
port_v = [6.659966841e-1, 7.470749827e-3]  # Re, Im of port-1 voltage (v_inc = 1)
sweep5_skipped = true

[[cell]]
size_n = 20
n_edges = 59660
n_interior = 57180
config = "6_matrix_free_ams"
method = "burn_cocg_ams"
device = "cpu"
dtype = "f64"
tol = 1e-8
converged = true
flaky = false
reps = 0
solve_reps_ok = 0
e2e_reps_ok = 0
warmup_solve_s = 3.591398
warmup_setup_s = 1.020406
warmup_krylov_s = 2.570882
solve_only_s = nan
end_to_end_s = nan
iterations = 49
residual_rel = 7.390e-9
accuracy_rel_l2_vs_direct = 1.134e-11
port_v = [6.659966841e-1, 7.470749826e-3]  # Re, Im of port-1 voltage (v_inc = 1)
sweep5_skipped = true

# ---- end fragment ----
ok

test result: ok. 1 passed; 0 failed; 0 ignored; 0 measured; 0 filtered out; finished in 54.76s

