   Compiling geode-core v0.8.0 (/home/ubuntu/geode-520/crates/geode-core)
   Compiling geode-util v0.8.0 (/home/ubuntu/geode-520/crates/geode-util)
    Finished `release` profile [optimized] target(s) in 5m 44s
     Running tests/gpu_driven_scaling.rs (target-cuda-notf32/release/deps/gpu_driven_scaling-519a7399fdf68d23)

running 1 test
# ---- gpu_driven_scaling TOML fragment (issue #501 / #520) ----
# matrix-free backend/dtype for this run: Cuda / f32
# configs: 1=Direct(faer LU, CPU f64)  2=Iterative(assembled COCG+Jacobi, CPU f64)  3=IterativeMatrixFree(Cuda f32)
# single-ω = 0.1; sweep ω = [0.05, 0.075, 0.1, 0.15, 0.2]
# iter tol: f64 configs = 1e-8, matrix-free (f32) = 1e-6; iter max = 5000
# knobs: sizes = [6, 9], reps = 1, configs = [direct=true, iterative=false, matrix_free=true], skip_e2e = true, skip_sweep = true

[size n=6] edges=1854 interior=1614 tets=1296 reps=1 (fixture 1.95 s)
[[cell]]
size_n = 6
n_edges = 1854
n_interior = 1614
config = "1_direct"
method = "faer_lu"
device = "cpu"
dtype = "f64"
tol = nan
converged = true
flaky = false
reps = 1
solve_reps_ok = 1
e2e_reps_ok = 0
warmup_solve_s = 0.116545
solve_only_s = 0.062733
end_to_end_s = nan
iterations = 0
residual_rel = 1.698e-13
accuracy_rel_l2_vs_direct = 0.000e0
port_v = [6.662279159e-1, 7.390767653e-3]  # Re, Im of port-1 voltage (v_inc = 1)
sweep5_skipped = true

  [n=6] warm-up: recursion converged in 782 iters, explicit residual 5.805e-4 > tol (issue #744 drift; timed as a completed solve)
[[cell]]
size_n = 6
n_edges = 1854
n_interior = 1614
config = "3_matrix_free"
method = "burn_cocg"
device = "gpu"
dtype = "f32"
tol = 1e-6
converged = false
recursion_converged = true  # issue #744 drift: COCG recursion met tol, the explicit residual (residual_rel) did not; timed as a completed solve
flaky = false
reps = 1
solve_reps_ok = 1
e2e_reps_ok = 0
warmup_solve_s = 7.702968
solve_only_s = 6.036698
end_to_end_s = nan
iterations = 782
residual_rel = 5.805e-4
accuracy_rel_l2_vs_direct = nan
port_v = [NaN, NaN]  # Re, Im of port-1 voltage (v_inc = 1)
sweep5_skipped = true

[size n=9] edges=5859 interior=5337 tets=4374 reps=1 (fixture 0.54 s)
[[cell]]
size_n = 9
n_edges = 5859
n_interior = 5337
config = "1_direct"
method = "faer_lu"
device = "cpu"
dtype = "f64"
tol = nan
converged = true
flaky = false
reps = 1
solve_reps_ok = 1
e2e_reps_ok = 0
warmup_solve_s = 0.422798
solve_only_s = 0.384902
end_to_end_s = nan
iterations = 0
residual_rel = 3.766e-13
accuracy_rel_l2_vs_direct = 0.000e0
port_v = [6.660995630e-1, 7.456494651e-3]  # Re, Im of port-1 voltage (v_inc = 1)
sweep5_skipped = true

  [n=9] warm-up: recursion converged in 1673 iters, explicit residual 2.232e-3 > tol (issue #744 drift; timed as a completed solve)
[[cell]]
size_n = 9
n_edges = 5859
n_interior = 5337
config = "3_matrix_free"
method = "burn_cocg"
device = "gpu"
dtype = "f32"
tol = 1e-6
converged = false
recursion_converged = true  # issue #744 drift: COCG recursion met tol, the explicit residual (residual_rel) did not; timed as a completed solve
flaky = false
reps = 1
solve_reps_ok = 1
e2e_reps_ok = 0
warmup_solve_s = 21.559470
solve_only_s = 19.458658
end_to_end_s = nan
iterations = 1673
residual_rel = 2.232e-3
accuracy_rel_l2_vs_direct = nan
port_v = [NaN, NaN]  # Re, Im of port-1 voltage (v_inc = 1)
sweep5_skipped = true

# ---- end fragment ----
test gpu_driven_scaling_benchmark ... ok

test result: ok. 1 passed; 0 failed; 0 ignored; 0 measured; 0 filtered out; finished in 58.23s

