
running 1 test
test diag956_threading ... diag956 site=complex n=30
diag956 loadavg_1min_process_start=55.45
diag956 rayon_num_threads=8
diag956 dofs=24389
diag956 solve_user_s=8.900
diag956 solve_sys_s=4.139
diag956 solve_wall_s=3.679
diag956 value[0] = 2.97441741738865275e1 5.94883483477736341e-1
diag956 value[1] = 5.96267818050725396e1 1.19253563610144542e0
diag956 value[2] = 5.96267818050726532e1 1.19253563610145608e0
diag956 value[3] = 5.98622553014324907e1 1.19724510602865419e0
diag956 value[4] = 8.98715561920849950e1 1.79743112384166692e0
diag956 value[5] = 8.98715561920859614e1 1.79743112384172221e0
diag956 value[6] = 9.02172147070237287e1 1.80434429414048525e0
diag956 value[7] = 1.10004376289226769e2 2.20008752578452338e0
diag956 value[8] = 1.10004376289459387e2 2.20008752580030764e0
diag956 value[9] = 1.10016834562732072e2 2.20033669125462650e0
diag956 value[10] = 1.20578827378917367e2 2.41157654757835616e0
diag956 value[11] = 1.40055009612043392e2 2.80110019224087559e0
diag956 value[12] = 1.40293249421057084e2 2.80586498842116105e0
diag956 value[13] = 1.41356098227027189e2 2.82712196454053988e0
diag956 value[14] = 1.41637396046188485e2 2.83274792092378513e0
diag956 value[15] = 1.71236666967055214e2 3.42473333934112123e0
diag956 value[16] = 1.73394332956950052e2 3.46788665913901095e0
diag956 value[17] = 1.81159148734756229e2 3.62318297469511430e0
diag956 value[18] = 1.81274455290001896e2 3.62548910580001360e0
diag956 value[19] = 1.92442694127417695e2 3.84885388254839844e0
diag956 loadavg_1min_process_end=61.38
ok

test result: ok. 1 passed; 0 failed; 0 ignored; 0 measured; 0 filtered out; finished in 21.14s

