
running 1 test
test diag956_threading ... diag956 site=complex n=30
diag956 loadavg_1min_process_start=27.48
diag956 rayon_num_threads=1
diag956 dofs=24389
diag956 solve_user_s=8.477
diag956 solve_sys_s=0.187
diag956 solve_wall_s=13.014
diag956 value[0] = 2.97441741738864138e1 5.94883483477728681e-1
diag956 value[1] = 5.96267818050729161e1 1.19253563610146540e0
diag956 value[2] = 5.96267818050732075e1 1.19253563610147384e0
diag956 value[3] = 5.98622553014324126e1 1.19724510602864487e0
diag956 value[4] = 8.98715561920857624e1 1.79743112384171688e0
diag956 value[5] = 8.98715561920861177e1 1.79743112384173553e0
diag956 value[6] = 9.02172147070238992e1 1.80434429414050412e0
diag956 value[7] = 1.10004376289227338e2 2.20008752578455891e0
diag956 value[8] = 1.10004376289634905e2 2.20008752581925471e0
diag956 value[9] = 1.10016834562731532e2 2.20033669125462561e0
diag956 value[10] = 1.20578827378916557e2 2.41157654757832240e0
diag956 value[11] = 1.40055009612043563e2 2.80110019224084583e0
diag956 value[12] = 1.40293249421056487e2 2.80586498842112997e0
diag956 value[13] = 1.41356098227026962e2 2.82712196454054032e0
diag956 value[14] = 1.41637396046188485e2 2.83274792092376693e0
diag956 value[15] = 1.71236666967054845e2 3.42473333934111279e0
diag956 value[16] = 1.73394332956950223e2 3.46788665913902605e0
diag956 value[17] = 1.81159148734756855e2 3.62318297469514539e0
diag956 value[18] = 1.81274455290002379e2 3.62548910580004868e0
diag956 value[19] = 1.92442694127404138e2 3.84885388254788952e0
diag956 loadavg_1min_process_end=37.41
ok

test result: ok. 1 passed; 0 failed; 0 ignored; 0 measured; 0 filtered out; finished in 40.53s

