
running 1 test
test diag956_threading ... diag956 site=complex n=30
diag956 loadavg_1min_process_start=35.10
diag956 rayon_num_threads=8
diag956 dofs=24389
diag956 solve_user_s=8.407
diag956 solve_sys_s=1.575
diag956 solve_wall_s=3.235
diag956 value[0] = 2.97441741738866554e1 5.94883483477742003e-1
diag956 value[1] = 5.96267818050726675e1 1.19253563610145363e0
diag956 value[2] = 5.96267818050728735e1 1.19253563610145386e0
diag956 value[3] = 5.98622553014323628e1 1.19724510602865042e0
diag956 value[4] = 8.98715561920851371e1 1.79743112384145309e0
diag956 value[5] = 8.98715561920858050e1 1.79743112384173309e0
diag956 value[6] = 9.02172147070236861e1 1.80434429414050346e0
diag956 value[7] = 1.10004376289226641e2 2.20008752578454514e0
diag956 value[8] = 1.10004376289338097e2 2.20008752579048084e0
diag956 value[9] = 1.10016834562731688e2 2.20033669125462605e0
diag956 value[10] = 1.20578827378917040e2 2.41157654757835394e0
diag956 value[11] = 1.40055009612043875e2 2.80110019224086448e0
diag956 value[12] = 1.40293249421056743e2 2.80586498842115706e0
diag956 value[13] = 1.41356098227026791e2 2.82712196454053366e0
diag956 value[14] = 1.41637396046188428e2 2.83274792092375627e0
diag956 value[15] = 1.71236666967054390e2 3.42473333934109192e0
diag956 value[16] = 1.73394332956949881e2 3.46788665913901628e0
diag956 value[17] = 1.81159148734757025e2 3.62318297469512229e0
diag956 value[18] = 1.81274455290002123e2 3.62548910579995010e0
diag956 value[19] = 1.92442694127281271e2 3.84885388254549943e0
diag956 loadavg_1min_process_end=30.26
ok

test result: ok. 1 passed; 0 failed; 0 ignored; 0 measured; 0 filtered out; finished in 20.10s

