
running 1 test
test diag956_threading ... diag956 site=transient n=16
diag956 loadavg_1min_process_start=46.24
diag956 rayon_num_threads=1
diag956 interior_edges=28656
diag956 factor_user_s=2.687
diag956 factor_sys_s=0.058
diag956 factor_wall_s=2.789
diag956 run_user_s=11.446
diag956 run_sys_s=0.076
diag956 run_wall_s=11.546
diag956 value[0] = 0.00000000000000000e0
diag956 value[1] = -4.19704812750048610e-5
diag956 value[2] = -8.71692956460394882e-5
diag956 value[3] = -1.24955924304022263e-4
diag956 value[4] = -1.66892509587661457e-4
diag956 value[5] = -1.96386400597538973e-4
diag956 value[6] = -2.24350630287055869e-4
diag956 value[7] = -2.38131812691594618e-4
diag956 value[8] = -2.40318203239137459e-4
diag956 value[9] = -2.25667475581452318e-4
diag956 value[10] = -1.89201462295772362e-4
diag956 value[11] = -1.27681335934515244e-4
diag956 value[12] = -3.41724693479427850e-5
diag956 value[13] = 1.00899460492242846e-4
diag956 value[14] = 2.82071651004132712e-4
diag956 value[15] = 5.22867577722532675e-4
diag956 value[16] = 8.17064390978504396e-4
diag956 value[17] = 1.16534340599840666e-3
diag956 value[18] = 1.55337251532351728e-3
diag956 value[19] = 1.98060984029553057e-3
diag956 value[20] = 2.45401236425331435e-3
diag956 value[21] = 2.97771136604346428e-3
diag956 value[22] = 3.55017478995203143e-3
diag956 value[23] = 4.14994811889273039e-3
diag956 value[24] = 4.76995402062869913e-3
diag956 value[25] = 5.40379875610680089e-3
diag956 value[26] = 6.04469239918186720e-3
diag956 value[27] = 6.66603539657007697e-3
diag956 value[28] = 7.24390297255382825e-3
diag956 value[29] = 7.76248410807326306e-3
diag956 value[30] = 8.19969971330059347e-3
diag956 value[31] = 8.51941741404867343e-3
diag956 value[32] = 8.68715042649853900e-3
diag956 value[33] = 8.67863119290791796e-3
diag956 value[34] = 8.45664293049037431e-3
diag956 value[35] = 7.97938050899094434e-3
diag956 value[36] = 7.21172728620562108e-3
diag956 value[37] = 6.12493818710565640e-3
diag956 value[38] = 4.67777444849014953e-3
diag956 value[39] = 2.83704110511544781e-3
diag956 value[40] = 5.82415857715031784e-4
diag956 value[41] = -2.10977088624177828e-3
diag956 value[42] = -5.25871213414136687e-3
diag956 value[43] = -8.86603543255471381e-3
diag956 value[44] = -1.29250430988126844e-2
diag956 value[45] = -1.74260249874450858e-2
diag956 value[46] = -2.23364616121047889e-2
diag956 value[47] = -2.76092918295109714e-2
diag956 value[48] = -3.31900285238259027e-2
diag956 value[49] = -3.90016703325063718e-2
diag956 value[50] = -4.49460048163062356e-2
diag956 value[51] = -5.09162744063124603e-2
diag956 value[52] = -5.67841973567007677e-2
diag956 value[53] = -6.23996657636282787e-2
diag956 value[54] = -6.76046114814991134e-2
diag956 value[55] = -7.22243993206320850e-2
diag956 value[56] = -7.60674217906990441e-2
diag956 value[57] = -7.89400800478151365e-2
diag956 value[58] = -8.06408796149036544e-2
diag956 value[59] = -8.09624294339277156e-2
diag956 value[60] = -7.97067317387925300e-2
diag956 value[61] = -7.66816904062718879e-2
diag956 value[62] = -7.17053024447935200e-2
diag956 value[63] = -6.46203985068200537e-2
diag956 value[64] = -5.52945731556623646e-2
diag956 value[65] = -4.36228347050407333e-2
diag956 value[66] = -2.95446631623232613e-2
diag956 value[67] = -1.30412385987703529e-2
diag956 value[68] = 5.85890320326837039e-3
diag956 value[69] = 2.70675370060925839e-2
diag956 value[70] = 5.04399278766212295e-2
diag956 value[71] = 7.57697290791583405e-2
diag956 value[72] = 1.02782517125668410e-1
diag956 value[73] = 1.31140615965683383e-1
diag956 value[74] = 1.60441812412514317e-1
diag956 value[75] = 1.90217628511805792e-1
diag956 value[76] = 2.19944257471306470e-1
diag956 value[77] = 2.49043170161592109e-1
diag956 value[78] = 2.76888433277493518e-1
diag956 value[79] = 3.02820201340434192e-1
diag956 value[80] = 3.26152063524488556e-1
diag956 value[81] = 3.46183105269059377e-1
diag956 value[82] = 3.62216152851659201e-1
diag956 value[83] = 3.73569490509636004e-1
diag956 value[84] = 3.79592270626225581e-1
diag956 value[85] = 3.79686439601124803e-1
diag956 value[86] = 3.73318343850021606e-1
diag956 value[87] = 3.60037759148638503e-1
diag956 value[88] = 3.39496740954521148e-1
diag956 value[89] = 3.11460623876971765e-1
diag956 value[90] = 2.75824998010473887e-1
diag956 value[91] = 2.32628324553106586e-1
diag956 value[92] = 1.82058222648766171e-1
diag956 value[93] = 1.24462511918802643e-1
diag956 value[94] = 6.03513213142620117e-2
diag956 value[95] = -9.60389444327070657e-3
diag956 value[96] = -8.45695588661073971e-2
diag956 value[97] = -1.63560221126935718e-1
diag956 value[98] = -2.45449061502865634e-1
diag956 value[99] = -3.28978956496734198e-1
diag956 value[100] = -4.12785721328022437e-1
diag956 value[101] = -4.95417173992663606e-1
diag956 value[102] = -5.75356341484808631e-1
diag956 value[103] = -6.51054598630924186e-1
diag956 value[104] = -7.20956372232549381e-1
diag956 value[105] = -7.83532417272723491e-1
diag956 value[106] = -8.37315612519247576e-1
diag956 value[107] = -8.80928631769629100e-1
diag956 value[108] = -9.13119969204155946e-1
diag956 value[109] = -9.32796151862885226e-1
diag956 value[110] = -9.39045824150752440e-1
diag956 value[111] = -9.31172457423650068e-1
diag956 value[112] = -9.08713147678081534e-1
diag956 value[113] = -8.71456890289406094e-1
diag956 value[114] = -8.19462745808184900e-1
diag956 value[115] = -7.53062279800259526e-1
diag956 value[116] = -6.72867040282140394e-1
diag956 value[117] = -5.79764367337324615e-1
diag956 value[118] = -4.74905404293240574e-1
diag956 value[119] = -3.59694639697763885e-1
diag956 value[120] = -2.35765313047849423e-1
diag956 value[121] = -1.04952646099411198e-1
diag956 value[122] = 3.07333310178288729e-2
diag956 value[123] = 1.69150263877744317e-1
diag956 value[124] = 3.08058198774867009e-1
diag956 value[125] = 4.45162847507138248e-1
diag956 value[126] = 5.78164094674412321e-1
diag956 value[127] = 7.04795091442978916e-1
diag956 value[128] = 8.22872915716953313e-1
diag956 value[129] = 9.30341291538654969e-1
diag956 value[130] = 1.02531047532807396e0
diag956 value[131] = 1.10610026923123850e0
diag956 value[132] = 1.17127221572051199e0
diag956 value[133] = 1.21965945774256346e0
diag956 value[134] = 1.25039441578613508e0
diag956 value[135] = 1.26292281918584903e0
diag956 value[136] = 1.25701866640878901e0
diag956 value[137] = 1.23278823827088346e0
diag956 value[138] = 1.19066604111106011e0
diag956 value[139] = 1.13140913465847115e0
diag956 value[140] = 1.05607737137913915e0
diag956 value[141] = 9.66013877212353544e-1
diag956 value[142] = 8.62815924348319552e-1
diag956 value[143] = 7.48300799549096340e-1
diag956 value[144] = 6.24470019930362330e-1
diag956 value[145] = 4.93466530945142368e-1
diag956 value[146] = 3.57531428390870654e-1
diag956 value[147] = 2.18960085307880997e-1
diag956 value[148] = 8.00544081648245920e-2
diag956 value[149] = -5.69204688142329399e-2
diag956 value[150] = -1.89779642939501475e-1
diag956 value[151] = -3.16461222646080287e-1
diag956 value[152] = -4.35060790118186158e-1
diag956 value[153] = -5.43867455402100797e-1
diag956 value[154] = -6.41390965559442416e-1
diag956 value[155] = -7.26384601874907720e-1
diag956 value[156] = -7.97863643898180430e-1
diag956 value[157] = -8.55115905413131205e-1
diag956 value[158] = -8.97707074074219458e-1
diag956 value[159] = -9.25480760178700290e-1
diag956 value[160] = -9.38551461424507405e-1
diag956 value[161] = -9.37292256072393193e-1
diag956 value[162] = -9.22319444864780347e-1
diag956 value[163] = -8.94469014623566094e-1
diag956 value[164] = -8.54773151282791743e-1
diag956 value[165] = -8.04431485582091432e-1
diag956 value[166] = -7.44779715473584347e-1
diag956 value[167] = -6.77258650967878406e-1
diag956 value[168] = -6.03380613497845109e-1
diag956 value[169] = -5.24696031772474925e-1
diag956 value[170] = -4.42762684414898078e-1
diag956 value[171] = -3.59113419019986557e-1
diag956 value[172] = -2.75228189162707748e-1
diag956 value[173] = -1.92508571294182862e-1
diag956 value[174] = -1.12252918618464079e-1
diag956 value[175] = -3.56391261485181285e-2
diag956 value[176] = 3.62935437208603759e-2
diag956 value[177] = 1.02655194986986831e-1
diag956 value[178] = 1.62713903047445263e-1
diag956 value[179] = 2.15900829349856382e-1
diag956 value[180] = 2.61809664544225995e-1
diag956 value[181] = 3.00195159548727053e-1
diag956 value[182] = 3.30966536885948182e-1
diag956 value[183] = 3.54178174804853030e-1
diag956 value[184] = 3.70019767990081738e-1
diag956 value[185] = 3.78801154864567113e-1
diag956 value[186] = 3.80938354524979261e-1
diag956 value[187] = 3.76938017979888573e-1
diag956 value[188] = 3.67378073186191700e-1
diag956 value[189] = 3.52894184433162894e-1
diag956 value[190] = 3.34159290000091647e-1
diag956 value[191] = 3.11868951868140121e-1
diag956 value[192] = 2.86725977818906186e-1
diag956 value[193] = 2.59423709420509851e-1
diag956 value[194] = 2.30635607732888992e-1
diag956 value[195] = 2.01001615715451609e-1
diag956 value[196] = 1.71118556847239395e-1
diag956 value[197] = 1.41533226466048517e-1
diag956 value[198] = 1.12734164031210199e-1
diag956 value[199] = 8.51482983890484435e-2
diag956 value[200] = 5.91385926845466800e-2
diag956 value[201] = 3.50007079468136820e-2
diag956 value[202] = 1.29665024482649004e-2
diag956 value[203] = -6.79700461091947879e-3
diag956 value[204] = -2.41832811277234473e-2
diag956 value[205] = -3.91419101005482731e-2
diag956 value[206] = -5.16754723053270970e-2
diag956 value[207] = -6.18319850322790396e-2
diag956 value[208] = -6.97006001050623214e-2
diag956 value[209] = -7.54046784650570234e-2
diag956 value[210] = -7.90955445566081522e-2
diag956 value[211] = -8.09464465164238256e-2
diag956 value[212] = -8.11465275503632510e-2
diag956 value[213] = -7.98948011483124748e-2
diag956 value[214] = -7.73953039656772729e-2
diag956 value[215] = -7.38519024816199493e-2
diag956 value[216] = -6.94642558415073386e-2
diag956 value[217] = -6.44239831877710944e-2
diag956 value[218] = -5.89118088425114109e-2
diag956 value[219] = -5.30948598222584778e-2
diag956 value[220] = -4.71248474607616277e-2
diag956 value[221] = -4.11372065203286646e-2
diag956 value[222] = -3.52493226179608835e-2
diag956 value[223] = -2.95615888506347291e-2
diag956 value[224] = -2.41564184798548041e-2
diag956 value[225] = -1.90992170731242687e-2
diag956 value[226] = -1.44396695124656242e-2
diag956 value[227] = -1.02118020031170872e-2
diag956 value[228] = -6.43631353214366674e-3
diag956 value[229] = -3.12157679482827745e-3
diag956 value[230] = -2.64790439611306278e-4
diag956 value[231] = 2.14553123334695938e-3
diag956 value[232] = 4.12887982728875075e-3
diag956 value[233] = 5.71093029309284201e-3
diag956 value[234] = 6.92161616419415329e-3
diag956 value[235] = 7.79475726761322783e-3
diag956 value[236] = 8.36587356022470453e-3
diag956 value[237] = 8.67150774333505514e-3
diag956 value[238] = 8.74849520018159375e-3
diag956 value[239] = 8.63249085145711970e-3
diag956 value[240] = 8.35784120108605359e-3
diag956 value[241] = 7.95700135376961083e-3
diag956 value[242] = 7.45954514058157995e-3
diag956 value[243] = 6.89274727795034445e-3
diag956 value[244] = 6.28077396010983616e-3
diag956 value[245] = 5.64450636396488393e-3
diag956 value[246] = 5.00246225060314419e-3
diag956 value[247] = 4.36947576007452529e-3
diag956 value[248] = 3.75803872275966766e-3
diag956 value[249] = 3.17808437651580624e-3
diag956 value[250] = 2.63654027400678269e-3
diag956 value[251] = 2.13896938629179337e-3
diag956 value[252] = 1.68842121705731294e-3
diag956 value[253] = 1.28628528419018665e-3
diag956 value[254] = 9.33158108243602570e-4
diag956 value[255] = 6.27512076900505595e-4
diag956 value[256] = 3.67651433696719577e-4
diag956 value[257] = 1.51035589327723523e-4
diag956 value[258] = -2.60759350150997357e-5
diag956 value[259] = -1.66569397619716812e-4
diag956 value[260] = -2.74710958376213300e-4
diag956 value[261] = -3.54253841657234858e-4
diag956 value[262] = -4.08613497384064381e-4
diag956 value[263] = -4.42107673996343614e-4
diag956 value[264] = -4.57613515253349641e-4
diag956 value[265] = -4.58627501590390179e-4
diag956 value[266] = -4.48271160401023116e-4
diag956 value[267] = -4.28707567421121388e-4
diag956 value[268] = -4.02817156938263684e-4
diag956 value[269] = -3.72315255510654859e-4
diag956 value[270] = -3.38890376362471681e-4
diag956 value[271] = -3.04348107161394850e-4
diag956 value[272] = -2.69397097112043717e-4
diag956 value[273] = -2.35334583528079691e-4
diag956 value[274] = -2.02790567222690152e-4
diag956 value[275] = -1.72116021238851976e-4
diag956 value[276] = -1.44002692809889652e-4
diag956 value[277] = -1.18363982703028738e-4
diag956 value[278] = -9.54611300835683877e-5
diag956 value[279] = -7.53346288354068223e-5
diag956 value[280] = -5.77485013436847573e-5
diag956 value[281] = -4.27878526343541409e-5
diag956 value[282] = -3.01218019366743149e-5
diag956 value[283] = -1.96373922647298283e-5
diag956 value[284] = -1.11218187929461921e-5
diag956 value[285] = -4.30744525469094731e-6
diag956 value[286] = 9.38175619314171552e-7
diag956 value[287] = 4.93518033458205289e-6
diag956 value[288] = 7.74955300799896502e-6
diag956 value[289] = 9.70352627791221368e-6
diag956 value[290] = 1.08539133751231132e-5
diag956 value[291] = 1.13967079580904436e-5
diag956 value[292] = 1.15042990280506225e-5
diag956 value[293] = 1.11799254347246926e-5
diag956 value[294] = 1.06569318962763285e-5
diag956 value[295] = 9.91875522919956427e-6
diag956 value[296] = 9.05259601499618072e-6
diag956 value[297] = 8.17359619080036304e-6
diag956 value[298] = 7.22654844338837122e-6
diag956 value[299] = 6.31534356668233859e-6
diag956 value[300] = 5.47562906425229565e-6
diag956 value[301] = 4.61159625880705025e-6
diag956 value[302] = 3.91869880593770620e-6
diag956 value[303] = 3.21389073330981501e-6
diag956 value[304] = 2.61699314520315970e-6
diag956 value[305] = 2.13065095932344194e-6
diag956 value[306] = 1.62750921617905499e-6
diag956 value[307] = 1.29638511588439207e-6
diag956 value[308] = 9.50644847151410952e-7
diag956 value[309] = 6.80106290590610672e-7
diag956 value[310] = 4.98075731534505526e-7
diag956 value[311] = 2.90337133271864033e-7
diag956 value[312] = 1.73840547599396697e-7
diag956 value[313] = 8.81599472378789822e-8
diag956 value[314] = -3.35819577536772891e-8
diag956 value[315] = -3.44099573104543682e-8
diag956 value[316] = -1.03418874957833010e-7
diag956 value[317] = -1.35391317660917054e-7
diag956 value[318] = -9.72809359376173491e-8
diag956 value[319] = -1.69359683503261122e-7
diag956 value[320] = -1.16044354103249839e-7
diag956 value[321] = -1.15153308979455740e-7
diag956 value[322] = -1.52712160750909527e-7
diag956 value[323] = -6.60939118285992646e-8
diag956 value[324] = -1.17686523692454520e-7
diag956 value[325] = -9.53039289734882507e-8
diag956 value[326] = -2.73895302875717568e-8
diag956 value[327] = -1.21332562299664499e-7
diag956 value[328] = -5.58770416279847275e-9
diag956 value[329] = -5.23664772321021124e-8
diag956 value[330] = -6.96828650475264654e-8
diag956 value[331] = 3.50616141522443479e-8
diag956 value[332] = -8.61211250030297020e-8
diag956 value[333] = 1.54403291600536155e-8
diag956 value[334] = -9.83821683386770724e-10
diag956 value[335] = -6.15061654587861824e-8
diag956 value[336] = 5.52914433216931880e-8
diag956 value[337] = -4.64237299012245028e-8
diag956 value[338] = -8.15511037146331080e-9
diag956 value[339] = 4.97952081701208404e-8
diag956 value[340] = -7.94531667824446040e-8
diag956 value[341] = 6.82099937283581135e-8
diag956 value[342] = -2.74217187119991484e-8
diag956 value[343] = -2.76577648601396963e-8
diag956 value[344] = 7.29206313333335836e-8
diag956 value[345] = -8.58193223530750159e-8
diag956 value[346] = 6.60456519246746069e-8
diag956 value[347] = -1.96331815021799695e-8
diag956 value[348] = -2.63482366169359752e-8
diag956 value[349] = 5.64533390549385122e-8
diag956 value[350] = -5.36938892920473040e-8
diag956 value[351] = 2.64835373337050429e-8
diag956 value[352] = 1.37457926446466446e-8
diag956 value[353] = -4.31381503673062228e-8
diag956 value[354] = 5.08778691587447892e-8
diag956 value[355] = -3.10929027406514070e-8
diag956 value[356] = -4.50108583412083312e-9
diag956 value[357] = 4.14867956549757740e-8
diag956 value[358] = -6.25711882272514011e-8
diag956 value[359] = 6.10425614340962147e-8
diag956 value[360] = -3.79043320501048242e-8
diag956 value[361] = 4.83676839323497485e-9
diag956 value[362] = 2.46648261489005044e-8
diag956 value[363] = -3.95734292534074168e-8
diag956 value[364] = 3.73525518717866939e-8
diag956 value[365] = -2.20882924308781721e-8
diag956 value[366] = 2.91277673850221321e-9
diag956 value[367] = 1.08394937336588846e-8
diag956 value[368] = -1.34084609820965671e-8
diag956 value[369] = 5.04706281480070114e-9
diag956 value[370] = 9.18417184415753804e-9
diag956 value[371] = -2.18166723767743508e-8
diag956 value[372] = 2.63935190998174861e-8
diag956 value[373] = -2.06316439848358915e-8
diag956 value[374] = 7.07256775674331141e-9
diag956 value[375] = 8.76444966086826502e-9
diag956 value[376] = -2.07419962545741080e-8
diag956 value[377] = 2.43602866223446065e-8
diag956 value[378] = -1.91422510092326236e-8
diag956 value[379] = 8.87934228680928948e-9
diag956 value[380] = 7.50717107306645040e-10
diag956 value[381] = -5.16609521513134890e-9
diag956 value[382] = 2.84058301097713532e-9
diag956 value[383] = 3.86663753726228488e-9
diag956 value[384] = -1.00670264818465705e-8
diag956 value[385] = 1.12921987749779436e-8
diag956 value[386] = -5.75175802020048156e-9
diag956 value[387] = -4.89966864436481582e-9
diag956 value[388] = 1.58066796418019802e-8
diag956 value[389] = -2.11031604535658328e-8
diag956 value[390] = 1.75320390636663020e-8
diag956 value[391] = -6.41787537398869017e-9
diag956 value[392] = -7.28327576897178935e-9
diag956 value[393] = 1.73083408449308673e-8
diag956 value[394] = -1.89237622319818249e-8
diag956 value[395] = 1.14953272090495095e-8
diag956 value[396] = 1.15800571947798614e-9
diag956 value[397] = -1.28914577354751541e-8
diag956 value[398] = 1.80616717496919119e-8
diag956 value[399] = -1.41724770206744771e-8
diag956 value[400] = 3.48266737438140985e-9
diag956 loadavg_1min_process_end=51.39
ok

test result: ok. 1 passed; 0 failed; 0 ignored; 0 measured; 0 filtered out; finished in 14.58s

