
running 1 test
test diag956_threading ... diag956 site=transient n=16
diag956 loadavg_1min_process_start=89.03
diag956 rayon_num_threads=8
diag956 interior_edges=28656
diag956 factor_user_s=3.126
diag956 factor_sys_s=1.434
diag956 factor_wall_s=1.338
diag956 run_user_s=16.565
diag956 run_sys_s=19.175
diag956 run_wall_s=22.061
diag956 value[0] = 0.00000000000000000e0
diag956 value[1] = -4.19704812750048610e-5
diag956 value[2] = -8.71692956460394747e-5
diag956 value[3] = -1.24955924304022263e-4
diag956 value[4] = -1.66892509587661484e-4
diag956 value[5] = -1.96386400597538973e-4
diag956 value[6] = -2.24350630287055869e-4
diag956 value[7] = -2.38131812691594590e-4
diag956 value[8] = -2.40318203239137351e-4
diag956 value[9] = -2.25667475581452372e-4
diag956 value[10] = -1.89201462295772416e-4
diag956 value[11] = -1.27681335934515461e-4
diag956 value[12] = -3.41724693479429409e-5
diag956 value[13] = 1.00899460492242575e-4
diag956 value[14] = 2.82071651004132495e-4
diag956 value[15] = 5.22867577722532350e-4
diag956 value[16] = 8.17064390978504071e-4
diag956 value[17] = 1.16534340599840601e-3
diag956 value[18] = 1.55337251532351728e-3
diag956 value[19] = 1.98060984029552970e-3
diag956 value[20] = 2.45401236425331435e-3
diag956 value[21] = 2.97771136604346167e-3
diag956 value[22] = 3.55017478995203100e-3
diag956 value[23] = 4.14994811889273039e-3
diag956 value[24] = 4.76995402062870000e-3
diag956 value[25] = 5.40379875610679915e-3
diag956 value[26] = 6.04469239918186546e-3
diag956 value[27] = 6.66603539657007870e-3
diag956 value[28] = 7.24390297255382565e-3
diag956 value[29] = 7.76248410807326046e-3
diag956 value[30] = 8.19969971330059000e-3
diag956 value[31] = 8.51941741404867864e-3
diag956 value[32] = 8.68715042649854247e-3
diag956 value[33] = 8.67863119290791969e-3
diag956 value[34] = 8.45664293049037778e-3
diag956 value[35] = 7.97938050899095128e-3
diag956 value[36] = 7.21172728620562194e-3
diag956 value[37] = 6.12493818710565900e-3
diag956 value[38] = 4.67777444849014866e-3
diag956 value[39] = 2.83704110511544608e-3
diag956 value[40] = 5.82415857715031784e-4
diag956 value[41] = -2.10977088624177871e-3
diag956 value[42] = -5.25871213414137208e-3
diag956 value[43] = -8.86603543255471555e-3
diag956 value[44] = -1.29250430988126878e-2
diag956 value[45] = -1.74260249874450962e-2
diag956 value[46] = -2.23364616121047820e-2
diag956 value[47] = -2.76092918295109506e-2
diag956 value[48] = -3.31900285238259166e-2
diag956 value[49] = -3.90016703325063510e-2
diag956 value[50] = -4.49460048163062495e-2
diag956 value[51] = -5.09162744063124742e-2
diag956 value[52] = -5.67841973567007469e-2
diag956 value[53] = -6.23996657636282856e-2
diag956 value[54] = -6.76046114814990856e-2
diag956 value[55] = -7.22243993206320989e-2
diag956 value[56] = -7.60674217906990718e-2
diag956 value[57] = -7.89400800478151227e-2
diag956 value[58] = -8.06408796149036822e-2
diag956 value[59] = -8.09624294339276740e-2
diag956 value[60] = -7.97067317387925162e-2
diag956 value[61] = -7.66816904062718740e-2
diag956 value[62] = -7.17053024447934922e-2
diag956 value[63] = -6.46203985068199982e-2
diag956 value[64] = -5.52945731556624062e-2
diag956 value[65] = -4.36228347050407264e-2
diag956 value[66] = -2.95446631623232474e-2
diag956 value[67] = -1.30412385987703043e-2
diag956 value[68] = 5.85890320326841116e-3
diag956 value[69] = 2.70675370060926394e-2
diag956 value[70] = 5.04399278766212295e-2
diag956 value[71] = 7.57697290791583405e-2
diag956 value[72] = 1.02782517125668382e-1
diag956 value[73] = 1.31140615965683383e-1
diag956 value[74] = 1.60441812412514317e-1
diag956 value[75] = 1.90217628511805792e-1
diag956 value[76] = 2.19944257471306526e-1
diag956 value[77] = 2.49043170161592053e-1
diag956 value[78] = 2.76888433277493851e-1
diag956 value[79] = 3.02820201340434247e-1
diag956 value[80] = 3.26152063524488334e-1
diag956 value[81] = 3.46183105269059155e-1
diag956 value[82] = 3.62216152851659423e-1
diag956 value[83] = 3.73569490509636060e-1
diag956 value[84] = 3.79592270626225303e-1
diag956 value[85] = 3.79686439601124692e-1
diag956 value[86] = 3.73318343850021050e-1
diag956 value[87] = 3.60037759148638226e-1
diag956 value[88] = 3.39496740954520759e-1
diag956 value[89] = 3.11460623876971043e-1
diag956 value[90] = 2.75824998010473332e-1
diag956 value[91] = 2.32628324553106003e-1
diag956 value[92] = 1.82058222648765700e-1
diag956 value[93] = 1.24462511918802129e-1
diag956 value[94] = 6.03513213142616925e-2
diag956 value[95] = -9.60389444327103964e-3
diag956 value[96] = -8.45695588661077163e-2
diag956 value[97] = -1.63560221126935995e-1
diag956 value[98] = -2.45449061502865717e-1
diag956 value[99] = -3.28978956496734420e-1
diag956 value[100] = -4.12785721328022548e-1
diag956 value[101] = -4.95417173992663662e-1
diag956 value[102] = -5.75356341484808631e-1
diag956 value[103] = -6.51054598630924075e-1
diag956 value[104] = -7.20956372232549159e-1
diag956 value[105] = -7.83532417272724047e-1
diag956 value[106] = -8.37315612519247354e-1
diag956 value[107] = -8.80928631769629766e-1
diag956 value[108] = -9.13119969204156723e-1
diag956 value[109] = -9.32796151862886114e-1
diag956 value[110] = -9.39045824150752551e-1
diag956 value[111] = -9.31172457423650624e-1
diag956 value[112] = -9.08713147678081645e-1
diag956 value[113] = -8.71456890289406316e-1
diag956 value[114] = -8.19462745808185122e-1
diag956 value[115] = -7.53062279800259415e-1
diag956 value[116] = -6.72867040282139617e-1
diag956 value[117] = -5.79764367337323949e-1
diag956 value[118] = -4.74905404293240185e-1
diag956 value[119] = -3.59694639697763718e-1
diag956 value[120] = -2.35765313047848923e-1
diag956 value[121] = -1.04952646099411115e-1
diag956 value[122] = 3.07333310178291748e-2
diag956 value[123] = 1.69150263877744789e-1
diag956 value[124] = 3.08058198774867509e-1
diag956 value[125] = 4.45162847507138026e-1
diag956 value[126] = 5.78164094674412432e-1
diag956 value[127] = 7.04795091442979471e-1
diag956 value[128] = 8.22872915716953313e-1
diag956 value[129] = 9.30341291538654414e-1
diag956 value[130] = 1.02531047532807329e0
diag956 value[131] = 1.10610026923123939e0
diag956 value[132] = 1.17127221572051265e0
diag956 value[133] = 1.21965945774256346e0
diag956 value[134] = 1.25039441578613530e0
diag956 value[135] = 1.26292281918584948e0
diag956 value[136] = 1.25701866640878812e0
diag956 value[137] = 1.23278823827088457e0
diag956 value[138] = 1.19066604111106078e0
diag956 value[139] = 1.13140913465847115e0
diag956 value[140] = 1.05607737137913915e0
diag956 value[141] = 9.66013877212353989e-1
diag956 value[142] = 8.62815924348320107e-1
diag956 value[143] = 7.48300799549096340e-1
diag956 value[144] = 6.24470019930361775e-1
diag956 value[145] = 4.93466530945142590e-1
diag956 value[146] = 3.57531428390871153e-1
diag956 value[147] = 2.18960085307880775e-1
diag956 value[148] = 8.00544081648243561e-2
diag956 value[149] = -5.69204688142331133e-2
diag956 value[150] = -1.89779642939502141e-1
diag956 value[151] = -3.16461222646080953e-1
diag956 value[152] = -4.35060790118186325e-1
diag956 value[153] = -5.43867455402100797e-1
diag956 value[154] = -6.41390965559441972e-1
diag956 value[155] = -7.26384601874908165e-1
diag956 value[156] = -7.97863643898180097e-1
diag956 value[157] = -8.55115905413130650e-1
diag956 value[158] = -8.97707074074219569e-1
diag956 value[159] = -9.25480760178700290e-1
diag956 value[160] = -9.38551461424506184e-1
diag956 value[161] = -9.37292256072392860e-1
diag956 value[162] = -9.22319444864780791e-1
diag956 value[163] = -8.94469014623565206e-1
diag956 value[164] = -8.54773151282791743e-1
diag956 value[165] = -8.04431485582089878e-1
diag956 value[166] = -7.44779715473583348e-1
diag956 value[167] = -6.77258650967878184e-1
diag956 value[168] = -6.03380613497845553e-1
diag956 value[169] = -5.24696031772474480e-1
diag956 value[170] = -4.42762684414898244e-1
diag956 value[171] = -3.59113419019986169e-1
diag956 value[172] = -2.75228189162708026e-1
diag956 value[173] = -1.92508571294183112e-1
diag956 value[174] = -1.12252918618464190e-1
diag956 value[175] = -3.56391261485182811e-2
diag956 value[176] = 3.62935437208604036e-2
diag956 value[177] = 1.02655194986986567e-1
diag956 value[178] = 1.62713903047445374e-1
diag956 value[179] = 2.15900829349856160e-1
diag956 value[180] = 2.61809664544225995e-1
diag956 value[181] = 3.00195159548726886e-1
diag956 value[182] = 3.30966536885947848e-1
diag956 value[183] = 3.54178174804852919e-1
diag956 value[184] = 3.70019767990081516e-1
diag956 value[185] = 3.78801154864567335e-1
diag956 value[186] = 3.80938354524979261e-1
diag956 value[187] = 3.76938017979888129e-1
diag956 value[188] = 3.67378073186191478e-1
diag956 value[189] = 3.52894184433163116e-1
diag956 value[190] = 3.34159290000091702e-1
diag956 value[191] = 3.11868951868140121e-1
diag956 value[192] = 2.86725977818906075e-1
diag956 value[193] = 2.59423709420510129e-1
diag956 value[194] = 2.30635607732888770e-1
diag956 value[195] = 2.01001615715451859e-1
diag956 value[196] = 1.71118556847239728e-1
diag956 value[197] = 1.41533226466048961e-1
diag956 value[198] = 1.12734164031210254e-1
diag956 value[199] = 8.51482983890484574e-2
diag956 value[200] = 5.91385926845468118e-2
diag956 value[201] = 3.50007079468135640e-2
diag956 value[202] = 1.29665024482650548e-2
diag956 value[203] = -6.79700461091940246e-3
diag956 value[204] = -2.41832811277233467e-2
diag956 value[205] = -3.91419101005482037e-2
diag956 value[206] = -5.16754723053271109e-2
diag956 value[207] = -6.18319850322790049e-2
diag956 value[208] = -6.97006001050621549e-2
diag956 value[209] = -7.54046784650570096e-2
diag956 value[210] = -7.90955445566081938e-2
diag956 value[211] = -8.09464465164238811e-2
diag956 value[212] = -8.11465275503632372e-2
diag956 value[213] = -7.98948011483123222e-2
diag956 value[214] = -7.73953039656773006e-2
diag956 value[215] = -7.38519024816198938e-2
diag956 value[216] = -6.94642558415071859e-2
diag956 value[217] = -6.44239831877711083e-2
diag956 value[218] = -5.89118088425113415e-2
diag956 value[219] = -5.30948598222584778e-2
diag956 value[220] = -4.71248474607616277e-2
diag956 value[221] = -4.11372065203286855e-2
diag956 value[222] = -3.52493226179608488e-2
diag956 value[223] = -2.95615888506347117e-2
diag956 value[224] = -2.41564184798547556e-2
diag956 value[225] = -1.90992170731243173e-2
diag956 value[226] = -1.44396695124656346e-2
diag956 value[227] = -1.02118020031171063e-2
diag956 value[228] = -6.43631353214373439e-3
diag956 value[229] = -3.12157679482826488e-3
diag956 value[230] = -2.64790439611338479e-4
diag956 value[231] = 2.14553123334695200e-3
diag956 value[232] = 4.12887982728874208e-3
diag956 value[233] = 5.71093029309280905e-3
diag956 value[234] = 6.92161616419417324e-3
diag956 value[235] = 7.79475726761324778e-3
diag956 value[236] = 8.36587356022467851e-3
diag956 value[237] = 8.67150774333508984e-3
diag956 value[238] = 8.74849520018155906e-3
diag956 value[239] = 8.63249085145710061e-3
diag956 value[240] = 8.35784120108609176e-3
diag956 value[241] = 7.95700135376955532e-3
diag956 value[242] = 7.45954514058162765e-3
diag956 value[243] = 6.89274727795033404e-3
diag956 value[244] = 6.28077396010983183e-3
diag956 value[245] = 5.64450636396491255e-3
diag956 value[246] = 5.00246225060312077e-3
diag956 value[247] = 4.36947576007454958e-3
diag956 value[248] = 3.75803872275967373e-3
diag956 value[249] = 3.17808437651579106e-3
diag956 value[250] = 2.63654027400679310e-3
diag956 value[251] = 2.13896938629179944e-3
diag956 value[252] = 1.68842121705729559e-3
diag956 value[253] = 1.28628528419022525e-3
diag956 value[254] = 9.33158108243558552e-4
diag956 value[255] = 6.27512076900535519e-4
diag956 value[256] = 3.67651433696723697e-4
diag956 value[257] = 1.51035589327693518e-4
diag956 value[258] = -2.60759350150615379e-5
diag956 value[259] = -1.66569397619744243e-4
diag956 value[260] = -2.74710958376213354e-4
diag956 value[261] = -3.54253841657221468e-4
diag956 value[262] = -4.08613497384072621e-4
diag956 value[263] = -4.42107673996357925e-4
diag956 value[264] = -4.57613515253315055e-4
diag956 value[265] = -4.58627501590425687e-4
diag956 value[266] = -4.48271160401005064e-4
diag956 value[267] = -4.28707567421113907e-4
diag956 value[268] = -4.02817156938288458e-4
diag956 value[269] = -3.72315255510626724e-4
diag956 value[270] = -3.38890376362491793e-4
diag956 value[271] = -3.04348107161384442e-4
diag956 value[272] = -2.69397097112048921e-4
diag956 value[273] = -2.35334583528076113e-4
diag956 value[274] = -2.02790567222693540e-4
diag956 value[275] = -1.72116021238851054e-4
diag956 value[276] = -1.44002692809888947e-4
diag956 value[277] = -1.18363982703030636e-4
diag956 value[278] = -9.54611300835687536e-5
diag956 value[279] = -7.53346288354043829e-5
diag956 value[280] = -5.77485013436867089e-5
diag956 value[281] = -4.27878526343569124e-5
diag956 value[282] = -3.01218019366651669e-5
diag956 value[283] = -1.96373922647443871e-5
diag956 value[284] = -1.11218187929313300e-5
diag956 value[285] = -4.30744525470078560e-6
diag956 value[286] = 9.38175619316345885e-7
diag956 value[287] = 4.93518033458682084e-6
diag956 value[288] = 7.74955300799048114e-6
diag956 value[289] = 9.70352627792156153e-6
diag956 value[290] = 1.08539133751140533e-5
diag956 value[291] = 1.13967079580994594e-5
diag956 value[292] = 1.15042990280415253e-5
diag956 value[293] = 1.11799254347312351e-5
diag956 value[294] = 1.06569318962760557e-5
diag956 value[295] = 9.91875522919111766e-6
diag956 value[296] = 9.05259601501160350e-6
diag956 value[297] = 8.17359619078461162e-6
diag956 value[298] = 7.22654844339604025e-6
diag956 value[299] = 6.31534356668762153e-6
diag956 value[300] = 5.47562906423663994e-6
diag956 value[301] = 4.61159625882486674e-6
diag956 value[302] = 3.91869880592706154e-6
diag956 value[303] = 3.21389073330718412e-6
diag956 value[304] = 2.61699314521882515e-6
diag956 value[305] = 2.13065095930096846e-6
diag956 value[306] = 1.62750921619939246e-6
diag956 value[307] = 1.29638511587342532e-6
diag956 value[308] = 9.50644847150365925e-7
diag956 value[309] = 6.80106290601034365e-7
diag956 value[310] = 4.98075731520461085e-7
diag956 value[311] = 2.90337133284555445e-7
diag956 value[312] = 1.73840547590838964e-7
diag956 value[313] = 8.81599472414448056e-8
diag956 value[314] = -3.35819577530433048e-8
diag956 value[315] = -3.44099573126891720e-8
diag956 value[316] = -1.03418874957436466e-7
diag956 value[317] = -1.35391317657171422e-7
diag956 value[318] = -9.72809359461365947e-8
diag956 value[319] = -1.69359683491523866e-7
diag956 value[320] = -1.16044354114964450e-7
diag956 value[321] = -1.15153308971422599e-7
diag956 value[322] = -1.52712160752147677e-7
diag956 value[323] = -6.60939118362896884e-8
diag956 value[324] = -1.17686523675724031e-7
diag956 value[325] = -9.53039289960505085e-8
diag956 value[326] = -2.73895302644630866e-8
diag956 value[327] = -1.21332562318181539e-7
diag956 value[328] = -5.58770415297406929e-9
diag956 value[329] = -5.23664772316046460e-8
diag956 value[330] = -6.96828650562356847e-8
diag956 value[331] = 3.50616141635327428e-8
diag956 value[332] = -8.61211250108573320e-8
diag956 value[333] = 1.54403291619303229e-8
diag956 value[334] = -9.83821682454237493e-10
diag956 value[335] = -6.15061654556904490e-8
diag956 value[336] = 5.52914433094565530e-8
diag956 value[337] = -4.64237298802997384e-8
diag956 value[338] = -8.15511039559155220e-9
diag956 value[339] = 4.97952081896095531e-8
diag956 value[340] = -7.94531667899572171e-8
diag956 value[341] = 6.82099937200982717e-8
diag956 value[342] = -2.74217186903836518e-8
diag956 value[343] = -2.76577648872716638e-8
diag956 value[344] = 7.29206313568007240e-8
diag956 value[345] = -8.58193223671046608e-8
diag956 value[346] = 6.60456519293838719e-8
diag956 value[347] = -1.96331815018300886e-8
diag956 value[348] = -2.63482366180338953e-8
diag956 value[349] = 5.64533390547310751e-8
diag956 value[350] = -5.36938892900844838e-8
diag956 value[351] = 2.64835373310390199e-8
diag956 value[352] = 1.37457926448429809e-8
diag956 value[353] = -4.31381503609932796e-8
diag956 value[354] = 5.08778691436998561e-8
diag956 value[355] = -3.10929027182091963e-8
diag956 value[356] = -4.50108585933806524e-9
diag956 value[357] = 4.14867956769394905e-8
diag956 value[358] = -6.25711882406468698e-8
diag956 value[359] = 6.10425614354410118e-8
diag956 value[360] = -3.79043320382775378e-8
diag956 value[361] = 4.83676837142324201e-9
diag956 value[362] = 2.46648261727837035e-8
diag956 value[363] = -3.95734292706764267e-8
diag956 value[364] = 3.73525518783692913e-8
diag956 value[365] = -2.20882924292389813e-8
diag956 value[366] = 2.91277673538242791e-9
diag956 value[367] = 1.08394937312243101e-8
diag956 value[368] = -1.34084609707348443e-8
diag956 value[369] = 5.04706279668006492e-9
diag956 value[370] = 9.18417186262785411e-9
diag956 value[371] = -2.18166723875455460e-8
diag956 value[372] = 2.63935190963727950e-8
diag956 value[373] = -2.06316439659837439e-8
diag956 value[374] = 7.07256772811546143e-9
diag956 value[375] = 8.76444968996029153e-9
diag956 value[376] = -2.07419962758078541e-8
diag956 value[377] = 2.43602866307490990e-8
diag956 value[378] = -1.91422510044267440e-8
diag956 value[379] = 8.87934227354645090e-9
diag956 value[380] = 7.50717120881682779e-10
diag956 value[381] = -5.16609522125437058e-9
diag956 value[382] = 2.84058300599961321e-9
diag956 value[383] = 3.86663755053421003e-9
diag956 value[384] = -1.00670264952514905e-8
diag956 value[385] = 1.12921987799306759e-8
diag956 value[386] = -5.75175801256275404e-9
diag956 value[387] = -4.89966866287894352e-9
diag956 value[388] = 1.58066796646421376e-8
diag956 value[389] = -2.11031604719031035e-8
diag956 value[390] = 1.75320390709039338e-8
diag956 value[391] = -6.41787536978037240e-9
diag956 value[392] = -7.28327577954304591e-9
diag956 value[393] = 1.73083408555577526e-8
diag956 value[394] = -1.89237622385395870e-8
diag956 value[395] = 1.14953272108605586e-8
diag956 value[396] = 1.15800572032812681e-9
diag956 value[397] = -1.28914577362535029e-8
diag956 value[398] = 1.80616717486017375e-8
diag956 value[399] = -1.41724770170930315e-8
diag956 value[400] = 3.48266736936336251e-9
diag956 loadavg_1min_process_end=131.71
ok

test result: ok. 1 passed; 0 failed; 0 ignored; 0 measured; 0 filtered out; finished in 23.66s

