
running 1 test
test diag956_threading ... diag956 site=transient n=16
diag956 loadavg_1min_process_start=50.23
diag956 rayon_num_threads=1
diag956 interior_edges=28656
diag956 factor_user_s=2.681
diag956 factor_sys_s=0.058
diag956 factor_wall_s=2.743
diag956 run_user_s=11.867
diag956 run_sys_s=0.084
diag956 run_wall_s=12.196
diag956 value[0] = 0.00000000000000000e0
diag956 value[1] = -4.19704812750048610e-5
diag956 value[2] = -8.71692956460395018e-5
diag956 value[3] = -1.24955924304022263e-4
diag956 value[4] = -1.66892509587661484e-4
diag956 value[5] = -1.96386400597539027e-4
diag956 value[6] = -2.24350630287055869e-4
diag956 value[7] = -2.38131812691594563e-4
diag956 value[8] = -2.40318203239137378e-4
diag956 value[9] = -2.25667475581452318e-4
diag956 value[10] = -1.89201462295772254e-4
diag956 value[11] = -1.27681335934515353e-4
diag956 value[12] = -3.41724693479429002e-5
diag956 value[13] = 1.00899460492242697e-4
diag956 value[14] = 2.82071651004132549e-4
diag956 value[15] = 5.22867577722532567e-4
diag956 value[16] = 8.17064390978504396e-4
diag956 value[17] = 1.16534340599840601e-3
diag956 value[18] = 1.55337251532351728e-3
diag956 value[19] = 1.98060984029553014e-3
diag956 value[20] = 2.45401236425331392e-3
diag956 value[21] = 2.97771136604346254e-3
diag956 value[22] = 3.55017478995203143e-3
diag956 value[23] = 4.14994811889272952e-3
diag956 value[24] = 4.76995402062869913e-3
diag956 value[25] = 5.40379875610680176e-3
diag956 value[26] = 6.04469239918186546e-3
diag956 value[27] = 6.66603539657007436e-3
diag956 value[28] = 7.24390297255382738e-3
diag956 value[29] = 7.76248410807326133e-3
diag956 value[30] = 8.19969971330059347e-3
diag956 value[31] = 8.51941741404867517e-3
diag956 value[32] = 8.68715042649854073e-3
diag956 value[33] = 8.67863119290792663e-3
diag956 value[34] = 8.45664293049038819e-3
diag956 value[35] = 7.97938050899094954e-3
diag956 value[36] = 7.21172728620562541e-3
diag956 value[37] = 6.12493818710566334e-3
diag956 value[38] = 4.67777444849014866e-3
diag956 value[39] = 2.83704110511544955e-3
diag956 value[40] = 5.82415857715034061e-4
diag956 value[41] = -2.10977088624177481e-3
diag956 value[42] = -5.25871213414136340e-3
diag956 value[43] = -8.86603543255471728e-3
diag956 value[44] = -1.29250430988126878e-2
diag956 value[45] = -1.74260249874450927e-2
diag956 value[46] = -2.23364616121047750e-2
diag956 value[47] = -2.76092918295109575e-2
diag956 value[48] = -3.31900285238259027e-2
diag956 value[49] = -3.90016703325063510e-2
diag956 value[50] = -4.49460048163062356e-2
diag956 value[51] = -5.09162744063124603e-2
diag956 value[52] = -5.67841973567007399e-2
diag956 value[53] = -6.23996657636282787e-2
diag956 value[54] = -6.76046114814990717e-2
diag956 value[55] = -7.22243993206320989e-2
diag956 value[56] = -7.60674217906990857e-2
diag956 value[57] = -7.89400800478150949e-2
diag956 value[58] = -8.06408796149036822e-2
diag956 value[59] = -8.09624294339277017e-2
diag956 value[60] = -7.97067317387925162e-2
diag956 value[61] = -7.66816904062718185e-2
diag956 value[62] = -7.17053024447934506e-2
diag956 value[63] = -6.46203985068199427e-2
diag956 value[64] = -5.52945731556623299e-2
diag956 value[65] = -4.36228347050406987e-2
diag956 value[66] = -2.95446631623232266e-2
diag956 value[67] = -1.30412385987702818e-2
diag956 value[68] = 5.85890320326842243e-3
diag956 value[69] = 2.70675370060926290e-2
diag956 value[70] = 5.04399278766212225e-2
diag956 value[71] = 7.57697290791583405e-2
diag956 value[72] = 1.02782517125668452e-1
diag956 value[73] = 1.31140615965683327e-1
diag956 value[74] = 1.60441812412514317e-1
diag956 value[75] = 1.90217628511805903e-1
diag956 value[76] = 2.19944257471306581e-1
diag956 value[77] = 2.49043170161592109e-1
diag956 value[78] = 2.76888433277493740e-1
diag956 value[79] = 3.02820201340434192e-1
diag956 value[80] = 3.26152063524488445e-1
diag956 value[81] = 3.46183105269059210e-1
diag956 value[82] = 3.62216152851659368e-1
diag956 value[83] = 3.73569490509636060e-1
diag956 value[84] = 3.79592270626225525e-1
diag956 value[85] = 3.79686439601124803e-1
diag956 value[86] = 3.73318343850020939e-1
diag956 value[87] = 3.60037759148638281e-1
diag956 value[88] = 3.39496740954520815e-1
diag956 value[89] = 3.11460623876971265e-1
diag956 value[90] = 2.75824998010473443e-1
diag956 value[91] = 2.32628324553106058e-1
diag956 value[92] = 1.82058222648765811e-1
diag956 value[93] = 1.24462511918802435e-1
diag956 value[94] = 6.03513213142619007e-2
diag956 value[95] = -9.60389444327080025e-3
diag956 value[96] = -8.45695588661075220e-2
diag956 value[97] = -1.63560221126935690e-1
diag956 value[98] = -2.45449061502865579e-1
diag956 value[99] = -3.28978956496734087e-1
diag956 value[100] = -4.12785721328022714e-1
diag956 value[101] = -4.95417173992663440e-1
diag956 value[102] = -5.75356341484808409e-1
diag956 value[103] = -6.51054598630923631e-1
diag956 value[104] = -7.20956372232549048e-1
diag956 value[105] = -7.83532417272723714e-1
diag956 value[106] = -8.37315612519247465e-1
diag956 value[107] = -8.80928631769629988e-1
diag956 value[108] = -9.13119969204156279e-1
diag956 value[109] = -9.32796151862885781e-1
diag956 value[110] = -9.39045824150752551e-1
diag956 value[111] = -9.31172457423650735e-1
diag956 value[112] = -9.08713147678081756e-1
diag956 value[113] = -8.71456890289405872e-1
diag956 value[114] = -8.19462745808184900e-1
diag956 value[115] = -7.53062279800259415e-1
diag956 value[116] = -6.72867040282139395e-1
diag956 value[117] = -5.79764367337323949e-1
diag956 value[118] = -4.74905404293240241e-1
diag956 value[119] = -3.59694639697764051e-1
diag956 value[120] = -2.35765313047849090e-1
diag956 value[121] = -1.04952646099411226e-1
diag956 value[122] = 3.07333310178287827e-2
diag956 value[123] = 1.69150263877744261e-1
diag956 value[124] = 3.08058198774867120e-1
diag956 value[125] = 4.45162847507137693e-1
diag956 value[126] = 5.78164094674412543e-1
diag956 value[127] = 7.04795091442979027e-1
diag956 value[128] = 8.22872915716953757e-1
diag956 value[129] = 9.30341291538654525e-1
diag956 value[130] = 1.02531047532807351e0
diag956 value[131] = 1.10610026923123916e0
diag956 value[132] = 1.17127221572051265e0
diag956 value[133] = 1.21965945774256435e0
diag956 value[134] = 1.25039441578613553e0
diag956 value[135] = 1.26292281918584992e0
diag956 value[136] = 1.25701866640878901e0
diag956 value[137] = 1.23278823827088457e0
diag956 value[138] = 1.19066604111106122e0
diag956 value[139] = 1.13140913465847182e0
diag956 value[140] = 1.05607737137914026e0
diag956 value[141] = 9.66013877212354100e-1
diag956 value[142] = 8.62815924348320329e-1
diag956 value[143] = 7.48300799549097229e-1
diag956 value[144] = 6.24470019930362552e-1
diag956 value[145] = 4.93466530945142978e-1
diag956 value[146] = 3.57531428390871597e-1
diag956 value[147] = 2.18960085307881136e-1
diag956 value[148] = 8.00544081648245087e-2
diag956 value[149] = -5.69204688142332590e-2
diag956 value[150] = -1.89779642939502113e-1
diag956 value[151] = -3.16461222646080453e-1
diag956 value[152] = -4.35060790118186713e-1
diag956 value[153] = -5.43867455402100464e-1
diag956 value[154] = -6.41390965559442083e-1
diag956 value[155] = -7.26384601874907831e-1
diag956 value[156] = -7.97863643898180097e-1
diag956 value[157] = -8.55115905413130539e-1
diag956 value[158] = -8.97707074074220235e-1
diag956 value[159] = -9.25480760178700401e-1
diag956 value[160] = -9.38551461424506406e-1
diag956 value[161] = -9.37292256072392971e-1
diag956 value[162] = -9.22319444864780569e-1
diag956 value[163] = -8.94469014623565761e-1
diag956 value[164] = -8.54773151282791521e-1
diag956 value[165] = -8.04431485582090766e-1
diag956 value[166] = -7.44779715473583570e-1
diag956 value[167] = -6.77258650967878628e-1
diag956 value[168] = -6.03380613497845220e-1
diag956 value[169] = -5.24696031772474814e-1
diag956 value[170] = -4.42762684414898355e-1
diag956 value[171] = -3.59113419019985947e-1
diag956 value[172] = -2.75228189162707970e-1
diag956 value[173] = -1.92508571294183167e-1
diag956 value[174] = -1.12252918618464287e-1
diag956 value[175] = -3.56391261485182326e-2
diag956 value[176] = 3.62935437208605841e-2
diag956 value[177] = 1.02655194986986775e-1
diag956 value[178] = 1.62713903047445346e-1
diag956 value[179] = 2.15900829349856271e-1
diag956 value[180] = 2.61809664544226051e-1
diag956 value[181] = 3.00195159548726942e-1
diag956 value[182] = 3.30966536885948237e-1
diag956 value[183] = 3.54178174804852863e-1
diag956 value[184] = 3.70019767990081239e-1
diag956 value[185] = 3.78801154864567446e-1
diag956 value[186] = 3.80938354524979261e-1
diag956 value[187] = 3.76938017979888573e-1
diag956 value[188] = 3.67378073186191700e-1
diag956 value[189] = 3.52894184433163061e-1
diag956 value[190] = 3.34159290000091591e-1
diag956 value[191] = 3.11868951868140065e-1
diag956 value[192] = 2.86725977818906130e-1
diag956 value[193] = 2.59423709420510018e-1
diag956 value[194] = 2.30635607732888770e-1
diag956 value[195] = 2.01001615715451776e-1
diag956 value[196] = 1.71118556847239589e-1
diag956 value[197] = 1.41533226466048767e-1
diag956 value[198] = 1.12734164031210213e-1
diag956 value[199] = 8.51482983890484019e-2
diag956 value[200] = 5.91385926845468396e-2
diag956 value[201] = 3.50007079468135709e-2
diag956 value[202] = 1.29665024482649768e-2
diag956 value[203] = -6.79700461091946317e-3
diag956 value[204] = -2.41832811277234612e-2
diag956 value[205] = -3.91419101005481690e-2
diag956 value[206] = -5.16754723053270484e-2
diag956 value[207] = -6.18319850322790188e-2
diag956 value[208] = -6.97006001050621965e-2
diag956 value[209] = -7.54046784650568985e-2
diag956 value[210] = -7.90955445566082493e-2
diag956 value[211] = -8.09464465164238672e-2
diag956 value[212] = -8.11465275503631261e-2
diag956 value[213] = -7.98948011483124609e-2
diag956 value[214] = -7.73953039656773562e-2
diag956 value[215] = -7.38519024816200048e-2
diag956 value[216] = -6.94642558415073108e-2
diag956 value[217] = -6.44239831877709695e-2
diag956 value[218] = -5.89118088425113276e-2
diag956 value[219] = -5.30948598222584570e-2
diag956 value[220] = -4.71248474607615375e-2
diag956 value[221] = -4.11372065203286993e-2
diag956 value[222] = -3.52493226179608765e-2
diag956 value[223] = -2.95615888506347395e-2
diag956 value[224] = -2.41564184798547313e-2
diag956 value[225] = -1.90992170731242757e-2
diag956 value[226] = -1.44396695124656346e-2
diag956 value[227] = -1.02118020031171149e-2
diag956 value[228] = -6.43631353214371791e-3
diag956 value[229] = -3.12157679482829610e-3
diag956 value[230] = -2.64790439611317500e-4
diag956 value[231] = 2.14553123334693075e-3
diag956 value[232] = 4.12887982728873167e-3
diag956 value[233] = 5.71093029309280992e-3
diag956 value[234] = 6.92161616419417324e-3
diag956 value[235] = 7.79475726761323304e-3
diag956 value[236] = 8.36587356022468025e-3
diag956 value[237] = 8.67150774333510024e-3
diag956 value[238] = 8.74849520018157294e-3
diag956 value[239] = 8.63249085145710582e-3
diag956 value[240] = 8.35784120108604665e-3
diag956 value[241] = 7.95700135376960216e-3
diag956 value[242] = 7.45954514058158862e-3
diag956 value[243] = 6.89274727795033491e-3
diag956 value[244] = 6.28077396010984224e-3
diag956 value[245] = 5.64450636396487959e-3
diag956 value[246] = 5.00246225060312598e-3
diag956 value[247] = 4.36947576007454003e-3
diag956 value[248] = 3.75803872275966505e-3
diag956 value[249] = 3.17808437651578672e-3
diag956 value[250] = 2.63654027400679744e-3
diag956 value[251] = 2.13896938629176128e-3
diag956 value[252] = 1.68842121705733289e-3
diag956 value[253] = 1.28628528419019012e-3
diag956 value[254] = 9.33158108243559636e-4
diag956 value[255] = 6.27512076900556227e-4
diag956 value[256] = 3.67651433696681250e-4
diag956 value[257] = 1.51035589327724634e-4
diag956 value[258] = -2.60759350150681041e-5
diag956 value[259] = -1.66569397619762864e-4
diag956 value[260] = -2.74710958376189935e-4
diag956 value[261] = -3.54253841657228624e-4
diag956 value[262] = -4.08613497384093980e-4
diag956 value[263] = -4.42107673996316672e-4
diag956 value[264] = -4.57613515253356526e-4
diag956 value[265] = -4.58627501590402810e-4
diag956 value[266] = -4.48271160400999318e-4
diag956 value[267] = -4.28707567421142096e-4
diag956 value[268] = -4.02817156938255823e-4
diag956 value[269] = -3.72315255510649059e-4
diag956 value[270] = -3.38890376362487077e-4
diag956 value[271] = -3.04348107161376961e-4
diag956 value[272] = -2.69397097112059330e-4
diag956 value[273] = -2.35334583528070556e-4
diag956 value[274] = -2.02790567222689338e-4
diag956 value[275] = -1.72116021238865609e-4
diag956 value[276] = -1.44002692809869296e-4
diag956 value[277] = -1.18363982703049528e-4
diag956 value[278] = -9.54611300835552553e-5
diag956 value[279] = -7.53346288354103460e-5
diag956 value[280] = -5.77485013436896362e-5
diag956 value[281] = -4.27878526343463482e-5
diag956 value[282] = -3.01218019366806337e-5
diag956 value[283] = -1.96373922647269484e-5
diag956 value[284] = -1.11218187929463039e-5
diag956 value[285] = -4.30744525469146231e-6
diag956 value[286] = 9.38175619312953095e-7
diag956 value[287] = 4.93518033458647779e-6
diag956 value[288] = 7.74955300798991702e-6
diag956 value[289] = 9.70352627792824632e-6
diag956 value[290] = 1.08539133751002179e-5
diag956 value[291] = 1.13967079581150177e-5
diag956 value[292] = 1.15042990280329144e-5
diag956 value[293] = 1.11799254347268881e-5
diag956 value[294] = 1.06569318962939942e-5
diag956 value[295] = 9.91875522916519845e-6
diag956 value[296] = 9.05259601503612680e-6
diag956 value[297] = 8.17359619076904485e-6
diag956 value[298] = 7.22654844340061338e-6
diag956 value[299] = 6.31534356669120618e-6
diag956 value[300] = 5.47562906423036767e-6
diag956 value[301] = 4.61159625882792029e-6
diag956 value[302] = 3.91869880592981694e-6
diag956 value[303] = 3.21389073330083137e-6
diag956 value[304] = 2.61699314522408438e-6
diag956 value[305] = 2.13065095930087401e-6
diag956 value[306] = 1.62750921619186827e-6
diag956 value[307] = 1.29638511588886821e-6
diag956 value[308] = 9.50644847129403660e-7
diag956 value[309] = 6.80106290623559512e-7
diag956 value[310] = 4.98075731501673365e-7
diag956 value[311] = 2.90337133293299313e-7
diag956 value[312] = 1.73840547595884448e-7
diag956 value[313] = 8.81599472240653307e-8
diag956 value[314] = -3.35819577292047603e-8
diag956 value[315] = -3.44099573357149950e-8
diag956 value[316] = -1.03418874941681746e-7
diag956 value[317] = -1.35391317661944373e-7
diag956 value[318] = -9.72809359511465166e-8
diag956 value[319] = -1.69359683481827245e-7
diag956 value[320] = -1.16044354122668718e-7
diag956 value[321] = -1.15153308971078915e-7
diag956 value[322] = -1.52712160744578511e-7
diag956 value[323] = -6.60939118465001015e-8
diag956 value[324] = -1.17686523670424834e-7
diag956 value[325] = -9.53039289914811760e-8
diag956 value[326] = -2.73895302794222411e-8
diag956 value[327] = -1.21332562296530133e-7
diag956 value[328] = -5.58770417442677845e-9
diag956 value[329] = -5.23664772170561669e-8
diag956 value[330] = -6.96828650604220259e-8
diag956 value[331] = 3.50616141576632346e-8
diag956 value[332] = -8.61211249981226681e-8
diag956 value[333] = 1.54403291467488984e-8
diag956 value[334] = -9.83821667901059817e-10
diag956 value[335] = -6.15061654686902342e-8
diag956 value[336] = 5.52914433202443713e-8
diag956 value[337] = -4.64237298874191364e-8
diag956 value[338] = -8.15511039307372029e-9
diag956 value[339] = 4.97952081912148725e-8
diag956 value[340] = -7.94531667944248659e-8
diag956 value[341] = 6.82099937256732308e-8
diag956 value[342] = -2.74217186954909925e-8
diag956 value[343] = -2.76577648827305944e-8
diag956 value[344] = 7.29206313520426356e-8
diag956 value[345] = -8.58193223615237063e-8
diag956 value[346] = 6.60456519225405339e-8
diag956 value[347] = -1.96331814938732530e-8
diag956 value[348] = -2.63482366254524084e-8
diag956 value[349] = 5.64533390591561340e-8
diag956 value[350] = -5.36938892904594414e-8
diag956 value[351] = 2.64835373276521124e-8
diag956 value[352] = 1.37457926514813899e-8
diag956 value[353] = -4.31381503700596159e-8
diag956 value[354] = 5.08778691540476937e-8
diag956 value[355] = -3.10929027285477496e-8
diag956 value[356] = -4.50108585079222741e-9
diag956 value[357] = 4.14867956720189504e-8
diag956 value[358] = -6.25711882399895723e-8
diag956 value[359] = 6.10425614385539241e-8
diag956 value[360] = -3.79043320450486066e-8
diag956 value[361] = 4.83676838145079193e-9
diag956 value[362] = 2.46648261615977831e-8
diag956 value[363] = -3.95734292611162504e-8
diag956 value[364] = 3.73525518722498753e-8
diag956 value[365] = -2.20882924270165191e-8
diag956 value[366] = 2.91277673611700896e-9
diag956 value[367] = 1.08394937291692923e-8
diag956 value[368] = -1.34084609680203436e-8
diag956 value[369] = 5.04706279265462107e-9
diag956 value[370] = 9.18417186846740182e-9
diag956 value[371] = -2.18166723950802912e-8
diag956 value[372] = 2.63935191055106096e-8
diag956 value[373] = -2.06316439760514352e-8
diag956 value[374] = 7.07256773729819524e-9
diag956 value[375] = 8.76444968335884596e-9
diag956 value[376] = -2.07419962727577811e-8
diag956 value[377] = 2.43602866321754132e-8
diag956 value[378] = -1.91422510111093773e-8
diag956 value[379] = 8.87934228559520837e-9
diag956 value[380] = 7.50717104095816830e-10
diag956 value[381] = -5.16609520177218183e-9
diag956 value[382] = 2.84058298804223928e-9
diag956 value[383] = 3.86663756234484289e-9
diag956 value[384] = -1.00670264986047649e-8
diag956 value[385] = 1.12921987753033416e-8
diag956 value[386] = -5.75175800258335514e-9
diag956 value[387] = -4.89966867418402674e-9
diag956 value[388] = 1.58066796739484092e-8
diag956 value[389] = -2.11031604785410823e-8
diag956 value[390] = 1.75320390767431507e-8
diag956 value[391] = -6.41787537758235069e-9
diag956 value[392] = -7.28327576742727771e-9
diag956 value[393] = 1.73083408390377977e-8
diag956 value[394] = -1.89237622209785096e-8
diag956 value[395] = 1.14953271976159875e-8
diag956 value[396] = 1.15800572448966895e-9
diag956 value[397] = -1.28914577285259154e-8
diag956 value[398] = 1.80616717293872252e-8
diag956 value[399] = -1.41724769905647057e-8
diag956 value[400] = 3.48266734179994757e-9
diag956 loadavg_1min_process_end=48.87
ok

test result: ok. 1 passed; 0 failed; 0 ignored; 0 measured; 0 filtered out; finished in 15.20s

